Archive member included to satisfy reference by file (symbol)

c:/progra~2/gnuarm~1/102020~1/bin/../lib/gcc/arm-none-eabi/10.2.1/../../../../arm-none-eabi/lib/thumb/v7e-m+fp/hard\libc_nano.a(lib_a-errno.o)
                              CMakeFiles/flexio_spi_edma_lpspi_transfer_master.elf.dir/C_/git/imx7ulp-exploration/SDK_2_10_0_EVK-MCIMX7ULP/devices/MCIMX7U5/utilities/fsl_sbrk.c.obj (__errno)
c:/progra~2/gnuarm~1/102020~1/bin/../lib/gcc/arm-none-eabi/10.2.1/../../../../arm-none-eabi/lib/thumb/v7e-m+fp/hard\libc_nano.a(lib_a-exit.o)
                              c:/progra~2/gnuarm~1/102020~1/bin/../lib/gcc/arm-none-eabi/10.2.1/../../../../arm-none-eabi/lib/thumb/v7e-m+fp/hard/crt0.o (exit)
c:/progra~2/gnuarm~1/102020~1/bin/../lib/gcc/arm-none-eabi/10.2.1/../../../../arm-none-eabi/lib/thumb/v7e-m+fp/hard\libc_nano.a(lib_a-impure.o)
                              c:/progra~2/gnuarm~1/102020~1/bin/../lib/gcc/arm-none-eabi/10.2.1/../../../../arm-none-eabi/lib/thumb/v7e-m+fp/hard\libc_nano.a(lib_a-exit.o) (_global_impure_ptr)
c:/progra~2/gnuarm~1/102020~1/bin/../lib/gcc/arm-none-eabi/10.2.1/../../../../arm-none-eabi/lib/thumb/v7e-m+fp/hard\libc_nano.a(lib_a-init.o)
                              c:/progra~2/gnuarm~1/102020~1/bin/../lib/gcc/arm-none-eabi/10.2.1/../../../../arm-none-eabi/lib/thumb/v7e-m+fp/hard/crt0.o (__libc_init_array)
c:/progra~2/gnuarm~1/102020~1/bin/../lib/gcc/arm-none-eabi/10.2.1/../../../../arm-none-eabi/lib/thumb/v7e-m+fp/hard\libc_nano.a(lib_a-malloc.o)
                              CMakeFiles/flexio_spi_edma_lpspi_transfer_master.elf.dir/C_/git/imx7ulp-exploration/SDK_2_10_0_EVK-MCIMX7ULP/devices/MCIMX7U5/drivers/fsl_common.c.obj (malloc)
c:/progra~2/gnuarm~1/102020~1/bin/../lib/gcc/arm-none-eabi/10.2.1/../../../../arm-none-eabi/lib/thumb/v7e-m+fp/hard\libc_nano.a(lib_a-memset.o)
                              c:/progra~2/gnuarm~1/102020~1/bin/../lib/gcc/arm-none-eabi/10.2.1/../../../../arm-none-eabi/lib/thumb/v7e-m+fp/hard/crt0.o (memset)
c:/progra~2/gnuarm~1/102020~1/bin/../lib/gcc/arm-none-eabi/10.2.1/../../../../arm-none-eabi/lib/thumb/v7e-m+fp/hard\libc_nano.a(lib_a-nano-freer.o)
                              c:/progra~2/gnuarm~1/102020~1/bin/../lib/gcc/arm-none-eabi/10.2.1/../../../../arm-none-eabi/lib/thumb/v7e-m+fp/hard\libc_nano.a(lib_a-malloc.o) (_free_r)
c:/progra~2/gnuarm~1/102020~1/bin/../lib/gcc/arm-none-eabi/10.2.1/../../../../arm-none-eabi/lib/thumb/v7e-m+fp/hard\libc_nano.a(lib_a-nano-mallocr.o)
                              c:/progra~2/gnuarm~1/102020~1/bin/../lib/gcc/arm-none-eabi/10.2.1/../../../../arm-none-eabi/lib/thumb/v7e-m+fp/hard\libc_nano.a(lib_a-malloc.o) (_malloc_r)
c:/progra~2/gnuarm~1/102020~1/bin/../lib/gcc/arm-none-eabi/10.2.1/../../../../arm-none-eabi/lib/thumb/v7e-m+fp/hard\libc_nano.a(lib_a-sbrkr.o)
                              c:/progra~2/gnuarm~1/102020~1/bin/../lib/gcc/arm-none-eabi/10.2.1/../../../../arm-none-eabi/lib/thumb/v7e-m+fp/hard\libc_nano.a(lib_a-nano-mallocr.o) (_sbrk_r)
c:/progra~2/gnuarm~1/102020~1/bin/../lib/gcc/arm-none-eabi/10.2.1/../../../../arm-none-eabi/lib/thumb/v7e-m+fp/hard\libc_nano.a(lib_a-strlen.o)
                              CMakeFiles/flexio_spi_edma_lpspi_transfer_master.elf.dir/C_/git/imx7ulp-exploration/SDK_2_10_0_EVK-MCIMX7ULP/devices/MCIMX7U5/utilities/debug_console_lite/fsl_debug_console.c.obj (strlen)
c:/progra~2/gnuarm~1/102020~1/bin/../lib/gcc/arm-none-eabi/10.2.1/../../../../arm-none-eabi/lib/thumb/v7e-m+fp/hard\libc_nano.a(lib_a-mlock.o)
                              c:/progra~2/gnuarm~1/102020~1/bin/../lib/gcc/arm-none-eabi/10.2.1/../../../../arm-none-eabi/lib/thumb/v7e-m+fp/hard\libc_nano.a(lib_a-nano-freer.o) (__malloc_lock)
c:/progra~2/gnuarm~1/102020~1/bin/../lib/gcc/arm-none-eabi/10.2.1/../../../../arm-none-eabi/lib/thumb/v7e-m+fp/hard\libc_nano.a(lib_a-reent.o)
                              c:/progra~2/gnuarm~1/102020~1/bin/../lib/gcc/arm-none-eabi/10.2.1/../../../../arm-none-eabi/lib/thumb/v7e-m+fp/hard\libc_nano.a(lib_a-sbrkr.o) (errno)
c:/progra~2/gnuarm~1/102020~1/bin/../lib/gcc/arm-none-eabi/10.2.1/../../../../arm-none-eabi/lib/thumb/v7e-m+fp/hard\libc_nano.a(lib_a-lock.o)
                              c:/progra~2/gnuarm~1/102020~1/bin/../lib/gcc/arm-none-eabi/10.2.1/../../../../arm-none-eabi/lib/thumb/v7e-m+fp/hard\libc_nano.a(lib_a-mlock.o) (__retarget_lock_acquire_recursive)
c:/progra~2/gnuarm~1/102020~1/bin/../lib/gcc/arm-none-eabi/10.2.1/thumb/v7e-m+fp/hard\libgcc.a(_aeabi_uldivmod.o)
                              CMakeFiles/flexio_spi_edma_lpspi_transfer_master.elf.dir/C_/git/imx7ulp-exploration/SDK_2_10_0_EVK-MCIMX7ULP/devices/MCIMX7U5/drivers/fsl_common_arm.c.obj (__aeabi_uldivmod)
c:/progra~2/gnuarm~1/102020~1/bin/../lib/gcc/arm-none-eabi/10.2.1/thumb/v7e-m+fp/hard\libgcc.a(_udivmoddi4.o)
                              c:/progra~2/gnuarm~1/102020~1/bin/../lib/gcc/arm-none-eabi/10.2.1/thumb/v7e-m+fp/hard\libgcc.a(_aeabi_uldivmod.o) (__udivmoddi4)
[...]
Memory Configuration

Name             Origin             Length             Attributes
m_interrupts     0x1ffd2000         0x00000240         xr
m_text           0x1ffd2240         0x00025dc0         xr
m_data           0x20000000         0x00010000         rw
m_m4_suspend_ram 0x1fff8000         0x00004000         rw
m_a7_suspend_ram 0x1fffc000         0x00004000         rw
*default*        0x00000000         0xffffffff

Linker script and memory map

LOAD c:/progra~2/gnuarm~1/102020~1/bin/../lib/gcc/arm-none-eabi/10.2.1/thumb/v7e-m+fp/hard/crti.o
LOAD c:/progra~2/gnuarm~1/102020~1/bin/../lib/gcc/arm-none-eabi/10.2.1/thumb/v7e-m+fp/hard/crtbegin.o
LOAD c:/progra~2/gnuarm~1/102020~1/bin/../lib/gcc/arm-none-eabi/10.2.1/../../../../arm-none-eabi/lib/thumb/v7e-m+fp/hard/crt0.o
LOAD CMakeFiles/flexio_spi_edma_lpspi_transfer_master.elf.dir/C_/git/imx7ulp-exploration/src/flexio_spi_edma_lpspi_transfer_master.c.obj
LOAD CMakeFiles/flexio_spi_edma_lpspi_transfer_master.elf.dir/C_/git/imx7ulp-exploration/src/pin_mux.c.obj
LOAD CMakeFiles/flexio_spi_edma_lpspi_transfer_master.elf.dir/C_/git/imx7ulp-exploration/src/board.c.obj
LOAD CMakeFiles/flexio_spi_edma_lpspi_transfer_master.elf.dir/C_/git/imx7ulp-exploration/src/clock_config.c.obj
LOAD CMakeFiles/flexio_spi_edma_lpspi_transfer_master.elf.dir/C_/git/imx7ulp-exploration/src/empty_rsc_table.c.obj
LOAD CMakeFiles/flexio_spi_edma_lpspi_transfer_master.elf.dir/C_/git/imx7ulp-exploration/SDK_2_10_0_EVK-MCIMX7ULP/devices/MCIMX7U5/utilities/debug_console_lite/fsl_debug_console.c.obj
LOAD CMakeFiles/flexio_spi_edma_lpspi_transfer_master.elf.dir/C_/git/imx7ulp-exploration/SDK_2_10_0_EVK-MCIMX7ULP/components/uart/fsl_adapter_lpuart.c.obj
LOAD CMakeFiles/flexio_spi_edma_lpspi_transfer_master.elf.dir/C_/git/imx7ulp-exploration/SDK_2_10_0_EVK-MCIMX7ULP/devices/MCIMX7U5/drivers/fsl_common.c.obj
LOAD CMakeFiles/flexio_spi_edma_lpspi_transfer_master.elf.dir/C_/git/imx7ulp-exploration/SDK_2_10_0_EVK-MCIMX7ULP/devices/MCIMX7U5/drivers/fsl_common_arm.c.obj
LOAD CMakeFiles/flexio_spi_edma_lpspi_transfer_master.elf.dir/C_/git/imx7ulp-exploration/SDK_2_10_0_EVK-MCIMX7ULP/devices/MCIMX7U5/drivers/fsl_clock.c.obj
LOAD CMakeFiles/flexio_spi_edma_lpspi_transfer_master.elf.dir/C_/git/imx7ulp-exploration/SDK_2_10_0_EVK-MCIMX7ULP/devices/MCIMX7U5/system_MCIMX7U5_cm4.c.obj
LOAD CMakeFiles/flexio_spi_edma_lpspi_transfer_master.elf.dir/C_/git/imx7ulp-exploration/SDK_2_10_0_EVK-MCIMX7ULP/devices/MCIMX7U5/drivers/fsl_lpuart.c.obj
LOAD CMakeFiles/flexio_spi_edma_lpspi_transfer_master.elf.dir/C_/git/imx7ulp-exploration/SDK_2_10_0_EVK-MCIMX7ULP/devices/MCIMX7U5/utilities/debug_console_lite/fsl_assert.c.obj
LOAD CMakeFiles/flexio_spi_edma_lpspi_transfer_master.elf.dir/C_/git/imx7ulp-exploration/SDK_2_10_0_EVK-MCIMX7ULP/devices/MCIMX7U5/drivers/fsl_dmamux.c.obj
LOAD CMakeFiles/flexio_spi_edma_lpspi_transfer_master.elf.dir/C_/git/imx7ulp-exploration/SDK_2_10_0_EVK-MCIMX7ULP/devices/MCIMX7U5/drivers/fsl_edma.c.obj
LOAD CMakeFiles/flexio_spi_edma_lpspi_transfer_master.elf.dir/C_/git/imx7ulp-exploration/SDK_2_10_0_EVK-MCIMX7ULP/devices/MCIMX7U5/drivers/fsl_flexio.c.obj
LOAD CMakeFiles/flexio_spi_edma_lpspi_transfer_master.elf.dir/C_/git/imx7ulp-exploration/SDK_2_10_0_EVK-MCIMX7ULP/devices/MCIMX7U5/drivers/fsl_flexio_spi.c.obj
LOAD CMakeFiles/flexio_spi_edma_lpspi_transfer_master.elf.dir/C_/git/imx7ulp-exploration/SDK_2_10_0_EVK-MCIMX7ULP/devices/MCIMX7U5/drivers/fsl_flexio_spi_edma.c.obj
LOAD CMakeFiles/flexio_spi_edma_lpspi_transfer_master.elf.dir/C_/git/imx7ulp-exploration/SDK_2_10_0_EVK-MCIMX7ULP/devices/MCIMX7U5/drivers/fsl_lpspi.c.obj
LOAD CMakeFiles/flexio_spi_edma_lpspi_transfer_master.elf.dir/C_/git/imx7ulp-exploration/SDK_2_10_0_EVK-MCIMX7ULP/components/lists/fsl_component_generic_list.c.obj
LOAD CMakeFiles/flexio_spi_edma_lpspi_transfer_master.elf.dir/C_/git/imx7ulp-exploration/SDK_2_10_0_EVK-MCIMX7ULP/devices/MCIMX7U5/gcc/startup_MCIMX7U5_cm4.S.obj
LOAD CMakeFiles/flexio_spi_edma_lpspi_transfer_master.elf.dir/C_/git/imx7ulp-exploration/SDK_2_10_0_EVK-MCIMX7ULP/devices/MCIMX7U5/drivers/fsl_gpio.c.obj
LOAD CMakeFiles/flexio_spi_edma_lpspi_transfer_master.elf.dir/C_/git/imx7ulp-exploration/SDK_2_10_0_EVK-MCIMX7ULP/devices/MCIMX7U5/drivers/fsl_msmc.c.obj
LOAD CMakeFiles/flexio_spi_edma_lpspi_transfer_master.elf.dir/C_/git/imx7ulp-exploration/SDK_2_10_0_EVK-MCIMX7ULP/devices/MCIMX7U5/utilities/fsl_sbrk.c.obj
START GROUP
LOAD c:/progra~2/gnuarm~1/102020~1/bin/../lib/gcc/arm-none-eabi/10.2.1/../../../../arm-none-eabi/lib/thumb/v7e-m+fp/hard\libm.a
LOAD c:/progra~2/gnuarm~1/102020~1/bin/../lib/gcc/arm-none-eabi/10.2.1/../../../../arm-none-eabi/lib/thumb/v7e-m+fp/hard\libc_nano.a
LOAD c:/progra~2/gnuarm~1/102020~1/bin/../lib/gcc/arm-none-eabi/10.2.1/thumb/v7e-m+fp/hard\libgcc.a
LOAD c:/progra~2/gnuarm~1/102020~1/bin/../lib/gcc/arm-none-eabi/10.2.1/../../../../arm-none-eabi/lib/thumb/v7e-m+fp/hard\libnosys.a
END GROUP
START GROUP
LOAD c:/progra~2/gnuarm~1/102020~1/bin/../lib/gcc/arm-none-eabi/10.2.1/thumb/v7e-m+fp/hard\libgcc.a
LOAD c:/progra~2/gnuarm~1/102020~1/bin/../lib/gcc/arm-none-eabi/10.2.1/../../../../arm-none-eabi/lib/thumb/v7e-m+fp/hard\libg_nano.a
LOAD c:/progra~2/gnuarm~1/102020~1/bin/../lib/gcc/arm-none-eabi/10.2.1/../../../../arm-none-eabi/lib/thumb/v7e-m+fp/hard\libc_nano.a
END GROUP
START GROUP
LOAD c:/progra~2/gnuarm~1/102020~1/bin/../lib/gcc/arm-none-eabi/10.2.1/thumb/v7e-m+fp/hard\libgcc.a
LOAD c:/progra~2/gnuarm~1/102020~1/bin/../lib/gcc/arm-none-eabi/10.2.1/../../../../arm-none-eabi/lib/thumb/v7e-m+fp/hard\libc_nano.a
LOAD c:/progra~2/gnuarm~1/102020~1/bin/../lib/gcc/arm-none-eabi/10.2.1/../../../../arm-none-eabi/lib/thumb/v7e-m+fp/hard\libnosys.a
END GROUP
START GROUP
LOAD c:/progra~2/gnuarm~1/102020~1/bin/../lib/gcc/arm-none-eabi/10.2.1/thumb/v7e-m+fp/hard\libgcc.a
LOAD c:/progra~2/gnuarm~1/102020~1/bin/../lib/gcc/arm-none-eabi/10.2.1/../../../../arm-none-eabi/lib/thumb/v7e-m+fp/hard\libc_nano.a
LOAD c:/progra~2/gnuarm~1/102020~1/bin/../lib/gcc/arm-none-eabi/10.2.1/../../../../arm-none-eabi/lib/thumb/v7e-m+fp/hard\libnosys.a
END GROUP
LOAD c:/progra~2/gnuarm~1/102020~1/bin/../lib/gcc/arm-none-eabi/10.2.1/thumb/v7e-m+fp/hard/crtend.o
LOAD c:/progra~2/gnuarm~1/102020~1/bin/../lib/gcc/arm-none-eabi/10.2.1/thumb/v7e-m+fp/hard/crtn.o
                0x00000400                HEAP_SIZE = DEFINED (__heap_size__)?__heap_size__:0x400
                0x00000400                STACK_SIZE = DEFINED (__stack_size__)?__stack_size__:0x400
                0x00000000                M_VECTOR_RAM_SIZE = DEFINED (__ram_vector_table__)?0x240:0x0

.interrupts     0x1ffd2000      0x240
                0x1ffd2000                __VECTOR_TABLE = .
                0x1ffd2000                __Vectors = .
                0x1ffd2000                . = ALIGN (0x4)
 *(.isr_vector)
 .isr_vector    0x1ffd2000      0x240 CMakeFiles/flexio_spi_edma_lpspi_transfer_master.elf.dir/C_/git/imx7ulp-exploration/SDK_2_10_0_EVK-MCIMX7ULP/devices/MCIMX7U5/gcc/startup_MCIMX7U5_cm4.S.obj
                0x1ffd2000                __isr_vector
                0x1ffd2240                . = ALIGN (0x4)

.resource_table
                0x1ffd2240       0x10
                0x1ffd2240                . = ALIGN (0x8)
 *(.resource_table)
 .resource_table
                0x1ffd2240       0x10 CMakeFiles/flexio_spi_edma_lpspi_transfer_master.elf.dir/C_/git/imx7ulp-exploration/src/empty_rsc_table.c.obj
                0x1ffd2240                resource_table
                0x1ffd2250                . = ALIGN (0x8)

.text           0x1ffd2250     0x8978
                0x1ffd2250                . = ALIGN (0x4)
 *(.text)
 .text          0x1ffd2250       0x40 c:/progra~2/gnuarm~1/102020~1/bin/../lib/gcc/arm-none-eabi/10.2.1/thumb/v7e-m+fp/hard/crtbegin.o
 .text          0x1ffd2290       0x7c c:/progra~2/gnuarm~1/102020~1/bin/../lib/gcc/arm-none-eabi/10.2.1/../../../../arm-none-eabi/lib/thumb/v7e-m+fp/hard/crt0.o
                0x1ffd2290                _stack_init
                0x1ffd2298                _start
                0x1ffd2298                _mainCRTStartup
 .text          0x1ffd230c      0x184 CMakeFiles/flexio_spi_edma_lpspi_transfer_master.elf.dir/C_/git/imx7ulp-exploration/SDK_2_10_0_EVK-MCIMX7ULP/devices/MCIMX7U5/gcc/startup_MCIMX7U5_cm4.S.obj
                0x1ffd230c                Reset_Handler
                0x1ffd236c                Reserved134_IRQHandler
                0x1ffd236c                DMA0_Error_DriverIRQHandler
                0x1ffd236c                Reserved111_IRQHandler
                0x1ffd236c                DebugMon_Handler
                0x1ffd236c                Reserved88_IRQHandler
                0x1ffd236c                USBPHY_IRQHandler
                0x1ffd236c                Reserved122_IRQHandler
                0x1ffd236c                CMP0_IRQHandler
                0x1ffd236c                Reserved103_IRQHandler
                0x1ffd236c                Reserved120_IRQHandler
                0x1ffd236c                Reserved114_IRQHandler
                0x1ffd236c                LPTMR1_IRQHandler
                0x1ffd236c                LPI2C2_DriverIRQHandler
                0x1ffd236c                LPI2C0_DriverIRQHandler
                0x1ffd236c                Reserved93_IRQHandler
                0x1ffd236c                I2S0_DriverIRQHandler
                0x1ffd236c                Reserved89_IRQHandler
                0x1ffd236c                Reserved87_IRQHandler
                0x1ffd236c                Reserved137_IRQHandler
                0x1ffd236c                Reserved99_IRQHandler
                0x1ffd236c                TPM0_IRQHandler
                0x1ffd236c                LPIT0_IRQHandler
                0x1ffd236c                BusFault_Handler
                0x1ffd236c                LPTMR0_IRQHandler
                0x1ffd236c                Reserved119_IRQHandler
                0x1ffd236c                USB1_IRQHandler
                0x1ffd236c                LPI2C3_DriverIRQHandler
                0x1ffd236c                CMC1_IRQHandler
                0x1ffd236c                SNVS_IRQHandler
                0x1ffd236c                Reserved116_IRQHandler
                0x1ffd236c                WDOG0_IRQHandler
                0x1ffd236c                Reserved124_IRQHandler
                0x1ffd236c                PCTLB_IRQHandler
                0x1ffd236c                GPU2D_IRQHandler
                0x1ffd236c                ADC0_IRQHandler
                0x1ffd236c                PCTLA_IRQHandler
                0x1ffd236c                Reserved39_IRQHandler
                0x1ffd236c                DPM_IRQHandler
                0x1ffd236c                UsageFault_Handler
                0x1ffd236c                WDOG1_IRQHandler
                0x1ffd236c                Software2_IRQHandler
                0x1ffd236c                DAC1_IRQHandler
                0x1ffd236c                MU_A_IRQHandler
                0x1ffd236c                MCM0_IRQHandler
                0x1ffd236c                DefaultISR
                0x1ffd236c                Reserved106_IRQHandler
                0x1ffd236c                Reserved129_IRQHandler
                0x1ffd236c                CMP1_IRQHandler
                0x1ffd236c                Reserved132_IRQHandler
                0x1ffd236c                PMC0_IRQHandler
                0x1ffd236c                LLWU0_IRQHandler
                0x1ffd236c                ADC1_IRQHandler
                0x1ffd236c                Reserved141_IRQHandler
                0x1ffd236c                TPM2_IRQHandler
                0x1ffd236c                Reserved128_IRQHandler
                0x1ffd236c                Reserved96_IRQHandler
                0x1ffd236c                CMC0_IRQHandler
                0x1ffd236c                QSPI_DriverIRQHandler
                0x1ffd236c                EWM_IRQHandler
                0x1ffd236c                Reserved95_IRQHandler
                0x1ffd236c                TPM3_IRQHandler
                0x1ffd236c                WDOG2_IRQHandler
                0x1ffd236c                Reserved121_IRQHandler
                0x1ffd236c                TPM1_IRQHandler
                0x1ffd236c                Reserved126_IRQHandler
                0x1ffd236c                Reserved140_IRQHandler
                0x1ffd236c                Reserved130_IRQHandler
                0x1ffd236c                Reserved108_IRQHandler
                0x1ffd236c                TRNG0_IRQHandler
                0x1ffd236c                I2S1_DriverIRQHandler
                0x1ffd236c                Reserved117_IRQHandler
                0x1ffd236c                Reserved110_IRQHandler
                0x1ffd236c                Reserved113_IRQHandler
                0x1ffd236c                Reserved107_IRQHandler
                0x1ffd236c                Reserved125_IRQHandler
                0x1ffd236c                Reserved98_IRQHandler
                0x1ffd236c                Reserved112_IRQHandler
                0x1ffd236c                SIM_IRQHandler
                0x1ffd236c                Reserved139_IRQHandler
                0x1ffd236c                Reserved102_IRQHandler
                0x1ffd236c                CTI0_IRQHandler
                0x1ffd236c                Reserved105_IRQHandler
                0x1ffd236c                XRDC_IRQHandler
                0x1ffd236c                Reserved104_IRQHandler
                0x1ffd236c                Reserved138_IRQHandler
                0x1ffd236c                Software1_IRQHandler
                0x1ffd236c                Reserved136_IRQHandler
                0x1ffd236c                Reserved101_IRQHandler
                0x1ffd236c                USB0_IRQHandler
                0x1ffd236c                Reserved135_IRQHandler
                0x1ffd236c                Reserved94_IRQHandler
                0x1ffd236c                MemManage_Handler
                0x1ffd236c                Reserved90_IRQHandler
                0x1ffd236c                Reserved83_IRQHandler
                0x1ffd236c                Reserved133_IRQHandler
                0x1ffd236c                Reserved115_IRQHandler
                0x1ffd236c                SCG0_IRQHandler
                0x1ffd236c                GPU3D_IRQHandler
                0x1ffd236c                Reserved143_IRQHandler
                0x1ffd236c                Reserved109_IRQHandler
                0x1ffd236c                LTC_IRQHandler
                0x1ffd236c                LPI2C1_DriverIRQHandler
                0x1ffd236c                Reserved123_IRQHandler
                0x1ffd236c                Reserved142_IRQHandler
                0x1ffd236c                Reserved100_IRQHandler
                0x1ffd236c                Reserved97_IRQHandler
                0x1ffd236c                Reserved131_IRQHandler
                0x1ffd236c                Reserved127_IRQHandler
                0x1ffd236c                DAC0_IRQHandler
                0x1ffd236c                Reserved118_IRQHandler
                0x1ffd2370                NMI_Handler
                0x1ffd2374                HardFault_Handler
                0x1ffd2378                SVC_Handler
                0x1ffd237c                PendSV_Handler
                0x1ffd2380                SysTick_Handler
                0x1ffd2384                DMA0_0_4_IRQHandler
                0x1ffd2388                DMA0_1_5_IRQHandler
                0x1ffd238c                DMA0_2_6_IRQHandler
                0x1ffd2390                DMA0_3_7_IRQHandler
                0x1ffd2394                DMA0_8_12_IRQHandler
                0x1ffd2398                DMA0_9_13_IRQHandler
                0x1ffd239c                DMA0_10_14_IRQHandler
                0x1ffd23a0                DMA0_11_15_IRQHandler
                0x1ffd23a4                DMA0_16_20_IRQHandler
                0x1ffd23a8                DMA0_17_21_IRQHandler
                0x1ffd23ac                DMA0_18_22_IRQHandler
                0x1ffd23b0                DMA0_19_23_IRQHandler
                0x1ffd23b4                DMA0_24_28_IRQHandler
                0x1ffd23b8                DMA0_25_29_IRQHandler
                0x1ffd23bc                DMA0_26_30_IRQHandler
                0x1ffd23c0                DMA0_27_31_IRQHandler
                0x1ffd23c4                DMA0_Error_IRQHandler
                0x1ffd23c8                QSPI_IRQHandler
                0x1ffd23cc                FLEXIO0_IRQHandler
                0x1ffd23d0                LPI2C0_IRQHandler
                0x1ffd23d4                LPI2C1_IRQHandler
                0x1ffd23d8                LPI2C2_IRQHandler
                0x1ffd23dc                LPI2C3_IRQHandler
                0x1ffd23e0                I2S0_IRQHandler
                0x1ffd23e4                I2S1_IRQHandler
                0x1ffd23e8                LPSPI0_IRQHandler
                0x1ffd23ec                LPSPI1_IRQHandler
                0x1ffd23f0                LPUART0_IRQHandler
                0x1ffd23f4                LPUART1_IRQHandler
                0x1ffd23f8                LPUART2_IRQHandler
                0x1ffd23fc                LPUART3_IRQHandler
 .text          0x1ffd2490       0x10 c:/progra~2/gnuarm~1/102020~1/bin/../lib/gcc/arm-none-eabi/10.2.1/../../../../arm-none-eabi/lib/thumb/v7e-m+fp/hard\libc_nano.a(lib_a-strlen.o)
                0x1ffd2490                strlen
 .text          0x1ffd24a0       0x30 c:/progra~2/gnuarm~1/102020~1/bin/../lib/gcc/arm-none-eabi/10.2.1/thumb/v7e-m+fp/hard\libgcc.a(_aeabi_uldivmod.o)
                0x1ffd24a0                __aeabi_uldivmod
 .text          0x1ffd24d0      0x2d0 c:/progra~2/gnuarm~1/102020~1/bin/../lib/gcc/arm-none-eabi/10.2.1/thumb/v7e-m+fp/hard\libgcc.a(_udivmoddi4.o)
                0x1ffd24d0                __udivmoddi4
 .text          0x1ffd27a0        0x4 c:/progra~2/gnuarm~1/102020~1/bin/../lib/gcc/arm-none-eabi/10.2.1/thumb/v7e-m+fp/hard\libgcc.a(_dvmd_tls.o)
                0x1ffd27a0                __aeabi_idiv0
                0x1ffd27a0                __aeabi_ldiv0
 *(.text*)
 .text.CLOCK_SetIpSrc
                0x1ffd27a4       0x78 CMakeFiles/flexio_spi_edma_lpspi_transfer_master.elf.dir/C_/git/imx7ulp-exploration/src/flexio_spi_edma_lpspi_transfer_master.c.obj
 .text.DMAMUX_EnableChannel
                0x1ffd281c       0x44 CMakeFiles/flexio_spi_edma_lpspi_transfer_master.elf.dir/C_/git/imx7ulp-exploration/src/flexio_spi_edma_lpspi_transfer_master.c.obj
 .text.DMAMUX_SetSource
                0x1ffd2860       0x50 CMakeFiles/flexio_spi_edma_lpspi_transfer_master.elf.dir/C_/git/imx7ulp-exploration/src/flexio_spi_edma_lpspi_transfer_master.c.obj
 .text.FLEXIO_SPI_MasterUserCallback
                0x1ffd28b0       0x24 CMakeFiles/flexio_spi_edma_lpspi_transfer_master.elf.dir/C_/git/imx7ulp-exploration/src/flexio_spi_edma_lpspi_transfer_master.c.obj
                0x1ffd28b0                FLEXIO_SPI_MasterUserCallback
 .text.LPSPI_SlaveUserCallback
                0x1ffd28d4       0x40 CMakeFiles/flexio_spi_edma_lpspi_transfer_master.elf.dir/C_/git/imx7ulp-exploration/src/flexio_spi_edma_lpspi_transfer_master.c.obj
                0x1ffd28d4                LPSPI_SlaveUserCallback
 .text.main     0x1ffd2914      0x30c CMakeFiles/flexio_spi_edma_lpspi_transfer_master.elf.dir/C_/git/imx7ulp-exploration/src/flexio_spi_edma_lpspi_transfer_master.c.obj
                0x1ffd2914                main
 .text.IOMUXC_SetPinMux
                0x1ffd2c20       0x4e CMakeFiles/flexio_spi_edma_lpspi_transfer_master.elf.dir/C_/git/imx7ulp-exploration/src/pin_mux.c.obj
 .text.IOMUXC_SetPinConfig
                0x1ffd2c6e       0x44 CMakeFiles/flexio_spi_edma_lpspi_transfer_master.elf.dir/C_/git/imx7ulp-exploration/src/pin_mux.c.obj
 *fill*         0x1ffd2cb2        0x2 
 .text.BOARD_InitPins
                0x1ffd2cb4      0x13c CMakeFiles/flexio_spi_edma_lpspi_transfer_master.elf.dir/C_/git/imx7ulp-exploration/src/pin_mux.c.obj
                0x1ffd2cb4                BOARD_InitPins
 .text.CLOCK_SetIpSrc
                0x1ffd2df0       0x78 CMakeFiles/flexio_spi_edma_lpspi_transfer_master.elf.dir/C_/git/imx7ulp-exploration/src/board.c.obj
 .text.BOARD_InitDebugConsole
                0x1ffd2e68       0x30 CMakeFiles/flexio_spi_edma_lpspi_transfer_master.elf.dir/C_/git/imx7ulp-exploration/src/board.c.obj
                0x1ffd2e68                BOARD_InitDebugConsole
 .text.CLOCK_SetSysOscAsyncClkDiv
                0x1ffd2e98       0x74 CMakeFiles/flexio_spi_edma_lpspi_transfer_master.elf.dir/C_/git/imx7ulp-exploration/src/clock_config.c.obj
 .text.CLOCK_IsSysOscValid
                0x1ffd2f0c       0x28 CMakeFiles/flexio_spi_edma_lpspi_transfer_master.elf.dir/C_/git/imx7ulp-exploration/src/clock_config.c.obj
 .text.CLOCK_SetSircAsyncClkDiv
                0x1ffd2f34       0x74 CMakeFiles/flexio_spi_edma_lpspi_transfer_master.elf.dir/C_/git/imx7ulp-exploration/src/clock_config.c.obj
 .text.CLOCK_IsSircValid
                0x1ffd2fa8       0x28 CMakeFiles/flexio_spi_edma_lpspi_transfer_master.elf.dir/C_/git/imx7ulp-exploration/src/clock_config.c.obj
 .text.CLOCK_SetFircAsyncClkDiv
                0x1ffd2fd0       0x74 CMakeFiles/flexio_spi_edma_lpspi_transfer_master.elf.dir/C_/git/imx7ulp-exploration/src/clock_config.c.obj
 .text.CLOCK_IsFircValid
                0x1ffd3044       0x28 CMakeFiles/flexio_spi_edma_lpspi_transfer_master.elf.dir/C_/git/imx7ulp-exploration/src/clock_config.c.obj
 .text.CLOCK_SetXtal0Freq
                0x1ffd306c       0x20 CMakeFiles/flexio_spi_edma_lpspi_transfer_master.elf.dir/C_/git/imx7ulp-exploration/src/clock_config.c.obj
 .text.BOARD_SetRunMode
                0x1ffd308c       0xba CMakeFiles/flexio_spi_edma_lpspi_transfer_master.elf.dir/C_/git/imx7ulp-exploration/src/clock_config.c.obj
                0x1ffd308c                BOARD_SetRunMode
 *fill*         0x1ffd3146        0x2 
 .text.BOARD_IsRunOnQSPI
                0x1ffd3148       0x28 CMakeFiles/flexio_spi_edma_lpspi_transfer_master.elf.dir/C_/git/imx7ulp-exploration/src/clock_config.c.obj
                0x1ffd3148                BOARD_IsRunOnQSPI
 .text.BOARD_InitClock
                0x1ffd3170       0xc4 CMakeFiles/flexio_spi_edma_lpspi_transfer_master.elf.dir/C_/git/imx7ulp-exploration/src/clock_config.c.obj
 .text.BOARD_BootClockRUN
                0x1ffd3234       0x98 CMakeFiles/flexio_spi_edma_lpspi_transfer_master.elf.dir/C_/git/imx7ulp-exploration/src/clock_config.c.obj
                0x1ffd3234                BOARD_BootClockRUN
 .text.DbgConsole_Init
                0x1ffd32cc       0x74 CMakeFiles/flexio_spi_edma_lpspi_transfer_master.elf.dir/C_/git/imx7ulp-exploration/SDK_2_10_0_EVK-MCIMX7ULP/devices/MCIMX7U5/utilities/debug_console_lite/fsl_debug_console.c.obj
                0x1ffd32cc                DbgConsole_Init
 .text.DbgConsole_Printf
                0x1ffd3340       0x40 CMakeFiles/flexio_spi_edma_lpspi_transfer_master.elf.dir/C_/git/imx7ulp-exploration/SDK_2_10_0_EVK-MCIMX7ULP/devices/MCIMX7U5/utilities/debug_console_lite/fsl_debug_console.c.obj
                0x1ffd3340                DbgConsole_Printf
 .text.DbgConsole_Putchar
                0x1ffd3380       0x30 CMakeFiles/flexio_spi_edma_lpspi_transfer_master.elf.dir/C_/git/imx7ulp-exploration/SDK_2_10_0_EVK-MCIMX7ULP/devices/MCIMX7U5/utilities/debug_console_lite/fsl_debug_console.c.obj
                0x1ffd3380                DbgConsole_Putchar
 .text.DbgConsole_PrintfPaddingCharacter
                0x1ffd33b0       0x40 CMakeFiles/flexio_spi_edma_lpspi_transfer_master.elf.dir/C_/git/imx7ulp-exploration/SDK_2_10_0_EVK-MCIMX7ULP/devices/MCIMX7U5/utilities/debug_console_lite/fsl_debug_console.c.obj
 .text.DbgConsole_ConvertRadixNumToString
                0x1ffd33f0      0x114 CMakeFiles/flexio_spi_edma_lpspi_transfer_master.elf.dir/C_/git/imx7ulp-exploration/SDK_2_10_0_EVK-MCIMX7ULP/devices/MCIMX7U5/utilities/debug_console_lite/fsl_debug_console.c.obj
 .text.DbgConsole_PrintfFormattedData
                0x1ffd3504      0x3bc CMakeFiles/flexio_spi_edma_lpspi_transfer_master.elf.dir/C_/git/imx7ulp-exploration/SDK_2_10_0_EVK-MCIMX7ULP/devices/MCIMX7U5/utilities/debug_console_lite/fsl_debug_console.c.obj
 .text.HAL_UartGetStatus
                0x1ffd38c0       0x28 CMakeFiles/flexio_spi_edma_lpspi_transfer_master.elf.dir/C_/git/imx7ulp-exploration/SDK_2_10_0_EVK-MCIMX7ULP/components/uart/fsl_adapter_lpuart.c.obj
 .text.HAL_UartInitCommon
                0x1ffd38e8       0xac CMakeFiles/flexio_spi_edma_lpspi_transfer_master.elf.dir/C_/git/imx7ulp-exploration/SDK_2_10_0_EVK-MCIMX7ULP/components/uart/fsl_adapter_lpuart.c.obj
 .text.HAL_UartInit
                0x1ffd3994       0xac CMakeFiles/flexio_spi_edma_lpspi_transfer_master.elf.dir/C_/git/imx7ulp-exploration/SDK_2_10_0_EVK-MCIMX7ULP/components/uart/fsl_adapter_lpuart.c.obj
                0x1ffd3994                HAL_UartInit
 .text.HAL_UartReceiveBlocking
                0x1ffd3a40       0x8c CMakeFiles/flexio_spi_edma_lpspi_transfer_master.elf.dir/C_/git/imx7ulp-exploration/SDK_2_10_0_EVK-MCIMX7ULP/components/uart/fsl_adapter_lpuart.c.obj
                0x1ffd3a40                HAL_UartReceiveBlocking
 .text.HAL_UartSendBlocking
                0x1ffd3acc       0x84 CMakeFiles/flexio_spi_edma_lpspi_transfer_master.elf.dir/C_/git/imx7ulp-exploration/SDK_2_10_0_EVK-MCIMX7ULP/components/uart/fsl_adapter_lpuart.c.obj
                0x1ffd3acc                HAL_UartSendBlocking
 .text.CLOCK_GetCurSysClkConfig
                0x1ffd3b50       0x3c CMakeFiles/flexio_spi_edma_lpspi_transfer_master.elf.dir/C_/git/imx7ulp-exploration/SDK_2_10_0_EVK-MCIMX7ULP/devices/MCIMX7U5/drivers/fsl_clock.c.obj
 .text.CLOCK_GetIpFreq
                0x1ffd3b8c      0x184 CMakeFiles/flexio_spi_edma_lpspi_transfer_master.elf.dir/C_/git/imx7ulp-exploration/SDK_2_10_0_EVK-MCIMX7ULP/devices/MCIMX7U5/drivers/fsl_clock.c.obj
                0x1ffd3b8c                CLOCK_GetIpFreq
 .text.CLOCK_GetSysClkFreq
                0x1ffd3d10       0xe0 CMakeFiles/flexio_spi_edma_lpspi_transfer_master.elf.dir/C_/git/imx7ulp-exploration/SDK_2_10_0_EVK-MCIMX7ULP/devices/MCIMX7U5/drivers/fsl_clock.c.obj
                0x1ffd3d10                CLOCK_GetSysClkFreq
 .text.CLOCK_InitSysOsc
                0x1ffd3df0       0xa8 CMakeFiles/flexio_spi_edma_lpspi_transfer_master.elf.dir/C_/git/imx7ulp-exploration/SDK_2_10_0_EVK-MCIMX7ULP/devices/MCIMX7U5/drivers/fsl_clock.c.obj
                0x1ffd3df0                CLOCK_InitSysOsc
 .text.CLOCK_DeinitSysOsc
                0x1ffd3e98       0x50 CMakeFiles/flexio_spi_edma_lpspi_transfer_master.elf.dir/C_/git/imx7ulp-exploration/SDK_2_10_0_EVK-MCIMX7ULP/devices/MCIMX7U5/drivers/fsl_clock.c.obj
                0x1ffd3e98                CLOCK_DeinitSysOsc
 .text.CLOCK_GetSysOscFreq
                0x1ffd3ee8       0x54 CMakeFiles/flexio_spi_edma_lpspi_transfer_master.elf.dir/C_/git/imx7ulp-exploration/SDK_2_10_0_EVK-MCIMX7ULP/devices/MCIMX7U5/drivers/fsl_clock.c.obj
                0x1ffd3ee8                CLOCK_GetSysOscFreq
 .text.CLOCK_GetSysOscAsyncFreq
                0x1ffd3f3c       0x8c CMakeFiles/flexio_spi_edma_lpspi_transfer_master.elf.dir/C_/git/imx7ulp-exploration/SDK_2_10_0_EVK-MCIMX7ULP/devices/MCIMX7U5/drivers/fsl_clock.c.obj
                0x1ffd3f3c                CLOCK_GetSysOscAsyncFreq
 .text.CLOCK_InitSirc
                0x1ffd3fc8       0x98 CMakeFiles/flexio_spi_edma_lpspi_transfer_master.elf.dir/C_/git/imx7ulp-exploration/SDK_2_10_0_EVK-MCIMX7ULP/devices/MCIMX7U5/drivers/fsl_clock.c.obj
                0x1ffd3fc8                CLOCK_InitSirc
 .text.CLOCK_DeinitSirc
                0x1ffd4060       0x50 CMakeFiles/flexio_spi_edma_lpspi_transfer_master.elf.dir/C_/git/imx7ulp-exploration/SDK_2_10_0_EVK-MCIMX7ULP/devices/MCIMX7U5/drivers/fsl_clock.c.obj
                0x1ffd4060                CLOCK_DeinitSirc
 .text.CLOCK_GetSircFreq
                0x1ffd40b0       0x44 CMakeFiles/flexio_spi_edma_lpspi_transfer_master.elf.dir/C_/git/imx7ulp-exploration/SDK_2_10_0_EVK-MCIMX7ULP/devices/MCIMX7U5/drivers/fsl_clock.c.obj
                0x1ffd40b0                CLOCK_GetSircFreq
 .text.CLOCK_GetSircAsyncFreq
                0x1ffd40f4       0x8c CMakeFiles/flexio_spi_edma_lpspi_transfer_master.elf.dir/C_/git/imx7ulp-exploration/SDK_2_10_0_EVK-MCIMX7ULP/devices/MCIMX7U5/drivers/fsl_clock.c.obj
                0x1ffd40f4                CLOCK_GetSircAsyncFreq
 .text.CLOCK_InitFirc
                0x1ffd4180      0x110 CMakeFiles/flexio_spi_edma_lpspi_transfer_master.elf.dir/C_/git/imx7ulp-exploration/SDK_2_10_0_EVK-MCIMX7ULP/devices/MCIMX7U5/drivers/fsl_clock.c.obj
                0x1ffd4180                CLOCK_InitFirc
 .text.CLOCK_DeinitFirc
                0x1ffd4290       0x50 CMakeFiles/flexio_spi_edma_lpspi_transfer_master.elf.dir/C_/git/imx7ulp-exploration/SDK_2_10_0_EVK-MCIMX7ULP/devices/MCIMX7U5/drivers/fsl_clock.c.obj
                0x1ffd4290                CLOCK_DeinitFirc
 .text.CLOCK_GetFircFreq
                0x1ffd42e0       0x44 CMakeFiles/flexio_spi_edma_lpspi_transfer_master.elf.dir/C_/git/imx7ulp-exploration/SDK_2_10_0_EVK-MCIMX7ULP/devices/MCIMX7U5/drivers/fsl_clock.c.obj
                0x1ffd42e0                CLOCK_GetFircFreq
 .text.CLOCK_GetFircAsyncFreq
                0x1ffd4324       0x8c CMakeFiles/flexio_spi_edma_lpspi_transfer_master.elf.dir/C_/git/imx7ulp-exploration/SDK_2_10_0_EVK-MCIMX7ULP/devices/MCIMX7U5/drivers/fsl_clock.c.obj
                0x1ffd4324                CLOCK_GetFircAsyncFreq
 .text.CLOCK_GetRtcOscFreq
                0x1ffd43b0       0x54 CMakeFiles/flexio_spi_edma_lpspi_transfer_master.elf.dir/C_/git/imx7ulp-exploration/SDK_2_10_0_EVK-MCIMX7ULP/devices/MCIMX7U5/drivers/fsl_clock.c.obj
                0x1ffd43b0                CLOCK_GetRtcOscFreq
 .text.CLOCK_InitAuxPll
                0x1ffd4404      0x140 CMakeFiles/flexio_spi_edma_lpspi_transfer_master.elf.dir/C_/git/imx7ulp-exploration/SDK_2_10_0_EVK-MCIMX7ULP/devices/MCIMX7U5/drivers/fsl_clock.c.obj
                0x1ffd4404                CLOCK_InitAuxPll
 .text.CLOCK_DeinitAuxPll
                0x1ffd4544       0x50 CMakeFiles/flexio_spi_edma_lpspi_transfer_master.elf.dir/C_/git/imx7ulp-exploration/SDK_2_10_0_EVK-MCIMX7ULP/devices/MCIMX7U5/drivers/fsl_clock.c.obj
                0x1ffd4544                CLOCK_DeinitAuxPll
 .text.CLOCK_GetAuxPllCommonFreq
                0x1ffd4594       0xd4 CMakeFiles/flexio_spi_edma_lpspi_transfer_master.elf.dir/C_/git/imx7ulp-exploration/SDK_2_10_0_EVK-MCIMX7ULP/devices/MCIMX7U5/drivers/fsl_clock.c.obj
 .text.CLOCK_GetAuxPllFreq
                0x1ffd4668       0x90 CMakeFiles/flexio_spi_edma_lpspi_transfer_master.elf.dir/C_/git/imx7ulp-exploration/SDK_2_10_0_EVK-MCIMX7ULP/devices/MCIMX7U5/drivers/fsl_clock.c.obj
                0x1ffd4668                CLOCK_GetAuxPllFreq
 .text.CLOCK_GetAuxPllPfdFreq
                0x1ffd46f8       0xd0 CMakeFiles/flexio_spi_edma_lpspi_transfer_master.elf.dir/C_/git/imx7ulp-exploration/SDK_2_10_0_EVK-MCIMX7ULP/devices/MCIMX7U5/drivers/fsl_clock.c.obj
                0x1ffd46f8                CLOCK_GetAuxPllPfdFreq
 .text.CLOCK_EnableAuxPllPfdClkout
                0x1ffd47c8       0xa8 CMakeFiles/flexio_spi_edma_lpspi_transfer_master.elf.dir/C_/git/imx7ulp-exploration/SDK_2_10_0_EVK-MCIMX7ULP/devices/MCIMX7U5/drivers/fsl_clock.c.obj
                0x1ffd47c8                CLOCK_EnableAuxPllPfdClkout
 .text.CLOCK_InitSysPll
                0x1ffd4870       0xe8 CMakeFiles/flexio_spi_edma_lpspi_transfer_master.elf.dir/C_/git/imx7ulp-exploration/SDK_2_10_0_EVK-MCIMX7ULP/devices/MCIMX7U5/drivers/fsl_clock.c.obj
                0x1ffd4870                CLOCK_InitSysPll
 .text.CLOCK_DeinitSysPll
                0x1ffd4958       0x50 CMakeFiles/flexio_spi_edma_lpspi_transfer_master.elf.dir/C_/git/imx7ulp-exploration/SDK_2_10_0_EVK-MCIMX7ULP/devices/MCIMX7U5/drivers/fsl_clock.c.obj
                0x1ffd4958                CLOCK_DeinitSysPll
 .text.CLOCK_GetSysPllCommonFreq
                0x1ffd49a8       0x70 CMakeFiles/flexio_spi_edma_lpspi_transfer_master.elf.dir/C_/git/imx7ulp-exploration/SDK_2_10_0_EVK-MCIMX7ULP/devices/MCIMX7U5/drivers/fsl_clock.c.obj
 .text.CLOCK_GetSysPllFreq
                0x1ffd4a18       0x5c CMakeFiles/flexio_spi_edma_lpspi_transfer_master.elf.dir/C_/git/imx7ulp-exploration/SDK_2_10_0_EVK-MCIMX7ULP/devices/MCIMX7U5/drivers/fsl_clock.c.obj
                0x1ffd4a18                CLOCK_GetSysPllFreq
 .text.CLOCK_GetSysPllAsyncFreq
                0x1ffd4a74       0x8c CMakeFiles/flexio_spi_edma_lpspi_transfer_master.elf.dir/C_/git/imx7ulp-exploration/SDK_2_10_0_EVK-MCIMX7ULP/devices/MCIMX7U5/drivers/fsl_clock.c.obj
                0x1ffd4a74                CLOCK_GetSysPllAsyncFreq
 .text.CLOCK_GetSysPllPfdFreq
                0x1ffd4b00       0xd0 CMakeFiles/flexio_spi_edma_lpspi_transfer_master.elf.dir/C_/git/imx7ulp-exploration/SDK_2_10_0_EVK-MCIMX7ULP/devices/MCIMX7U5/drivers/fsl_clock.c.obj
                0x1ffd4b00                CLOCK_GetSysPllPfdFreq
 .text.CLOCK_EnableSysPllPfdClkout
                0x1ffd4bd0       0xa8 CMakeFiles/flexio_spi_edma_lpspi_transfer_master.elf.dir/C_/git/imx7ulp-exploration/SDK_2_10_0_EVK-MCIMX7ULP/devices/MCIMX7U5/drivers/fsl_clock.c.obj
                0x1ffd4bd0                CLOCK_EnableSysPllPfdClkout
 .text.SystemInit
                0x1ffd4c78       0xc0 CMakeFiles/flexio_spi_edma_lpspi_transfer_master.elf.dir/C_/git/imx7ulp-exploration/SDK_2_10_0_EVK-MCIMX7ULP/devices/MCIMX7U5/system_MCIMX7U5_cm4.c.obj
                0x1ffd4c78                SystemInit
 .text.SystemCoreClockUpdate
                0x1ffd4d38      0x768 CMakeFiles/flexio_spi_edma_lpspi_transfer_master.elf.dir/C_/git/imx7ulp-exploration/SDK_2_10_0_EVK-MCIMX7ULP/devices/MCIMX7U5/system_MCIMX7U5_cm4.c.obj
                0x1ffd4d38                SystemCoreClockUpdate
 .text.SystemInitHook
                0x1ffd54a0        0xe CMakeFiles/flexio_spi_edma_lpspi_transfer_master.elf.dir/C_/git/imx7ulp-exploration/SDK_2_10_0_EVK-MCIMX7ULP/devices/MCIMX7U5/system_MCIMX7U5_cm4.c.obj
                0x1ffd54a0                SystemInitHook
 *fill*         0x1ffd54ae        0x2 
 .text.CLOCK_EnableClock
                0x1ffd54b0       0x40 CMakeFiles/flexio_spi_edma_lpspi_transfer_master.elf.dir/C_/git/imx7ulp-exploration/SDK_2_10_0_EVK-MCIMX7ULP/devices/MCIMX7U5/drivers/fsl_lpuart.c.obj
 .text.LPUART_SoftwareReset
                0x1ffd54f0       0x2c CMakeFiles/flexio_spi_edma_lpspi_transfer_master.elf.dir/C_/git/imx7ulp-exploration/SDK_2_10_0_EVK-MCIMX7ULP/devices/MCIMX7U5/drivers/fsl_lpuart.c.obj
 .text.LPUART_GetInstance
                0x1ffd551c       0x58 CMakeFiles/flexio_spi_edma_lpspi_transfer_master.elf.dir/C_/git/imx7ulp-exploration/SDK_2_10_0_EVK-MCIMX7ULP/devices/MCIMX7U5/drivers/fsl_lpuart.c.obj
                0x1ffd551c                LPUART_GetInstance
 .text.LPUART_Init
                0x1ffd5574      0x414 CMakeFiles/flexio_spi_edma_lpspi_transfer_master.elf.dir/C_/git/imx7ulp-exploration/SDK_2_10_0_EVK-MCIMX7ULP/devices/MCIMX7U5/drivers/fsl_lpuart.c.obj
                0x1ffd5574                LPUART_Init
 .text.LPUART_GetDefaultConfig
                0x1ffd5988       0x98 CMakeFiles/flexio_spi_edma_lpspi_transfer_master.elf.dir/C_/git/imx7ulp-exploration/SDK_2_10_0_EVK-MCIMX7ULP/devices/MCIMX7U5/drivers/fsl_lpuart.c.obj
                0x1ffd5988                LPUART_GetDefaultConfig
 .text.LPUART_GetStatusFlags
                0x1ffd5a20       0x38 CMakeFiles/flexio_spi_edma_lpspi_transfer_master.elf.dir/C_/git/imx7ulp-exploration/SDK_2_10_0_EVK-MCIMX7ULP/devices/MCIMX7U5/drivers/fsl_lpuart.c.obj
                0x1ffd5a20                LPUART_GetStatusFlags
 .text.LPUART_ClearStatusFlags
                0x1ffd5a58       0x7c CMakeFiles/flexio_spi_edma_lpspi_transfer_master.elf.dir/C_/git/imx7ulp-exploration/SDK_2_10_0_EVK-MCIMX7ULP/devices/MCIMX7U5/drivers/fsl_lpuart.c.obj
                0x1ffd5a58                LPUART_ClearStatusFlags
 .text.LPUART_WriteBlocking
                0x1ffd5ad4       0x78 CMakeFiles/flexio_spi_edma_lpspi_transfer_master.elf.dir/C_/git/imx7ulp-exploration/SDK_2_10_0_EVK-MCIMX7ULP/devices/MCIMX7U5/drivers/fsl_lpuart.c.obj
                0x1ffd5ad4                LPUART_WriteBlocking
 .text.LPUART_ReadBlocking
                0x1ffd5b4c      0x170 CMakeFiles/flexio_spi_edma_lpspi_transfer_master.elf.dir/C_/git/imx7ulp-exploration/SDK_2_10_0_EVK-MCIMX7ULP/devices/MCIMX7U5/drivers/fsl_lpuart.c.obj
                0x1ffd5b4c                LPUART_ReadBlocking
 .text.LPUART0_DriverIRQHandler
                0x1ffd5cbc       0x28 CMakeFiles/flexio_spi_edma_lpspi_transfer_master.elf.dir/C_/git/imx7ulp-exploration/SDK_2_10_0_EVK-MCIMX7ULP/devices/MCIMX7U5/drivers/fsl_lpuart.c.obj
                0x1ffd5cbc                LPUART0_DriverIRQHandler
 .text.LPUART1_DriverIRQHandler
                0x1ffd5ce4       0x28 CMakeFiles/flexio_spi_edma_lpspi_transfer_master.elf.dir/C_/git/imx7ulp-exploration/SDK_2_10_0_EVK-MCIMX7ULP/devices/MCIMX7U5/drivers/fsl_lpuart.c.obj
                0x1ffd5ce4                LPUART1_DriverIRQHandler
 .text.LPUART2_DriverIRQHandler
                0x1ffd5d0c       0x28 CMakeFiles/flexio_spi_edma_lpspi_transfer_master.elf.dir/C_/git/imx7ulp-exploration/SDK_2_10_0_EVK-MCIMX7ULP/devices/MCIMX7U5/drivers/fsl_lpuart.c.obj
                0x1ffd5d0c                LPUART2_DriverIRQHandler
 .text.LPUART3_DriverIRQHandler
                0x1ffd5d34       0x28 CMakeFiles/flexio_spi_edma_lpspi_transfer_master.elf.dir/C_/git/imx7ulp-exploration/SDK_2_10_0_EVK-MCIMX7ULP/devices/MCIMX7U5/drivers/fsl_lpuart.c.obj
                0x1ffd5d34                LPUART3_DriverIRQHandler
 .text.__assert_func
                0x1ffd5d5c       0x28 CMakeFiles/flexio_spi_edma_lpspi_transfer_master.elf.dir/C_/git/imx7ulp-exploration/SDK_2_10_0_EVK-MCIMX7ULP/devices/MCIMX7U5/utilities/debug_console_lite/fsl_assert.c.obj
                0x1ffd5d5c                __assert_func
 .text.CLOCK_EnableClock
                0x1ffd5d84       0x40 CMakeFiles/flexio_spi_edma_lpspi_transfer_master.elf.dir/C_/git/imx7ulp-exploration/SDK_2_10_0_EVK-MCIMX7ULP/devices/MCIMX7U5/drivers/fsl_dmamux.c.obj
 .text.DMAMUX_GetInstance
                0x1ffd5dc4       0x58 CMakeFiles/flexio_spi_edma_lpspi_transfer_master.elf.dir/C_/git/imx7ulp-exploration/SDK_2_10_0_EVK-MCIMX7ULP/devices/MCIMX7U5/drivers/fsl_dmamux.c.obj
 .text.DMAMUX_Init
                0x1ffd5e1c       0x28 CMakeFiles/flexio_spi_edma_lpspi_transfer_master.elf.dir/C_/git/imx7ulp-exploration/SDK_2_10_0_EVK-MCIMX7ULP/devices/MCIMX7U5/drivers/fsl_dmamux.c.obj
                0x1ffd5e1c                DMAMUX_Init
 .text.__NVIC_EnableIRQ
                0x1ffd5e44       0x3c CMakeFiles/flexio_spi_edma_lpspi_transfer_master.elf.dir/C_/git/imx7ulp-exploration/SDK_2_10_0_EVK-MCIMX7ULP/devices/MCIMX7U5/drivers/fsl_edma.c.obj
 .text.CLOCK_EnableClock
                0x1ffd5e80       0x40 CMakeFiles/flexio_spi_edma_lpspi_transfer_master.elf.dir/C_/git/imx7ulp-exploration/SDK_2_10_0_EVK-MCIMX7ULP/devices/MCIMX7U5/drivers/fsl_edma.c.obj
 .text.EnableIRQ
                0x1ffd5ec0       0x32 CMakeFiles/flexio_spi_edma_lpspi_transfer_master.elf.dir/C_/git/imx7ulp-exploration/SDK_2_10_0_EVK-MCIMX7ULP/devices/MCIMX7U5/drivers/fsl_edma.c.obj
 .text.DisableGlobalIRQ
                0x1ffd5ef2       0x22 CMakeFiles/flexio_spi_edma_lpspi_transfer_master.elf.dir/C_/git/imx7ulp-exploration/SDK_2_10_0_EVK-MCIMX7ULP/devices/MCIMX7U5/drivers/fsl_edma.c.obj
 .text.EnableGlobalIRQ
                0x1ffd5f14       0x20 CMakeFiles/flexio_spi_edma_lpspi_transfer_master.elf.dir/C_/git/imx7ulp-exploration/SDK_2_10_0_EVK-MCIMX7ULP/devices/MCIMX7U5/drivers/fsl_edma.c.obj
 .text.EDMA_GetInstance
                0x1ffd5f34       0x58 CMakeFiles/flexio_spi_edma_lpspi_transfer_master.elf.dir/C_/git/imx7ulp-exploration/SDK_2_10_0_EVK-MCIMX7ULP/devices/MCIMX7U5/drivers/fsl_edma.c.obj
 .text.EDMA_InstallTCD
                0x1ffd5f8c      0x164 CMakeFiles/flexio_spi_edma_lpspi_transfer_master.elf.dir/C_/git/imx7ulp-exploration/SDK_2_10_0_EVK-MCIMX7ULP/devices/MCIMX7U5/drivers/fsl_edma.c.obj
                0x1ffd5f8c                EDMA_InstallTCD
 .text.EDMA_Init
                0x1ffd60f0       0xac CMakeFiles/flexio_spi_edma_lpspi_transfer_master.elf.dir/C_/git/imx7ulp-exploration/SDK_2_10_0_EVK-MCIMX7ULP/devices/MCIMX7U5/drivers/fsl_edma.c.obj
                0x1ffd60f0                EDMA_Init
 .text.EDMA_GetDefaultConfig
                0x1ffd619c       0x50 CMakeFiles/flexio_spi_edma_lpspi_transfer_master.elf.dir/C_/git/imx7ulp-exploration/SDK_2_10_0_EVK-MCIMX7ULP/devices/MCIMX7U5/drivers/fsl_edma.c.obj
                0x1ffd619c                EDMA_GetDefaultConfig
 .text.EDMA_SetTransferConfig
                0x1ffd61ec       0x78 CMakeFiles/flexio_spi_edma_lpspi_transfer_master.elf.dir/C_/git/imx7ulp-exploration/SDK_2_10_0_EVK-MCIMX7ULP/devices/MCIMX7U5/drivers/fsl_edma.c.obj
                0x1ffd61ec                EDMA_SetTransferConfig
 .text.EDMA_TcdReset
                0x1ffd6264       0x90 CMakeFiles/flexio_spi_edma_lpspi_transfer_master.elf.dir/C_/git/imx7ulp-exploration/SDK_2_10_0_EVK-MCIMX7ULP/devices/MCIMX7U5/drivers/fsl_edma.c.obj
                0x1ffd6264                EDMA_TcdReset
 .text.EDMA_TcdSetTransferConfig
                0x1ffd62f4      0x164 CMakeFiles/flexio_spi_edma_lpspi_transfer_master.elf.dir/C_/git/imx7ulp-exploration/SDK_2_10_0_EVK-MCIMX7ULP/devices/MCIMX7U5/drivers/fsl_edma.c.obj
                0x1ffd62f4                EDMA_TcdSetTransferConfig
 .text.EDMA_GetChannelStatusFlags
                0x1ffd6458       0x84 CMakeFiles/flexio_spi_edma_lpspi_transfer_master.elf.dir/C_/git/imx7ulp-exploration/SDK_2_10_0_EVK-MCIMX7ULP/devices/MCIMX7U5/drivers/fsl_edma.c.obj
                0x1ffd6458                EDMA_GetChannelStatusFlags
 .text.EDMA_GetInstanceOffset
                0x1ffd64dc       0x58 CMakeFiles/flexio_spi_edma_lpspi_transfer_master.elf.dir/C_/git/imx7ulp-exploration/SDK_2_10_0_EVK-MCIMX7ULP/devices/MCIMX7U5/drivers/fsl_edma.c.obj
 .text.EDMA_CreateHandle
                0x1ffd6534       0xf8 CMakeFiles/flexio_spi_edma_lpspi_transfer_master.elf.dir/C_/git/imx7ulp-exploration/SDK_2_10_0_EVK-MCIMX7ULP/devices/MCIMX7U5/drivers/fsl_edma.c.obj
                0x1ffd6534                EDMA_CreateHandle
 .text.EDMA_SetCallback
                0x1ffd662c       0x40 CMakeFiles/flexio_spi_edma_lpspi_transfer_master.elf.dir/C_/git/imx7ulp-exploration/SDK_2_10_0_EVK-MCIMX7ULP/devices/MCIMX7U5/drivers/fsl_edma.c.obj
                0x1ffd662c                EDMA_SetCallback
 .text.EDMA_SubmitTransfer
                0x1ffd666c      0x31c CMakeFiles/flexio_spi_edma_lpspi_transfer_master.elf.dir/C_/git/imx7ulp-exploration/SDK_2_10_0_EVK-MCIMX7ULP/devices/MCIMX7U5/drivers/fsl_edma.c.obj
                0x1ffd666c                EDMA_SubmitTransfer
 .text.EDMA_StartTransfer
                0x1ffd6988       0xc0 CMakeFiles/flexio_spi_edma_lpspi_transfer_master.elf.dir/C_/git/imx7ulp-exploration/SDK_2_10_0_EVK-MCIMX7ULP/devices/MCIMX7U5/drivers/fsl_edma.c.obj
                0x1ffd6988                EDMA_StartTransfer
 .text.EDMA_HandleIRQ
                0x1ffd6a48      0x190 CMakeFiles/flexio_spi_edma_lpspi_transfer_master.elf.dir/C_/git/imx7ulp-exploration/SDK_2_10_0_EVK-MCIMX7ULP/devices/MCIMX7U5/drivers/fsl_edma.c.obj
                0x1ffd6a48                EDMA_HandleIRQ
 .text.DMA0_0_4_DriverIRQHandler
                0x1ffd6bd8       0x50 CMakeFiles/flexio_spi_edma_lpspi_transfer_master.elf.dir/C_/git/imx7ulp-exploration/SDK_2_10_0_EVK-MCIMX7ULP/devices/MCIMX7U5/drivers/fsl_edma.c.obj
                0x1ffd6bd8                DMA0_0_4_DriverIRQHandler
 .text.DMA0_1_5_DriverIRQHandler
                0x1ffd6c28       0x50 CMakeFiles/flexio_spi_edma_lpspi_transfer_master.elf.dir/C_/git/imx7ulp-exploration/SDK_2_10_0_EVK-MCIMX7ULP/devices/MCIMX7U5/drivers/fsl_edma.c.obj
                0x1ffd6c28                DMA0_1_5_DriverIRQHandler
 .text.DMA0_2_6_DriverIRQHandler
                0x1ffd6c78       0x50 CMakeFiles/flexio_spi_edma_lpspi_transfer_master.elf.dir/C_/git/imx7ulp-exploration/SDK_2_10_0_EVK-MCIMX7ULP/devices/MCIMX7U5/drivers/fsl_edma.c.obj
                0x1ffd6c78                DMA0_2_6_DriverIRQHandler
 .text.DMA0_3_7_DriverIRQHandler
                0x1ffd6cc8       0x50 CMakeFiles/flexio_spi_edma_lpspi_transfer_master.elf.dir/C_/git/imx7ulp-exploration/SDK_2_10_0_EVK-MCIMX7ULP/devices/MCIMX7U5/drivers/fsl_edma.c.obj
                0x1ffd6cc8                DMA0_3_7_DriverIRQHandler
 .text.DMA0_8_12_DriverIRQHandler
                0x1ffd6d18       0x50 CMakeFiles/flexio_spi_edma_lpspi_transfer_master.elf.dir/C_/git/imx7ulp-exploration/SDK_2_10_0_EVK-MCIMX7ULP/devices/MCIMX7U5/drivers/fsl_edma.c.obj
                0x1ffd6d18                DMA0_8_12_DriverIRQHandler
 .text.DMA0_9_13_DriverIRQHandler
                0x1ffd6d68       0x50 CMakeFiles/flexio_spi_edma_lpspi_transfer_master.elf.dir/C_/git/imx7ulp-exploration/SDK_2_10_0_EVK-MCIMX7ULP/devices/MCIMX7U5/drivers/fsl_edma.c.obj
                0x1ffd6d68                DMA0_9_13_DriverIRQHandler
 .text.DMA0_10_14_DriverIRQHandler
                0x1ffd6db8       0x50 CMakeFiles/flexio_spi_edma_lpspi_transfer_master.elf.dir/C_/git/imx7ulp-exploration/SDK_2_10_0_EVK-MCIMX7ULP/devices/MCIMX7U5/drivers/fsl_edma.c.obj
                0x1ffd6db8                DMA0_10_14_DriverIRQHandler
 .text.DMA0_11_15_DriverIRQHandler
                0x1ffd6e08       0x50 CMakeFiles/flexio_spi_edma_lpspi_transfer_master.elf.dir/C_/git/imx7ulp-exploration/SDK_2_10_0_EVK-MCIMX7ULP/devices/MCIMX7U5/drivers/fsl_edma.c.obj
                0x1ffd6e08                DMA0_11_15_DriverIRQHandler
 .text.DMA0_16_20_DriverIRQHandler
                0x1ffd6e58       0x50 CMakeFiles/flexio_spi_edma_lpspi_transfer_master.elf.dir/C_/git/imx7ulp-exploration/SDK_2_10_0_EVK-MCIMX7ULP/devices/MCIMX7U5/drivers/fsl_edma.c.obj
                0x1ffd6e58                DMA0_16_20_DriverIRQHandler
 .text.DMA0_17_21_DriverIRQHandler
                0x1ffd6ea8       0x50 CMakeFiles/flexio_spi_edma_lpspi_transfer_master.elf.dir/C_/git/imx7ulp-exploration/SDK_2_10_0_EVK-MCIMX7ULP/devices/MCIMX7U5/drivers/fsl_edma.c.obj
                0x1ffd6ea8                DMA0_17_21_DriverIRQHandler
 .text.DMA0_18_22_DriverIRQHandler
                0x1ffd6ef8       0x50 CMakeFiles/flexio_spi_edma_lpspi_transfer_master.elf.dir/C_/git/imx7ulp-exploration/SDK_2_10_0_EVK-MCIMX7ULP/devices/MCIMX7U5/drivers/fsl_edma.c.obj
                0x1ffd6ef8                DMA0_18_22_DriverIRQHandler
 .text.DMA0_19_23_DriverIRQHandler
                0x1ffd6f48       0x50 CMakeFiles/flexio_spi_edma_lpspi_transfer_master.elf.dir/C_/git/imx7ulp-exploration/SDK_2_10_0_EVK-MCIMX7ULP/devices/MCIMX7U5/drivers/fsl_edma.c.obj
                0x1ffd6f48                DMA0_19_23_DriverIRQHandler
 .text.DMA0_24_28_DriverIRQHandler
                0x1ffd6f98       0x50 CMakeFiles/flexio_spi_edma_lpspi_transfer_master.elf.dir/C_/git/imx7ulp-exploration/SDK_2_10_0_EVK-MCIMX7ULP/devices/MCIMX7U5/drivers/fsl_edma.c.obj
                0x1ffd6f98                DMA0_24_28_DriverIRQHandler
 .text.DMA0_25_29_DriverIRQHandler
                0x1ffd6fe8       0x50 CMakeFiles/flexio_spi_edma_lpspi_transfer_master.elf.dir/C_/git/imx7ulp-exploration/SDK_2_10_0_EVK-MCIMX7ULP/devices/MCIMX7U5/drivers/fsl_edma.c.obj
                0x1ffd6fe8                DMA0_25_29_DriverIRQHandler
 .text.DMA0_26_30_DriverIRQHandler
                0x1ffd7038       0x50 CMakeFiles/flexio_spi_edma_lpspi_transfer_master.elf.dir/C_/git/imx7ulp-exploration/SDK_2_10_0_EVK-MCIMX7ULP/devices/MCIMX7U5/drivers/fsl_edma.c.obj
                0x1ffd7038                DMA0_26_30_DriverIRQHandler
 .text.DMA0_27_31_DriverIRQHandler
                0x1ffd7088       0x50 CMakeFiles/flexio_spi_edma_lpspi_transfer_master.elf.dir/C_/git/imx7ulp-exploration/SDK_2_10_0_EVK-MCIMX7ULP/devices/MCIMX7U5/drivers/fsl_edma.c.obj
                0x1ffd7088                DMA0_27_31_DriverIRQHandler
 .text.FLEXIO_GetInstance
                0x1ffd70d8       0x58 CMakeFiles/flexio_spi_edma_lpspi_transfer_master.elf.dir/C_/git/imx7ulp-exploration/SDK_2_10_0_EVK-MCIMX7ULP/devices/MCIMX7U5/drivers/fsl_flexio.c.obj
                0x1ffd70d8                FLEXIO_GetInstance
 .text.FLEXIO_GetShifterBufferAddress
                0x1ffd7130       0xdc CMakeFiles/flexio_spi_edma_lpspi_transfer_master.elf.dir/C_/git/imx7ulp-exploration/SDK_2_10_0_EVK-MCIMX7ULP/devices/MCIMX7U5/drivers/fsl_flexio.c.obj
                0x1ffd7130                FLEXIO_GetShifterBufferAddress
 .text.FLEXIO_SetShifterConfig
                0x1ffd720c       0xa0 CMakeFiles/flexio_spi_edma_lpspi_transfer_master.elf.dir/C_/git/imx7ulp-exploration/SDK_2_10_0_EVK-MCIMX7ULP/devices/MCIMX7U5/drivers/fsl_flexio.c.obj
                0x1ffd720c                FLEXIO_SetShifterConfig
 .text.FLEXIO_SetTimerConfig
                0x1ffd72ac       0xe8 CMakeFiles/flexio_spi_edma_lpspi_transfer_master.elf.dir/C_/git/imx7ulp-exploration/SDK_2_10_0_EVK-MCIMX7ULP/devices/MCIMX7U5/drivers/fsl_flexio.c.obj
                0x1ffd72ac                FLEXIO_SetTimerConfig
 .text.FLEXIO_CommonIRQHandler
                0x1ffd7394       0x5c CMakeFiles/flexio_spi_edma_lpspi_transfer_master.elf.dir/C_/git/imx7ulp-exploration/SDK_2_10_0_EVK-MCIMX7ULP/devices/MCIMX7U5/drivers/fsl_flexio.c.obj
 .text.FLEXIO0_DriverIRQHandler
                0x1ffd73f0        0xc CMakeFiles/flexio_spi_edma_lpspi_transfer_master.elf.dir/C_/git/imx7ulp-exploration/SDK_2_10_0_EVK-MCIMX7ULP/devices/MCIMX7U5/drivers/fsl_flexio.c.obj
                0x1ffd73f0                FLEXIO0_DriverIRQHandler
 .text.CLOCK_EnableClock
                0x1ffd73fc       0x40 CMakeFiles/flexio_spi_edma_lpspi_transfer_master.elf.dir/C_/git/imx7ulp-exploration/SDK_2_10_0_EVK-MCIMX7ULP/devices/MCIMX7U5/drivers/fsl_flexio_spi.c.obj
 .text.FLEXIO_EnableShifterStatusDMA
                0x1ffd743c       0x3c CMakeFiles/flexio_spi_edma_lpspi_transfer_master.elf.dir/C_/git/imx7ulp-exploration/SDK_2_10_0_EVK-MCIMX7ULP/devices/MCIMX7U5/drivers/fsl_flexio_spi.c.obj
 .text.FLEXIO_SPI_GetInstance
                0x1ffd7478       0x1c CMakeFiles/flexio_spi_edma_lpspi_transfer_master.elf.dir/C_/git/imx7ulp-exploration/SDK_2_10_0_EVK-MCIMX7ULP/devices/MCIMX7U5/drivers/fsl_flexio_spi.c.obj
 .text.FLEXIO_SPI_MasterInit
                0x1ffd7494      0x2b4 CMakeFiles/flexio_spi_edma_lpspi_transfer_master.elf.dir/C_/git/imx7ulp-exploration/SDK_2_10_0_EVK-MCIMX7ULP/devices/MCIMX7U5/drivers/fsl_flexio_spi.c.obj
                0x1ffd7494                FLEXIO_SPI_MasterInit
 .text.FLEXIO_SPI_MasterDeinit
                0x1ffd7748       0xc0 CMakeFiles/flexio_spi_edma_lpspi_transfer_master.elf.dir/C_/git/imx7ulp-exploration/SDK_2_10_0_EVK-MCIMX7ULP/devices/MCIMX7U5/drivers/fsl_flexio_spi.c.obj
                0x1ffd7748                FLEXIO_SPI_MasterDeinit
 .text.FLEXIO_SPI_MasterGetDefaultConfig
                0x1ffd7808       0x68 CMakeFiles/flexio_spi_edma_lpspi_transfer_master.elf.dir/C_/git/imx7ulp-exploration/SDK_2_10_0_EVK-MCIMX7ULP/devices/MCIMX7U5/drivers/fsl_flexio_spi.c.obj
                0x1ffd7808                FLEXIO_SPI_MasterGetDefaultConfig
 .text.FLEXIO_SPI_EnableDMA
                0x1ffd7870       0x56 CMakeFiles/flexio_spi_edma_lpspi_transfer_master.elf.dir/C_/git/imx7ulp-exploration/SDK_2_10_0_EVK-MCIMX7ULP/devices/MCIMX7U5/drivers/fsl_flexio_spi.c.obj
                0x1ffd7870                FLEXIO_SPI_EnableDMA
 .text.FLEXIO_SPI_GetTxDataRegisterAddress
                0x1ffd78c6       0x42 CMakeFiles/flexio_spi_edma_lpspi_transfer_master.elf.dir/C_/git/imx7ulp-exploration/SDK_2_10_0_EVK-MCIMX7ULP/devices/MCIMX7U5/drivers/fsl_flexio_spi_edma.c.obj
 .text.FLEXIO_SPI_GetRxDataRegisterAddress
                0x1ffd7908       0x42 CMakeFiles/flexio_spi_edma_lpspi_transfer_master.elf.dir/C_/git/imx7ulp-exploration/SDK_2_10_0_EVK-MCIMX7ULP/devices/MCIMX7U5/drivers/fsl_flexio_spi_edma.c.obj
 .text.FLEXIO_SPI_TxEDMACallback
                0x1ffd794a       0x7a CMakeFiles/flexio_spi_edma_lpspi_transfer_master.elf.dir/C_/git/imx7ulp-exploration/SDK_2_10_0_EVK-MCIMX7ULP/devices/MCIMX7U5/drivers/fsl_flexio_spi_edma.c.obj
 .text.FLEXIO_SPI_RxEDMACallback
                0x1ffd79c4       0x7a CMakeFiles/flexio_spi_edma_lpspi_transfer_master.elf.dir/C_/git/imx7ulp-exploration/SDK_2_10_0_EVK-MCIMX7ULP/devices/MCIMX7U5/drivers/fsl_flexio_spi_edma.c.obj
 *fill*         0x1ffd7a3e        0x2 
 .text.FLEXIO_SPI_EDMAConfig
                0x1ffd7a40      0x1d4 CMakeFiles/flexio_spi_edma_lpspi_transfer_master.elf.dir/C_/git/imx7ulp-exploration/SDK_2_10_0_EVK-MCIMX7ULP/devices/MCIMX7U5/drivers/fsl_flexio_spi_edma.c.obj
 .text.FLEXIO_SPI_MasterTransferCreateHandleEDMA
                0x1ffd7c14       0xe4 CMakeFiles/flexio_spi_edma_lpspi_transfer_master.elf.dir/C_/git/imx7ulp-exploration/SDK_2_10_0_EVK-MCIMX7ULP/devices/MCIMX7U5/drivers/fsl_flexio_spi_edma.c.obj
                0x1ffd7c14                FLEXIO_SPI_MasterTransferCreateHandleEDMA
 .text.FLEXIO_SPI_MasterTransferEDMA
                0x1ffd7cf8       0xf4 CMakeFiles/flexio_spi_edma_lpspi_transfer_master.elf.dir/C_/git/imx7ulp-exploration/SDK_2_10_0_EVK-MCIMX7ULP/devices/MCIMX7U5/drivers/fsl_flexio_spi_edma.c.obj
                0x1ffd7cf8                FLEXIO_SPI_MasterTransferEDMA
 .text.__NVIC_EnableIRQ
                0x1ffd7dec       0x3c CMakeFiles/flexio_spi_edma_lpspi_transfer_master.elf.dir/C_/git/imx7ulp-exploration/SDK_2_10_0_EVK-MCIMX7ULP/devices/MCIMX7U5/drivers/fsl_lpspi.c.obj
 .text.CLOCK_EnableClock
                0x1ffd7e28       0x40 CMakeFiles/flexio_spi_edma_lpspi_transfer_master.elf.dir/C_/git/imx7ulp-exploration/SDK_2_10_0_EVK-MCIMX7ULP/devices/MCIMX7U5/drivers/fsl_lpspi.c.obj
 .text.CLOCK_DisableClock
                0x1ffd7e68       0x40 CMakeFiles/flexio_spi_edma_lpspi_transfer_master.elf.dir/C_/git/imx7ulp-exploration/SDK_2_10_0_EVK-MCIMX7ULP/devices/MCIMX7U5/drivers/fsl_lpspi.c.obj
 .text.EnableIRQ
                0x1ffd7ea8       0x32 CMakeFiles/flexio_spi_edma_lpspi_transfer_master.elf.dir/C_/git/imx7ulp-exploration/SDK_2_10_0_EVK-MCIMX7ULP/devices/MCIMX7U5/drivers/fsl_lpspi.c.obj
 .text.LPSPI_Enable
                0x1ffd7eda       0x38 CMakeFiles/flexio_spi_edma_lpspi_transfer_master.elf.dir/C_/git/imx7ulp-exploration/SDK_2_10_0_EVK-MCIMX7ULP/devices/MCIMX7U5/drivers/fsl_lpspi.c.obj
 .text.LPSPI_GetStatusFlags
                0x1ffd7f12       0x18 CMakeFiles/flexio_spi_edma_lpspi_transfer_master.elf.dir/C_/git/imx7ulp-exploration/SDK_2_10_0_EVK-MCIMX7ULP/devices/MCIMX7U5/drivers/fsl_lpspi.c.obj
 .text.LPSPI_GetRxFifoSize
                0x1ffd7f2a       0x24 CMakeFiles/flexio_spi_edma_lpspi_transfer_master.elf.dir/C_/git/imx7ulp-exploration/SDK_2_10_0_EVK-MCIMX7ULP/devices/MCIMX7U5/drivers/fsl_lpspi.c.obj
 .text.LPSPI_GetTxFifoCount
                0x1ffd7f4e       0x1c CMakeFiles/flexio_spi_edma_lpspi_transfer_master.elf.dir/C_/git/imx7ulp-exploration/SDK_2_10_0_EVK-MCIMX7ULP/devices/MCIMX7U5/drivers/fsl_lpspi.c.obj
 .text.LPSPI_GetRxFifoCount
                0x1ffd7f6a       0x1e CMakeFiles/flexio_spi_edma_lpspi_transfer_master.elf.dir/C_/git/imx7ulp-exploration/SDK_2_10_0_EVK-MCIMX7ULP/devices/MCIMX7U5/drivers/fsl_lpspi.c.obj
 .text.LPSPI_ClearStatusFlags
                0x1ffd7f88       0x1c CMakeFiles/flexio_spi_edma_lpspi_transfer_master.elf.dir/C_/git/imx7ulp-exploration/SDK_2_10_0_EVK-MCIMX7ULP/devices/MCIMX7U5/drivers/fsl_lpspi.c.obj
 .text.LPSPI_EnableInterrupts
                0x1ffd7fa4       0x22 CMakeFiles/flexio_spi_edma_lpspi_transfer_master.elf.dir/C_/git/imx7ulp-exploration/SDK_2_10_0_EVK-MCIMX7ULP/devices/MCIMX7U5/drivers/fsl_lpspi.c.obj
 .text.LPSPI_DisableInterrupts
                0x1ffd7fc6       0x24 CMakeFiles/flexio_spi_edma_lpspi_transfer_master.elf.dir/C_/git/imx7ulp-exploration/SDK_2_10_0_EVK-MCIMX7ULP/devices/MCIMX7U5/drivers/fsl_lpspi.c.obj
 .text.LPSPI_SetMasterSlaveMode
                0x1ffd7fea       0x2c CMakeFiles/flexio_spi_edma_lpspi_transfer_master.elf.dir/C_/git/imx7ulp-exploration/SDK_2_10_0_EVK-MCIMX7ULP/devices/MCIMX7U5/drivers/fsl_lpspi.c.obj
 .text.LPSPI_IsMaster
                0x1ffd8016       0x26 CMakeFiles/flexio_spi_edma_lpspi_transfer_master.elf.dir/C_/git/imx7ulp-exploration/SDK_2_10_0_EVK-MCIMX7ULP/devices/MCIMX7U5/drivers/fsl_lpspi.c.obj
 .text.LPSPI_FlushFifo
                0x1ffd803c       0x30 CMakeFiles/flexio_spi_edma_lpspi_transfer_master.elf.dir/C_/git/imx7ulp-exploration/SDK_2_10_0_EVK-MCIMX7ULP/devices/MCIMX7U5/drivers/fsl_lpspi.c.obj
 .text.LPSPI_SetFifoWatermarks
                0x1ffd806c       0x2c CMakeFiles/flexio_spi_edma_lpspi_transfer_master.elf.dir/C_/git/imx7ulp-exploration/SDK_2_10_0_EVK-MCIMX7ULP/devices/MCIMX7U5/drivers/fsl_lpspi.c.obj
 .text.LPSPI_WriteData
                0x1ffd8098       0x1c CMakeFiles/flexio_spi_edma_lpspi_transfer_master.elf.dir/C_/git/imx7ulp-exploration/SDK_2_10_0_EVK-MCIMX7ULP/devices/MCIMX7U5/drivers/fsl_lpspi.c.obj
 .text.LPSPI_ReadData
                0x1ffd80b4       0x18 CMakeFiles/flexio_spi_edma_lpspi_transfer_master.elf.dir/C_/git/imx7ulp-exploration/SDK_2_10_0_EVK-MCIMX7ULP/devices/MCIMX7U5/drivers/fsl_lpspi.c.obj
 .text.LPSPI_GetInstance
                0x1ffd80cc       0x5c CMakeFiles/flexio_spi_edma_lpspi_transfer_master.elf.dir/C_/git/imx7ulp-exploration/SDK_2_10_0_EVK-MCIMX7ULP/devices/MCIMX7U5/drivers/fsl_lpspi.c.obj
                0x1ffd80cc                LPSPI_GetInstance
 .text.LPSPI_SetDummyData
                0x1ffd8128       0x2c CMakeFiles/flexio_spi_edma_lpspi_transfer_master.elf.dir/C_/git/imx7ulp-exploration/SDK_2_10_0_EVK-MCIMX7ULP/devices/MCIMX7U5/drivers/fsl_lpspi.c.obj
                0x1ffd8128                LPSPI_SetDummyData
 .text.LPSPI_SlaveInit
                0x1ffd8154       0xd0 CMakeFiles/flexio_spi_edma_lpspi_transfer_master.elf.dir/C_/git/imx7ulp-exploration/SDK_2_10_0_EVK-MCIMX7ULP/devices/MCIMX7U5/drivers/fsl_lpspi.c.obj
                0x1ffd8154                LPSPI_SlaveInit
 .text.LPSPI_Reset
                0x1ffd8224       0x32 CMakeFiles/flexio_spi_edma_lpspi_transfer_master.elf.dir/C_/git/imx7ulp-exploration/SDK_2_10_0_EVK-MCIMX7ULP/devices/MCIMX7U5/drivers/fsl_lpspi.c.obj
                0x1ffd8224                LPSPI_Reset
 *fill*         0x1ffd8256        0x2 
 .text.LPSPI_Deinit
                0x1ffd8258       0x30 CMakeFiles/flexio_spi_edma_lpspi_transfer_master.elf.dir/C_/git/imx7ulp-exploration/SDK_2_10_0_EVK-MCIMX7ULP/devices/MCIMX7U5/drivers/fsl_lpspi.c.obj
                0x1ffd8258                LPSPI_Deinit
 .text.LPSPI_SetOnePcsPolarity
                0x1ffd8288       0x44 CMakeFiles/flexio_spi_edma_lpspi_transfer_master.elf.dir/C_/git/imx7ulp-exploration/SDK_2_10_0_EVK-MCIMX7ULP/devices/MCIMX7U5/drivers/fsl_lpspi.c.obj
 .text.LPSPI_CheckTransferArgument
                0x1ffd82cc      0x114 CMakeFiles/flexio_spi_edma_lpspi_transfer_master.elf.dir/C_/git/imx7ulp-exploration/SDK_2_10_0_EVK-MCIMX7ULP/devices/MCIMX7U5/drivers/fsl_lpspi.c.obj
                0x1ffd82cc                LPSPI_CheckTransferArgument
 .text.LPSPI_SlaveTransferCreateHandle
                0x1ffd83e0       0x70 CMakeFiles/flexio_spi_edma_lpspi_transfer_master.elf.dir/C_/git/imx7ulp-exploration/SDK_2_10_0_EVK-MCIMX7ULP/devices/MCIMX7U5/drivers/fsl_lpspi.c.obj
                0x1ffd83e0                LPSPI_SlaveTransferCreateHandle
 .text.LPSPI_SlaveTransferNonBlocking
                0x1ffd8450      0x284 CMakeFiles/flexio_spi_edma_lpspi_transfer_master.elf.dir/C_/git/imx7ulp-exploration/SDK_2_10_0_EVK-MCIMX7ULP/devices/MCIMX7U5/drivers/fsl_lpspi.c.obj
                0x1ffd8450                LPSPI_SlaveTransferNonBlocking
 .text.LPSPI_SlaveTransferFillUpTxFifo
                0x1ffd86d4       0xac CMakeFiles/flexio_spi_edma_lpspi_transfer_master.elf.dir/C_/git/imx7ulp-exploration/SDK_2_10_0_EVK-MCIMX7ULP/devices/MCIMX7U5/drivers/fsl_lpspi.c.obj
 .text.LPSPI_SlaveTransferComplete
                0x1ffd8780       0x78 CMakeFiles/flexio_spi_edma_lpspi_transfer_master.elf.dir/C_/git/imx7ulp-exploration/SDK_2_10_0_EVK-MCIMX7ULP/devices/MCIMX7U5/drivers/fsl_lpspi.c.obj
 .text.LPSPI_SlaveTransferHandleIRQ
                0x1ffd87f8      0x214 CMakeFiles/flexio_spi_edma_lpspi_transfer_master.elf.dir/C_/git/imx7ulp-exploration/SDK_2_10_0_EVK-MCIMX7ULP/devices/MCIMX7U5/drivers/fsl_lpspi.c.obj
                0x1ffd87f8                LPSPI_SlaveTransferHandleIRQ
 .text.LPSPI_CombineWriteData
                0x1ffd8a0c      0x1d4 CMakeFiles/flexio_spi_edma_lpspi_transfer_master.elf.dir/C_/git/imx7ulp-exploration/SDK_2_10_0_EVK-MCIMX7ULP/devices/MCIMX7U5/drivers/fsl_lpspi.c.obj
 .text.LPSPI_SeparateReadData
                0x1ffd8be0      0x1c8 CMakeFiles/flexio_spi_edma_lpspi_transfer_master.elf.dir/C_/git/imx7ulp-exploration/SDK_2_10_0_EVK-MCIMX7ULP/devices/MCIMX7U5/drivers/fsl_lpspi.c.obj
 .text.LPSPI_TxFifoReady
                0x1ffd8da8       0x22 CMakeFiles/flexio_spi_edma_lpspi_transfer_master.elf.dir/C_/git/imx7ulp-exploration/SDK_2_10_0_EVK-MCIMX7ULP/devices/MCIMX7U5/drivers/fsl_lpspi.c.obj
 *fill*         0x1ffd8dca        0x2 
 .text.LPSPI_CommonIRQHandler
                0x1ffd8dcc       0x44 CMakeFiles/flexio_spi_edma_lpspi_transfer_master.elf.dir/C_/git/imx7ulp-exploration/SDK_2_10_0_EVK-MCIMX7ULP/devices/MCIMX7U5/drivers/fsl_lpspi.c.obj
 .text.LPSPI0_DriverIRQHandler
                0x1ffd8e10       0x40 CMakeFiles/flexio_spi_edma_lpspi_transfer_master.elf.dir/C_/git/imx7ulp-exploration/SDK_2_10_0_EVK-MCIMX7ULP/devices/MCIMX7U5/drivers/fsl_lpspi.c.obj
                0x1ffd8e10                LPSPI0_DriverIRQHandler
 .text.LPSPI1_DriverIRQHandler
                0x1ffd8e50       0x40 CMakeFiles/flexio_spi_edma_lpspi_transfer_master.elf.dir/C_/git/imx7ulp-exploration/SDK_2_10_0_EVK-MCIMX7ULP/devices/MCIMX7U5/drivers/fsl_lpspi.c.obj
                0x1ffd8e50                LPSPI1_DriverIRQHandler
 .text.exit     0x1ffd8e90       0x28 c:/progra~2/gnuarm~1/102020~1/bin/../lib/gcc/arm-none-eabi/10.2.1/../../../../arm-none-eabi/lib/thumb/v7e-m+fp/hard\libc_nano.a(lib_a-exit.o)
                0x1ffd8e90                exit
 .text.__libc_init_array
                0x1ffd8eb8       0x48 c:/progra~2/gnuarm~1/102020~1/bin/../lib/gcc/arm-none-eabi/10.2.1/../../../../arm-none-eabi/lib/thumb/v7e-m+fp/hard\libc_nano.a(lib_a-init.o)
                0x1ffd8eb8                __libc_init_array
 .text.memset   0x1ffd8f00       0x10 c:/progra~2/gnuarm~1/102020~1/bin/../lib/gcc/arm-none-eabi/10.2.1/../../../../arm-none-eabi/lib/thumb/v7e-m+fp/hard\libc_nano.a(lib_a-memset.o)
                0x1ffd8f00                memset
 .text._exit    0x1ffd8f10        0x4 c:/progra~2/gnuarm~1/102020~1/bin/../lib/gcc/arm-none-eabi/10.2.1/../../../../arm-none-eabi/lib/thumb/v7e-m+fp/hard\libnosys.a(_exit.o)
                0x1ffd8f10                _exit
 *(.rodata)
 .rodata        0x1ffd8f14      0x3b8 CMakeFiles/flexio_spi_edma_lpspi_transfer_master.elf.dir/C_/git/imx7ulp-exploration/src/flexio_spi_edma_lpspi_transfer_master.c.obj
 .rodata        0x1ffd92cc       0x9d CMakeFiles/flexio_spi_edma_lpspi_transfer_master.elf.dir/C_/git/imx7ulp-exploration/src/board.c.obj
 *fill*         0x1ffd9369        0x3 
 .rodata        0x1ffd936c      0x114 CMakeFiles/flexio_spi_edma_lpspi_transfer_master.elf.dir/C_/git/imx7ulp-exploration/SDK_2_10_0_EVK-MCIMX7ULP/components/uart/fsl_adapter_lpuart.c.obj
 .rodata        0x1ffd9480      0x200 CMakeFiles/flexio_spi_edma_lpspi_transfer_master.elf.dir/C_/git/imx7ulp-exploration/SDK_2_10_0_EVK-MCIMX7ULP/devices/MCIMX7U5/drivers/fsl_clock.c.obj
 .rodata        0x1ffd9680       0x4c CMakeFiles/flexio_spi_edma_lpspi_transfer_master.elf.dir/C_/git/imx7ulp-exploration/SDK_2_10_0_EVK-MCIMX7ULP/devices/MCIMX7U5/system_MCIMX7U5_cm4.c.obj
 .rodata        0x1ffd96cc      0x2aa CMakeFiles/flexio_spi_edma_lpspi_transfer_master.elf.dir/C_/git/imx7ulp-exploration/SDK_2_10_0_EVK-MCIMX7ULP/devices/MCIMX7U5/drivers/fsl_lpuart.c.obj
 *fill*         0x1ffd9976        0x2 
 .rodata        0x1ffd9978       0x3e CMakeFiles/flexio_spi_edma_lpspi_transfer_master.elf.dir/C_/git/imx7ulp-exploration/SDK_2_10_0_EVK-MCIMX7ULP/devices/MCIMX7U5/utilities/debug_console_lite/fsl_assert.c.obj
 *fill*         0x1ffd99b6        0x2 
 .rodata        0x1ffd99b8      0x11a CMakeFiles/flexio_spi_edma_lpspi_transfer_master.elf.dir/C_/git/imx7ulp-exploration/SDK_2_10_0_EVK-MCIMX7ULP/devices/MCIMX7U5/drivers/fsl_dmamux.c.obj
 *fill*         0x1ffd9ad2        0x2 
 .rodata        0x1ffd9ad4      0x42d CMakeFiles/flexio_spi_edma_lpspi_transfer_master.elf.dir/C_/git/imx7ulp-exploration/SDK_2_10_0_EVK-MCIMX7ULP/devices/MCIMX7U5/drivers/fsl_edma.c.obj
 *fill*         0x1ffd9f01        0x3 
 .rodata        0x1ffd9f04      0x17c CMakeFiles/flexio_spi_edma_lpspi_transfer_master.elf.dir/C_/git/imx7ulp-exploration/SDK_2_10_0_EVK-MCIMX7ULP/devices/MCIMX7U5/drivers/fsl_flexio.c.obj
 .rodata        0x1ffda080      0x1ae CMakeFiles/flexio_spi_edma_lpspi_transfer_master.elf.dir/C_/git/imx7ulp-exploration/SDK_2_10_0_EVK-MCIMX7ULP/devices/MCIMX7U5/drivers/fsl_flexio_spi.c.obj
 *fill*         0x1ffda22e        0x2 
 .rodata        0x1ffda230       0x81 CMakeFiles/flexio_spi_edma_lpspi_transfer_master.elf.dir/C_/git/imx7ulp-exploration/SDK_2_10_0_EVK-MCIMX7ULP/devices/MCIMX7U5/drivers/fsl_flexio_spi_edma.c.obj
 *fill*         0x1ffda2b1        0x3 
 .rodata        0x1ffda2b4      0x219 CMakeFiles/flexio_spi_edma_lpspi_transfer_master.elf.dir/C_/git/imx7ulp-exploration/SDK_2_10_0_EVK-MCIMX7ULP/devices/MCIMX7U5/drivers/fsl_lpspi.c.obj
 *(.rodata*)
 *fill*         0x1ffda4cd        0x3 
 .rodata.__func__.2
                0x1ffda4d0        0xf CMakeFiles/flexio_spi_edma_lpspi_transfer_master.elf.dir/C_/git/imx7ulp-exploration/src/flexio_spi_edma_lpspi_transfer_master.c.obj
 *fill*         0x1ffda4df        0x1 
 .rodata.__func__.1
                0x1ffda4e0       0x11 CMakeFiles/flexio_spi_edma_lpspi_transfer_master.elf.dir/C_/git/imx7ulp-exploration/src/flexio_spi_edma_lpspi_transfer_master.c.obj
 *fill*         0x1ffda4f1        0x3 
 .rodata.__func__.0
                0x1ffda4f4       0x15 CMakeFiles/flexio_spi_edma_lpspi_transfer_master.elf.dir/C_/git/imx7ulp-exploration/src/flexio_spi_edma_lpspi_transfer_master.c.obj
 *fill*         0x1ffda509        0x3 
 .rodata.__func__.0
                0x1ffda50c        0xf CMakeFiles/flexio_spi_edma_lpspi_transfer_master.elf.dir/C_/git/imx7ulp-exploration/src/board.c.obj
 *fill*         0x1ffda51b        0x1 
 .rodata.g_scgSysOscConfig
                0x1ffda51c       0x10 CMakeFiles/flexio_spi_edma_lpspi_transfer_master.elf.dir/C_/git/imx7ulp-exploration/src/clock_config.c.obj
                0x1ffda51c                g_scgSysOscConfig
 .rodata.g_scgSircConfig
                0x1ffda52c        0x8 CMakeFiles/flexio_spi_edma_lpspi_transfer_master.elf.dir/C_/git/imx7ulp-exploration/src/clock_config.c.obj
                0x1ffda52c                g_scgSircConfig
 .rodata.g_scgFircConfig
                0x1ffda534        0xc CMakeFiles/flexio_spi_edma_lpspi_transfer_master.elf.dir/C_/git/imx7ulp-exploration/src/clock_config.c.obj
                0x1ffda534                g_scgFircConfig
 .rodata.g_scgSysPllConfig
                0x1ffda540        0x9 CMakeFiles/flexio_spi_edma_lpspi_transfer_master.elf.dir/C_/git/imx7ulp-exploration/src/clock_config.c.obj
                0x1ffda540                g_scgSysPllConfig
 *fill*         0x1ffda549        0x3 
 .rodata.g_scgAuxPllConfig
                0x1ffda54c       0x14 CMakeFiles/flexio_spi_edma_lpspi_transfer_master.elf.dir/C_/git/imx7ulp-exploration/src/clock_config.c.obj
                0x1ffda54c                g_scgAuxPllConfig
 .rodata.g_sysClkConfigNormalRun
                0x1ffda560        0x4 CMakeFiles/flexio_spi_edma_lpspi_transfer_master.elf.dir/C_/git/imx7ulp-exploration/src/clock_config.c.obj
                0x1ffda560                g_sysClkConfigNormalRun
 .rodata.g_sysClkConfigVlpr
                0x1ffda564        0x4 CMakeFiles/flexio_spi_edma_lpspi_transfer_master.elf.dir/C_/git/imx7ulp-exploration/src/clock_config.c.obj
                0x1ffda564                g_sysClkConfigVlpr
 .rodata.s_LpuartAdapterBase
                0x1ffda568       0x20 CMakeFiles/flexio_spi_edma_lpspi_transfer_master.elf.dir/C_/git/imx7ulp-exploration/SDK_2_10_0_EVK-MCIMX7ULP/components/uart/fsl_adapter_lpuart.c.obj
 .rodata.__func__.4
                0x1ffda588        0xd CMakeFiles/flexio_spi_edma_lpspi_transfer_master.elf.dir/C_/git/imx7ulp-exploration/SDK_2_10_0_EVK-MCIMX7ULP/components/uart/fsl_adapter_lpuart.c.obj
 *fill*         0x1ffda595        0x3 
 .rodata.__func__.2
                0x1ffda598       0x18 CMakeFiles/flexio_spi_edma_lpspi_transfer_master.elf.dir/C_/git/imx7ulp-exploration/SDK_2_10_0_EVK-MCIMX7ULP/components/uart/fsl_adapter_lpuart.c.obj
 .rodata.__func__.1
                0x1ffda5b0       0x15 CMakeFiles/flexio_spi_edma_lpspi_transfer_master.elf.dir/C_/git/imx7ulp-exploration/SDK_2_10_0_EVK-MCIMX7ULP/components/uart/fsl_adapter_lpuart.c.obj
 *fill*         0x1ffda5c5        0x3 
 .rodata.s_spllMulti
                0x1ffda5c8        0x8 CMakeFiles/flexio_spi_edma_lpspi_transfer_master.elf.dir/C_/git/imx7ulp-exploration/SDK_2_10_0_EVK-MCIMX7ULP/devices/MCIMX7U5/drivers/fsl_clock.c.obj
 .rodata.__func__.12
                0x1ffda5d0       0x10 CMakeFiles/flexio_spi_edma_lpspi_transfer_master.elf.dir/C_/git/imx7ulp-exploration/SDK_2_10_0_EVK-MCIMX7ULP/devices/MCIMX7U5/drivers/fsl_clock.c.obj
 .rodata.__func__.11
                0x1ffda5e0       0x19 CMakeFiles/flexio_spi_edma_lpspi_transfer_master.elf.dir/C_/git/imx7ulp-exploration/SDK_2_10_0_EVK-MCIMX7ULP/devices/MCIMX7U5/drivers/fsl_clock.c.obj
 *fill*         0x1ffda5f9        0x3 
 .rodata.__func__.10
                0x1ffda5fc       0x11 CMakeFiles/flexio_spi_edma_lpspi_transfer_master.elf.dir/C_/git/imx7ulp-exploration/SDK_2_10_0_EVK-MCIMX7ULP/devices/MCIMX7U5/drivers/fsl_clock.c.obj
 *fill*         0x1ffda60d        0x3 
 .rodata.__func__.9
                0x1ffda610       0x14 CMakeFiles/flexio_spi_edma_lpspi_transfer_master.elf.dir/C_/git/imx7ulp-exploration/SDK_2_10_0_EVK-MCIMX7ULP/devices/MCIMX7U5/drivers/fsl_clock.c.obj
 .rodata.__func__.8
                0x1ffda624        0xf CMakeFiles/flexio_spi_edma_lpspi_transfer_master.elf.dir/C_/git/imx7ulp-exploration/SDK_2_10_0_EVK-MCIMX7ULP/devices/MCIMX7U5/drivers/fsl_clock.c.obj
 *fill*         0x1ffda633        0x1 
 .rodata.sircFreq.7
                0x1ffda634        0x8 CMakeFiles/flexio_spi_edma_lpspi_transfer_master.elf.dir/C_/git/imx7ulp-exploration/SDK_2_10_0_EVK-MCIMX7ULP/devices/MCIMX7U5/drivers/fsl_clock.c.obj
 .rodata.__func__.6
                0x1ffda63c        0xf CMakeFiles/flexio_spi_edma_lpspi_transfer_master.elf.dir/C_/git/imx7ulp-exploration/SDK_2_10_0_EVK-MCIMX7ULP/devices/MCIMX7U5/drivers/fsl_clock.c.obj
 *fill*         0x1ffda64b        0x1 
 .rodata.fircFreq.5
                0x1ffda64c       0x10 CMakeFiles/flexio_spi_edma_lpspi_transfer_master.elf.dir/C_/git/imx7ulp-exploration/SDK_2_10_0_EVK-MCIMX7ULP/devices/MCIMX7U5/drivers/fsl_clock.c.obj
 .rodata.__func__.4
                0x1ffda65c       0x14 CMakeFiles/flexio_spi_edma_lpspi_transfer_master.elf.dir/C_/git/imx7ulp-exploration/SDK_2_10_0_EVK-MCIMX7ULP/devices/MCIMX7U5/drivers/fsl_clock.c.obj
 .rodata.__func__.3
                0x1ffda670       0x11 CMakeFiles/flexio_spi_edma_lpspi_transfer_master.elf.dir/C_/git/imx7ulp-exploration/SDK_2_10_0_EVK-MCIMX7ULP/devices/MCIMX7U5/drivers/fsl_clock.c.obj
 *fill*         0x1ffda681        0x3 
 .rodata.__func__.2
                0x1ffda684       0x1c CMakeFiles/flexio_spi_edma_lpspi_transfer_master.elf.dir/C_/git/imx7ulp-exploration/SDK_2_10_0_EVK-MCIMX7ULP/devices/MCIMX7U5/drivers/fsl_clock.c.obj
 .rodata.__func__.1
                0x1ffda6a0       0x11 CMakeFiles/flexio_spi_edma_lpspi_transfer_master.elf.dir/C_/git/imx7ulp-exploration/SDK_2_10_0_EVK-MCIMX7ULP/devices/MCIMX7U5/drivers/fsl_clock.c.obj
 *fill*         0x1ffda6b1        0x3 
 .rodata.__func__.0
                0x1ffda6b4       0x1c CMakeFiles/flexio_spi_edma_lpspi_transfer_master.elf.dir/C_/git/imx7ulp-exploration/SDK_2_10_0_EVK-MCIMX7ULP/devices/MCIMX7U5/drivers/fsl_clock.c.obj
 .rodata.s_lpuartBases
                0x1ffda6d0       0x20 CMakeFiles/flexio_spi_edma_lpspi_transfer_master.elf.dir/C_/git/imx7ulp-exploration/SDK_2_10_0_EVK-MCIMX7ULP/devices/MCIMX7U5/drivers/fsl_lpuart.c.obj
 .rodata.s_lpuartClock
                0x1ffda6f0       0x20 CMakeFiles/flexio_spi_edma_lpspi_transfer_master.elf.dir/C_/git/imx7ulp-exploration/SDK_2_10_0_EVK-MCIMX7ULP/devices/MCIMX7U5/drivers/fsl_lpuart.c.obj
 .rodata.__func__.23
                0x1ffda710       0x13 CMakeFiles/flexio_spi_edma_lpspi_transfer_master.elf.dir/C_/git/imx7ulp-exploration/SDK_2_10_0_EVK-MCIMX7ULP/devices/MCIMX7U5/drivers/fsl_lpuart.c.obj
 *fill*         0x1ffda723        0x1 
 .rodata.__func__.18
                0x1ffda724        0xc CMakeFiles/flexio_spi_edma_lpspi_transfer_master.elf.dir/C_/git/imx7ulp-exploration/SDK_2_10_0_EVK-MCIMX7ULP/devices/MCIMX7U5/drivers/fsl_lpuart.c.obj
 .rodata.__func__.17
                0x1ffda730       0x12 CMakeFiles/flexio_spi_edma_lpspi_transfer_master.elf.dir/C_/git/imx7ulp-exploration/SDK_2_10_0_EVK-MCIMX7ULP/devices/MCIMX7U5/drivers/fsl_lpuart.c.obj
 *fill*         0x1ffda742        0x2 
 .rodata.__func__.15
                0x1ffda744       0x18 CMakeFiles/flexio_spi_edma_lpspi_transfer_master.elf.dir/C_/git/imx7ulp-exploration/SDK_2_10_0_EVK-MCIMX7ULP/devices/MCIMX7U5/drivers/fsl_lpuart.c.obj
 .rodata.__func__.11
                0x1ffda75c       0x15 CMakeFiles/flexio_spi_edma_lpspi_transfer_master.elf.dir/C_/git/imx7ulp-exploration/SDK_2_10_0_EVK-MCIMX7ULP/devices/MCIMX7U5/drivers/fsl_lpuart.c.obj
 *fill*         0x1ffda771        0x3 
 .rodata.__func__.10
                0x1ffda774       0x14 CMakeFiles/flexio_spi_edma_lpspi_transfer_master.elf.dir/C_/git/imx7ulp-exploration/SDK_2_10_0_EVK-MCIMX7ULP/devices/MCIMX7U5/drivers/fsl_lpuart.c.obj
 .rodata.s_dmamuxBases
                0x1ffda788        0x8 CMakeFiles/flexio_spi_edma_lpspi_transfer_master.elf.dir/C_/git/imx7ulp-exploration/SDK_2_10_0_EVK-MCIMX7ULP/devices/MCIMX7U5/drivers/fsl_dmamux.c.obj
 .rodata.s_dmamuxClockName
                0x1ffda790        0x8 CMakeFiles/flexio_spi_edma_lpspi_transfer_master.elf.dir/C_/git/imx7ulp-exploration/SDK_2_10_0_EVK-MCIMX7ULP/devices/MCIMX7U5/drivers/fsl_dmamux.c.obj
 .rodata.__func__.2
                0x1ffda798       0x13 CMakeFiles/flexio_spi_edma_lpspi_transfer_master.elf.dir/C_/git/imx7ulp-exploration/SDK_2_10_0_EVK-MCIMX7ULP/devices/MCIMX7U5/drivers/fsl_dmamux.c.obj
 *fill*         0x1ffda7ab        0x1 
 .rodata.__func__.1
                0x1ffda7ac       0x12 CMakeFiles/flexio_spi_edma_lpspi_transfer_master.elf.dir/C_/git/imx7ulp-exploration/SDK_2_10_0_EVK-MCIMX7ULP/devices/MCIMX7U5/drivers/fsl_dmamux.c.obj
 *fill*         0x1ffda7be        0x2 
 .rodata.s_edmaBases
                0x1ffda7c0        0x8 CMakeFiles/flexio_spi_edma_lpspi_transfer_master.elf.dir/C_/git/imx7ulp-exploration/SDK_2_10_0_EVK-MCIMX7ULP/devices/MCIMX7U5/drivers/fsl_edma.c.obj
 .rodata.s_edmaClockName
                0x1ffda7c8        0x8 CMakeFiles/flexio_spi_edma_lpspi_transfer_master.elf.dir/C_/git/imx7ulp-exploration/SDK_2_10_0_EVK-MCIMX7ULP/devices/MCIMX7U5/drivers/fsl_edma.c.obj
 .rodata.s_edmaIRQNumber
                0x1ffda7d0       0x40 CMakeFiles/flexio_spi_edma_lpspi_transfer_master.elf.dir/C_/git/imx7ulp-exploration/SDK_2_10_0_EVK-MCIMX7ULP/devices/MCIMX7U5/drivers/fsl_edma.c.obj
 .rodata.__func__.38
                0x1ffda810       0x11 CMakeFiles/flexio_spi_edma_lpspi_transfer_master.elf.dir/C_/git/imx7ulp-exploration/SDK_2_10_0_EVK-MCIMX7ULP/devices/MCIMX7U5/drivers/fsl_edma.c.obj
 *fill*         0x1ffda821        0x3 
 .rodata.__func__.37
                0x1ffda824       0x10 CMakeFiles/flexio_spi_edma_lpspi_transfer_master.elf.dir/C_/git/imx7ulp-exploration/SDK_2_10_0_EVK-MCIMX7ULP/devices/MCIMX7U5/drivers/fsl_edma.c.obj
 .rodata.__func__.36
                0x1ffda834        0xa CMakeFiles/flexio_spi_edma_lpspi_transfer_master.elf.dir/C_/git/imx7ulp-exploration/SDK_2_10_0_EVK-MCIMX7ULP/devices/MCIMX7U5/drivers/fsl_edma.c.obj
 *fill*         0x1ffda83e        0x2 
 .rodata.__func__.35
                0x1ffda840       0x12 CMakeFiles/flexio_spi_edma_lpspi_transfer_master.elf.dir/C_/git/imx7ulp-exploration/SDK_2_10_0_EVK-MCIMX7ULP/devices/MCIMX7U5/drivers/fsl_edma.c.obj
 *fill*         0x1ffda852        0x2 
 .rodata.__func__.33
                0x1ffda854       0x16 CMakeFiles/flexio_spi_edma_lpspi_transfer_master.elf.dir/C_/git/imx7ulp-exploration/SDK_2_10_0_EVK-MCIMX7ULP/devices/MCIMX7U5/drivers/fsl_edma.c.obj
 *fill*         0x1ffda86a        0x2 
 .rodata.__func__.31
                0x1ffda86c       0x17 CMakeFiles/flexio_spi_edma_lpspi_transfer_master.elf.dir/C_/git/imx7ulp-exploration/SDK_2_10_0_EVK-MCIMX7ULP/devices/MCIMX7U5/drivers/fsl_edma.c.obj
 *fill*         0x1ffda883        0x1 
 .rodata.__func__.22
                0x1ffda884        0xe CMakeFiles/flexio_spi_edma_lpspi_transfer_master.elf.dir/C_/git/imx7ulp-exploration/SDK_2_10_0_EVK-MCIMX7ULP/devices/MCIMX7U5/drivers/fsl_edma.c.obj
 *fill*         0x1ffda892        0x2 
 .rodata.__func__.21
                0x1ffda894       0x1a CMakeFiles/flexio_spi_edma_lpspi_transfer_master.elf.dir/C_/git/imx7ulp-exploration/SDK_2_10_0_EVK-MCIMX7ULP/devices/MCIMX7U5/drivers/fsl_edma.c.obj
 *fill*         0x1ffda8ae        0x2 
 .rodata.__func__.13
                0x1ffda8b0       0x1b CMakeFiles/flexio_spi_edma_lpspi_transfer_master.elf.dir/C_/git/imx7ulp-exploration/SDK_2_10_0_EVK-MCIMX7ULP/devices/MCIMX7U5/drivers/fsl_edma.c.obj
 *fill*         0x1ffda8cb        0x1 
 .rodata.__func__.10
                0x1ffda8cc       0x17 CMakeFiles/flexio_spi_edma_lpspi_transfer_master.elf.dir/C_/git/imx7ulp-exploration/SDK_2_10_0_EVK-MCIMX7ULP/devices/MCIMX7U5/drivers/fsl_edma.c.obj
 *fill*         0x1ffda8e3        0x1 
 .rodata.__func__.9
                0x1ffda8e4       0x12 CMakeFiles/flexio_spi_edma_lpspi_transfer_master.elf.dir/C_/git/imx7ulp-exploration/SDK_2_10_0_EVK-MCIMX7ULP/devices/MCIMX7U5/drivers/fsl_edma.c.obj
 *fill*         0x1ffda8f6        0x2 
 .rodata.__func__.7
                0x1ffda8f8       0x11 CMakeFiles/flexio_spi_edma_lpspi_transfer_master.elf.dir/C_/git/imx7ulp-exploration/SDK_2_10_0_EVK-MCIMX7ULP/devices/MCIMX7U5/drivers/fsl_edma.c.obj
 *fill*         0x1ffda909        0x3 
 .rodata.__func__.3
                0x1ffda90c       0x14 CMakeFiles/flexio_spi_edma_lpspi_transfer_master.elf.dir/C_/git/imx7ulp-exploration/SDK_2_10_0_EVK-MCIMX7ULP/devices/MCIMX7U5/drivers/fsl_edma.c.obj
 .rodata.__func__.2
                0x1ffda920       0x13 CMakeFiles/flexio_spi_edma_lpspi_transfer_master.elf.dir/C_/git/imx7ulp-exploration/SDK_2_10_0_EVK-MCIMX7ULP/devices/MCIMX7U5/drivers/fsl_edma.c.obj
 *fill*         0x1ffda933        0x1 
 .rodata.__func__.0
                0x1ffda934        0xf CMakeFiles/flexio_spi_edma_lpspi_transfer_master.elf.dir/C_/git/imx7ulp-exploration/SDK_2_10_0_EVK-MCIMX7ULP/devices/MCIMX7U5/drivers/fsl_edma.c.obj
 *fill*         0x1ffda943        0x1 
 .rodata.s_flexioBases
                0x1ffda944        0x8 CMakeFiles/flexio_spi_edma_lpspi_transfer_master.elf.dir/C_/git/imx7ulp-exploration/SDK_2_10_0_EVK-MCIMX7ULP/devices/MCIMX7U5/drivers/fsl_flexio.c.obj
                0x1ffda944                s_flexioBases
 .rodata.s_flexioClocks
                0x1ffda94c        0x8 CMakeFiles/flexio_spi_edma_lpspi_transfer_master.elf.dir/C_/git/imx7ulp-exploration/SDK_2_10_0_EVK-MCIMX7ULP/devices/MCIMX7U5/drivers/fsl_flexio.c.obj
                0x1ffda94c                s_flexioClocks
 .rodata.__func__.6
                0x1ffda954       0x13 CMakeFiles/flexio_spi_edma_lpspi_transfer_master.elf.dir/C_/git/imx7ulp-exploration/SDK_2_10_0_EVK-MCIMX7ULP/devices/MCIMX7U5/drivers/fsl_flexio.c.obj
 *fill*         0x1ffda967        0x1 
 .rodata.__func__.2
                0x1ffda968       0x1f CMakeFiles/flexio_spi_edma_lpspi_transfer_master.elf.dir/C_/git/imx7ulp-exploration/SDK_2_10_0_EVK-MCIMX7ULP/devices/MCIMX7U5/drivers/fsl_flexio.c.obj
 *fill*         0x1ffda987        0x1 
 .rodata.__func__.14
                0x1ffda988       0x16 CMakeFiles/flexio_spi_edma_lpspi_transfer_master.elf.dir/C_/git/imx7ulp-exploration/SDK_2_10_0_EVK-MCIMX7ULP/devices/MCIMX7U5/drivers/fsl_flexio_spi.c.obj
 *fill*         0x1ffda99e        0x2 
 .rodata.__func__.13
                0x1ffda9a0       0x12 CMakeFiles/flexio_spi_edma_lpspi_transfer_master.elf.dir/C_/git/imx7ulp-exploration/SDK_2_10_0_EVK-MCIMX7ULP/devices/MCIMX7U5/drivers/fsl_flexio_spi.c.obj
 *fill*         0x1ffda9b2        0x2 
 .rodata.__func__.12
                0x1ffda9b4       0x22 CMakeFiles/flexio_spi_edma_lpspi_transfer_master.elf.dir/C_/git/imx7ulp-exploration/SDK_2_10_0_EVK-MCIMX7ULP/devices/MCIMX7U5/drivers/fsl_flexio_spi.c.obj
 .rodata.s_dummyData
                0x1ffda9d6        0x2 CMakeFiles/flexio_spi_edma_lpspi_transfer_master.elf.dir/C_/git/imx7ulp-exploration/SDK_2_10_0_EVK-MCIMX7ULP/devices/MCIMX7U5/drivers/fsl_flexio_spi_edma.c.obj
 .rodata.__func__.4
                0x1ffda9d8       0x2a CMakeFiles/flexio_spi_edma_lpspi_transfer_master.elf.dir/C_/git/imx7ulp-exploration/SDK_2_10_0_EVK-MCIMX7ULP/devices/MCIMX7U5/drivers/fsl_flexio_spi_edma.c.obj
 *fill*         0x1ffdaa02        0x2 
 .rodata.__func__.3
                0x1ffdaa04       0x1e CMakeFiles/flexio_spi_edma_lpspi_transfer_master.elf.dir/C_/git/imx7ulp-exploration/SDK_2_10_0_EVK-MCIMX7ULP/devices/MCIMX7U5/drivers/fsl_flexio_spi_edma.c.obj
 *fill*         0x1ffdaa22        0x2 
 .rodata.s_lpspiBases
                0x1ffdaa24       0x10 CMakeFiles/flexio_spi_edma_lpspi_transfer_master.elf.dir/C_/git/imx7ulp-exploration/SDK_2_10_0_EVK-MCIMX7ULP/devices/MCIMX7U5/drivers/fsl_lpspi.c.obj
 .rodata.s_lpspiIRQ
                0x1ffdaa34        0x4 CMakeFiles/flexio_spi_edma_lpspi_transfer_master.elf.dir/C_/git/imx7ulp-exploration/SDK_2_10_0_EVK-MCIMX7ULP/devices/MCIMX7U5/drivers/fsl_lpspi.c.obj
 .rodata.s_lpspiClocks
                0x1ffdaa38       0x10 CMakeFiles/flexio_spi_edma_lpspi_transfer_master.elf.dir/C_/git/imx7ulp-exploration/SDK_2_10_0_EVK-MCIMX7ULP/devices/MCIMX7U5/drivers/fsl_lpspi.c.obj
 .rodata.__func__.30
                0x1ffdaa48       0x12 CMakeFiles/flexio_spi_edma_lpspi_transfer_master.elf.dir/C_/git/imx7ulp-exploration/SDK_2_10_0_EVK-MCIMX7ULP/devices/MCIMX7U5/drivers/fsl_lpspi.c.obj
 *fill*         0x1ffdaa5a        0x2 
 .rodata.__func__.28
                0x1ffdaa5c       0x12 CMakeFiles/flexio_spi_edma_lpspi_transfer_master.elf.dir/C_/git/imx7ulp-exploration/SDK_2_10_0_EVK-MCIMX7ULP/devices/MCIMX7U5/drivers/fsl_lpspi.c.obj
 *fill*         0x1ffdaa6e        0x2 
 .rodata.__func__.26
                0x1ffdaa70       0x10 CMakeFiles/flexio_spi_edma_lpspi_transfer_master.elf.dir/C_/git/imx7ulp-exploration/SDK_2_10_0_EVK-MCIMX7ULP/devices/MCIMX7U5/drivers/fsl_lpspi.c.obj
 .rodata.__func__.24
                0x1ffdaa80       0x13 CMakeFiles/flexio_spi_edma_lpspi_transfer_master.elf.dir/C_/git/imx7ulp-exploration/SDK_2_10_0_EVK-MCIMX7ULP/devices/MCIMX7U5/drivers/fsl_lpspi.c.obj
 *fill*         0x1ffdaa93        0x1 
 .rodata.__func__.20
                0x1ffdaa94       0x1c CMakeFiles/flexio_spi_edma_lpspi_transfer_master.elf.dir/C_/git/imx7ulp-exploration/SDK_2_10_0_EVK-MCIMX7ULP/devices/MCIMX7U5/drivers/fsl_lpspi.c.obj
 .rodata.__func__.12
                0x1ffdaab0       0x20 CMakeFiles/flexio_spi_edma_lpspi_transfer_master.elf.dir/C_/git/imx7ulp-exploration/SDK_2_10_0_EVK-MCIMX7ULP/devices/MCIMX7U5/drivers/fsl_lpspi.c.obj
 .rodata.__func__.11
                0x1ffdaad0       0x1f CMakeFiles/flexio_spi_edma_lpspi_transfer_master.elf.dir/C_/git/imx7ulp-exploration/SDK_2_10_0_EVK-MCIMX7ULP/devices/MCIMX7U5/drivers/fsl_lpspi.c.obj
 *fill*         0x1ffdaaef        0x1 
 .rodata.__func__.10
                0x1ffdaaf0       0x20 CMakeFiles/flexio_spi_edma_lpspi_transfer_master.elf.dir/C_/git/imx7ulp-exploration/SDK_2_10_0_EVK-MCIMX7ULP/devices/MCIMX7U5/drivers/fsl_lpspi.c.obj
 .rodata.__func__.9
                0x1ffdab10       0x1c CMakeFiles/flexio_spi_edma_lpspi_transfer_master.elf.dir/C_/git/imx7ulp-exploration/SDK_2_10_0_EVK-MCIMX7ULP/devices/MCIMX7U5/drivers/fsl_lpspi.c.obj
 .rodata.__func__.6
                0x1ffdab2c       0x1d CMakeFiles/flexio_spi_edma_lpspi_transfer_master.elf.dir/C_/git/imx7ulp-exploration/SDK_2_10_0_EVK-MCIMX7ULP/devices/MCIMX7U5/drivers/fsl_lpspi.c.obj
 *fill*         0x1ffdab49        0x3 
 .rodata.__func__.5
                0x1ffdab4c       0x17 CMakeFiles/flexio_spi_edma_lpspi_transfer_master.elf.dir/C_/git/imx7ulp-exploration/SDK_2_10_0_EVK-MCIMX7ULP/devices/MCIMX7U5/drivers/fsl_lpspi.c.obj
 *fill*         0x1ffdab63        0x1 
 .rodata.__func__.4
                0x1ffdab64       0x17 CMakeFiles/flexio_spi_edma_lpspi_transfer_master.elf.dir/C_/git/imx7ulp-exploration/SDK_2_10_0_EVK-MCIMX7ULP/devices/MCIMX7U5/drivers/fsl_lpspi.c.obj
 *fill*         0x1ffdab7b        0x1 
 .rodata.__func__.3
                0x1ffdab7c       0x18 CMakeFiles/flexio_spi_edma_lpspi_transfer_master.elf.dir/C_/git/imx7ulp-exploration/SDK_2_10_0_EVK-MCIMX7ULP/devices/MCIMX7U5/drivers/fsl_lpspi.c.obj
 .rodata.__func__.2
                0x1ffdab94       0x18 CMakeFiles/flexio_spi_edma_lpspi_transfer_master.elf.dir/C_/git/imx7ulp-exploration/SDK_2_10_0_EVK-MCIMX7ULP/devices/MCIMX7U5/drivers/fsl_lpspi.c.obj
 .rodata._global_impure_ptr
                0x1ffdabac        0x4 c:/progra~2/gnuarm~1/102020~1/bin/../lib/gcc/arm-none-eabi/10.2.1/../../../../arm-none-eabi/lib/thumb/v7e-m+fp/hard\libc_nano.a(lib_a-impure.o)
                0x1ffdabac                _global_impure_ptr
 *(.glue_7)
 .glue_7        0x1ffdabb0        0x0 linker stubs
 *(.glue_7t)
 .glue_7t       0x1ffdabb0        0x0 linker stubs
 *(.eh_frame)
 .eh_frame      0x1ffdabb0        0x0 c:/progra~2/gnuarm~1/102020~1/bin/../lib/gcc/arm-none-eabi/10.2.1/thumb/v7e-m+fp/hard/crtbegin.o
 *(.init)
 .init          0x1ffdabb0        0x4 c:/progra~2/gnuarm~1/102020~1/bin/../lib/gcc/arm-none-eabi/10.2.1/thumb/v7e-m+fp/hard/crti.o
                0x1ffdabb0                _init
 .init          0x1ffdabb4        0x8 c:/progra~2/gnuarm~1/102020~1/bin/../lib/gcc/arm-none-eabi/10.2.1/thumb/v7e-m+fp/hard/crtn.o
 *(.fini)
 .fini          0x1ffdabbc        0x4 c:/progra~2/gnuarm~1/102020~1/bin/../lib/gcc/arm-none-eabi/10.2.1/thumb/v7e-m+fp/hard/crti.o
                0x1ffdabbc                _fini
 .fini          0x1ffdabc0        0x8 c:/progra~2/gnuarm~1/102020~1/bin/../lib/gcc/arm-none-eabi/10.2.1/thumb/v7e-m+fp/hard/crtn.o
                0x1ffdabc8                . = ALIGN (0x4)

.vfp11_veneer   0x1ffdabc8        0x0
 .vfp11_veneer  0x1ffdabc8        0x0 linker stubs

.v4_bx          0x1ffdabc8        0x0
 .v4_bx         0x1ffdabc8        0x0 linker stubs

.iplt           0x1ffdabc8        0x0
 .iplt          0x1ffdabc8        0x0 c:/progra~2/gnuarm~1/102020~1/bin/../lib/gcc/arm-none-eabi/10.2.1/thumb/v7e-m+fp/hard/crtbegin.o

.ARM.extab
 *(.ARM.extab* .gnu.linkonce.armextab.*)

.ARM            0x1ffdabc8        0x8
                0x1ffdabc8                __exidx_start = .
 *(.ARM.exidx*)
 .ARM.exidx     0x1ffdabc8        0x8 c:/progra~2/gnuarm~1/102020~1/bin/../lib/gcc/arm-none-eabi/10.2.1/../../../../arm-none-eabi/lib/thumb/v7e-m+fp/hard/crt0.o
                                 0x10 (size before relaxing)
 .ARM.exidx     0x1ffdabd0        0x0 c:/progra~2/gnuarm~1/102020~1/bin/../lib/gcc/arm-none-eabi/10.2.1/thumb/v7e-m+fp/hard\libgcc.a(_udivmoddi4.o)
                                  0x8 (size before relaxing)
                0x1ffdabd0                __exidx_end = .

.rel.dyn        0x1ffdabd0        0x0
 .rel.iplt      0x1ffdabd0        0x0 c:/progra~2/gnuarm~1/102020~1/bin/../lib/gcc/arm-none-eabi/10.2.1/thumb/v7e-m+fp/hard/crtbegin.o

.ctors          0x1ffdabd0        0x0
                0x1ffdabd0                __CTOR_LIST__ = .
 *crtbegin.o(.ctors)
 *crtbegin?.o(.ctors)
 *(EXCLUDE_FILE(*crtend.o *crtend?.o) .ctors)
 *(SORT_BY_NAME(.ctors.*))
 *(.ctors)
                0x1ffdabd0                __CTOR_END__ = .

.dtors          0x1ffdabd0        0x0
                0x1ffdabd0                __DTOR_LIST__ = .
 *crtbegin.o(.dtors)
 *crtbegin?.o(.dtors)
 *(EXCLUDE_FILE(*crtend.o *crtend?.o) .dtors)
 *(SORT_BY_NAME(.dtors.*))
 *(.dtors)
                0x1ffdabd0                __DTOR_END__ = .

.preinit_array  0x1ffdabd0        0x0
                0x1ffdabd0                PROVIDE (__preinit_array_start = .)
 *(.preinit_array*)
                0x1ffdabd0                PROVIDE (__preinit_array_end = .)

.init_array     0x1ffdabd0        0x4
                0x1ffdabd0                PROVIDE (__init_array_start = .)
 *(SORT_BY_NAME(.init_array.*))
 *(.init_array*)
 .init_array    0x1ffdabd0        0x4 c:/progra~2/gnuarm~1/102020~1/bin/../lib/gcc/arm-none-eabi/10.2.1/thumb/v7e-m+fp/hard/crtbegin.o
                0x1ffdabd4                PROVIDE (__init_array_end = .)

.fini_array     0x1ffdabd4        0x4
                [!provide]                PROVIDE (__fini_array_start = .)
 *(SORT_BY_NAME(.fini_array.*))
 *(.fini_array*)
 .fini_array    0x1ffdabd4        0x4 c:/progra~2/gnuarm~1/102020~1/bin/../lib/gcc/arm-none-eabi/10.2.1/thumb/v7e-m+fp/hard/crtbegin.o
                [!provide]                PROVIDE (__fini_array_end = .)
                0x1ffdabd8                __etext = .
                0x1ffdabd8                __DATA_ROM = .

.interrupts_ram
                0x20000000        0x0
                0x20000000                . = ALIGN (0x4)
                0x20000000                __VECTOR_RAM__ = .
                0x20000000                __interrupts_ram_start__ = .
 *(.m_interrupts_ram)
                0x20000000                . = (. + M_VECTOR_RAM_SIZE)
                0x20000000                . = ALIGN (0x4)
                0x20000000                __interrupts_ram_end__ = .
                0x1ffd2000                __VECTOR_RAM = DEFINED (__ram_vector_table__)?__VECTOR_RAM__:ORIGIN (m_interrupts)
                0x00000000                __RAM_VECTOR_TABLE_SIZE_BYTES = DEFINED (__ram_vector_table__)?(__interrupts_ram_end__ - __interrupts_ram_start__):0x0

.data           0x20000000       0x64 load address 0x1ffdabd8
                0x20000000                . = ALIGN (0x4)
                0x20000000                __DATA_RAM = .
                0x20000000                __data_start__ = .
 *(.data)
 *(.data*)
 .data.SystemCoreClock
                0x20000000        0x4 CMakeFiles/flexio_spi_edma_lpspi_transfer_master.elf.dir/C_/git/imx7ulp-exploration/SDK_2_10_0_EVK-MCIMX7ULP/devices/MCIMX7U5/system_MCIMX7U5_cm4.c.obj
                0x20000000                SystemCoreClock
 .data.impure_data
                0x20000004       0x60 c:/progra~2/gnuarm~1/102020~1/bin/../lib/gcc/arm-none-eabi/10.2.1/../../../../arm-none-eabi/lib/thumb/v7e-m+fp/hard\libc_nano.a(lib_a-impure.o)
 *(.jcr*)
                0x20000064                . = ALIGN (0x4)
                0x20000064                __data_end__ = .
                0x1ffdac3c                __DATA_END = (__DATA_ROM + (__data_end__ - __data_start__))
                0x1fff8000                text_end = (ORIGIN (m_text) + LENGTH (m_text))
                0x00000001                ASSERT ((__DATA_END <= text_end), region m_text overflowed with text and data)

.igot.plt       0x20000064        0x0 load address 0x1ffdac3c
 .igot.plt      0x20000064        0x0 c:/progra~2/gnuarm~1/102020~1/bin/../lib/gcc/arm-none-eabi/10.2.1/thumb/v7e-m+fp/hard/crtbegin.o

.bss            0x20000064      0x630 load address 0x1ffdac3c
                0x20000064                . = ALIGN (0x4)
                0x20000064                __START_BSS = .
                0x20000064                __bss_start__ = .
 *(.bss)
 .bss           0x20000064       0x1c c:/progra~2/gnuarm~1/102020~1/bin/../lib/gcc/arm-none-eabi/10.2.1/thumb/v7e-m+fp/hard/crtbegin.o
 *(.bss*)
 .bss.masterRxData
                0x20000080      0x100 CMakeFiles/flexio_spi_edma_lpspi_transfer_master.elf.dir/C_/git/imx7ulp-exploration/src/flexio_spi_edma_lpspi_transfer_master.c.obj
                0x20000080                masterRxData
 .bss.masterTxData
                0x20000180      0x100 CMakeFiles/flexio_spi_edma_lpspi_transfer_master.elf.dir/C_/git/imx7ulp-exploration/src/flexio_spi_edma_lpspi_transfer_master.c.obj
                0x20000180                masterTxData
 .bss.slaveRxData
                0x20000280      0x100 CMakeFiles/flexio_spi_edma_lpspi_transfer_master.elf.dir/C_/git/imx7ulp-exploration/src/flexio_spi_edma_lpspi_transfer_master.c.obj
                0x20000280                slaveRxData
 .bss.slaveTxData
                0x20000380      0x100 CMakeFiles/flexio_spi_edma_lpspi_transfer_master.elf.dir/C_/git/imx7ulp-exploration/src/flexio_spi_edma_lpspi_transfer_master.c.obj
                0x20000380                slaveTxData
 .bss.spiDev    0x20000480        0xc CMakeFiles/flexio_spi_edma_lpspi_transfer_master.elf.dir/C_/git/imx7ulp-exploration/src/flexio_spi_edma_lpspi_transfer_master.c.obj
                0x20000480                spiDev
 .bss.g_m_handle
                0x2000048c       0x18 CMakeFiles/flexio_spi_edma_lpspi_transfer_master.elf.dir/C_/git/imx7ulp-exploration/src/flexio_spi_edma_lpspi_transfer_master.c.obj
                0x2000048c                g_m_handle
 .bss.g_s_handle
                0x200004a4       0x34 CMakeFiles/flexio_spi_edma_lpspi_transfer_master.elf.dir/C_/git/imx7ulp-exploration/src/flexio_spi_edma_lpspi_transfer_master.c.obj
                0x200004a4                g_s_handle
 .bss.txHandle  0x200004d8       0x18 CMakeFiles/flexio_spi_edma_lpspi_transfer_master.elf.dir/C_/git/imx7ulp-exploration/src/flexio_spi_edma_lpspi_transfer_master.c.obj
                0x200004d8                txHandle
 .bss.rxHandle  0x200004f0       0x18 CMakeFiles/flexio_spi_edma_lpspi_transfer_master.elf.dir/C_/git/imx7ulp-exploration/src/flexio_spi_edma_lpspi_transfer_master.c.obj
                0x200004f0                rxHandle
 .bss.isSlaveTransferCompleted
                0x20000508        0x1 CMakeFiles/flexio_spi_edma_lpspi_transfer_master.elf.dir/C_/git/imx7ulp-exploration/src/flexio_spi_edma_lpspi_transfer_master.c.obj
                0x20000508                isSlaveTransferCompleted
 .bss.isMasterTransferCompleted
                0x20000509        0x1 CMakeFiles/flexio_spi_edma_lpspi_transfer_master.elf.dir/C_/git/imx7ulp-exploration/src/flexio_spi_edma_lpspi_transfer_master.c.obj