Archive member included to satisfy reference by file (symbol)

c:/progra~2/gnuarm~1/102020~1/bin/../lib/gcc/arm-none-eabi/10.2.1/../../../../arm-none-eabi/lib/thumb/v7e-m+fp/hard\libc_nano.a(lib_a-errno.o)
                              CMakeFiles/flexio_spi_edma_lpspi_transfer_slave.elf.dir/C_/git/imx7ulp-exploration/SDK_2_10_0_EVK-MCIMX7ULP/devices/MCIMX7U5/utilities/fsl_sbrk.c.obj (__errno)
c:/progra~2/gnuarm~1/102020~1/bin/../lib/gcc/arm-none-eabi/10.2.1/../../../../arm-none-eabi/lib/thumb/v7e-m+fp/hard\libc_nano.a(lib_a-exit.o)
                              c:/progra~2/gnuarm~1/102020~1/bin/../lib/gcc/arm-none-eabi/10.2.1/../../../../arm-none-eabi/lib/thumb/v7e-m+fp/hard/crt0.o (exit)
c:/progra~2/gnuarm~1/102020~1/bin/../lib/gcc/arm-none-eabi/10.2.1/../../../../arm-none-eabi/lib/thumb/v7e-m+fp/hard\libc_nano.a(lib_a-impure.o)
                              c:/progra~2/gnuarm~1/102020~1/bin/../lib/gcc/arm-none-eabi/10.2.1/../../../../arm-none-eabi/lib/thumb/v7e-m+fp/hard\libc_nano.a(lib_a-exit.o) (_global_impure_ptr)
c:/progra~2/gnuarm~1/102020~1/bin/../lib/gcc/arm-none-eabi/10.2.1/../../../../arm-none-eabi/lib/thumb/v7e-m+fp/hard\libc_nano.a(lib_a-init.o)
                              c:/progra~2/gnuarm~1/102020~1/bin/../lib/gcc/arm-none-eabi/10.2.1/../../../../arm-none-eabi/lib/thumb/v7e-m+fp/hard/crt0.o (__libc_init_array)
c:/progra~2/gnuarm~1/102020~1/bin/../lib/gcc/arm-none-eabi/10.2.1/../../../../arm-none-eabi/lib/thumb/v7e-m+fp/hard\libc_nano.a(lib_a-malloc.o)
                              CMakeFiles/flexio_spi_edma_lpspi_transfer_slave.elf.dir/C_/git/imx7ulp-exploration/SDK_2_10_0_EVK-MCIMX7ULP/devices/MCIMX7U5/drivers/fsl_common.c.obj (malloc)
c:/progra~2/gnuarm~1/102020~1/bin/../lib/gcc/arm-none-eabi/10.2.1/../../../../arm-none-eabi/lib/thumb/v7e-m+fp/hard\libc_nano.a(lib_a-memset.o)
                              c:/progra~2/gnuarm~1/102020~1/bin/../lib/gcc/arm-none-eabi/10.2.1/../../../../arm-none-eabi/lib/thumb/v7e-m+fp/hard/crt0.o (memset)
c:/progra~2/gnuarm~1/102020~1/bin/../lib/gcc/arm-none-eabi/10.2.1/../../../../arm-none-eabi/lib/thumb/v7e-m+fp/hard\libc_nano.a(lib_a-nano-freer.o)
                              c:/progra~2/gnuarm~1/102020~1/bin/../lib/gcc/arm-none-eabi/10.2.1/../../../../arm-none-eabi/lib/thumb/v7e-m+fp/hard\libc_nano.a(lib_a-malloc.o) (_free_r)
c:/progra~2/gnuarm~1/102020~1/bin/../lib/gcc/arm-none-eabi/10.2.1/../../../../arm-none-eabi/lib/thumb/v7e-m+fp/hard\libc_nano.a(lib_a-nano-mallocr.o)
                              c:/progra~2/gnuarm~1/102020~1/bin/../lib/gcc/arm-none-eabi/10.2.1/../../../../arm-none-eabi/lib/thumb/v7e-m+fp/hard\libc_nano.a(lib_a-malloc.o) (_malloc_r)
c:/progra~2/gnuarm~1/102020~1/bin/../lib/gcc/arm-none-eabi/10.2.1/../../../../arm-none-eabi/lib/thumb/v7e-m+fp/hard\libc_nano.a(lib_a-sbrkr.o)
                              c:/progra~2/gnuarm~1/102020~1/bin/../lib/gcc/arm-none-eabi/10.2.1/../../../../arm-none-eabi/lib/thumb/v7e-m+fp/hard\libc_nano.a(lib_a-nano-mallocr.o) (_sbrk_r)
c:/progra~2/gnuarm~1/102020~1/bin/../lib/gcc/arm-none-eabi/10.2.1/../../../../arm-none-eabi/lib/thumb/v7e-m+fp/hard\libc_nano.a(lib_a-strlen.o)
                              CMakeFiles/flexio_spi_edma_lpspi_transfer_slave.elf.dir/C_/git/imx7ulp-exploration/SDK_2_10_0_EVK-MCIMX7ULP/devices/MCIMX7U5/utilities/debug_console_lite/fsl_debug_console.c.obj (strlen)
c:/progra~2/gnuarm~1/102020~1/bin/../lib/gcc/arm-none-eabi/10.2.1/../../../../arm-none-eabi/lib/thumb/v7e-m+fp/hard\libc_nano.a(lib_a-mlock.o)
                              c:/progra~2/gnuarm~1/102020~1/bin/../lib/gcc/arm-none-eabi/10.2.1/../../../../arm-none-eabi/lib/thumb/v7e-m+fp/hard\libc_nano.a(lib_a-nano-freer.o) (__malloc_lock)
c:/progra~2/gnuarm~1/102020~1/bin/../lib/gcc/arm-none-eabi/10.2.1/../../../../arm-none-eabi/lib/thumb/v7e-m+fp/hard\libc_nano.a(lib_a-reent.o)
                              c:/progra~2/gnuarm~1/102020~1/bin/../lib/gcc/arm-none-eabi/10.2.1/../../../../arm-none-eabi/lib/thumb/v7e-m+fp/hard\libc_nano.a(lib_a-sbrkr.o) (errno)
c:/progra~2/gnuarm~1/102020~1/bin/../lib/gcc/arm-none-eabi/10.2.1/../../../../arm-none-eabi/lib/thumb/v7e-m+fp/hard\libc_nano.a(lib_a-lock.o)
                              c:/progra~2/gnuarm~1/102020~1/bin/../lib/gcc/arm-none-eabi/10.2.1/../../../../arm-none-eabi/lib/thumb/v7e-m+fp/hard\libc_nano.a(lib_a-mlock.o) (__retarget_lock_acquire_recursive)
c:/progra~2/gnuarm~1/102020~1/bin/../lib/gcc/arm-none-eabi/10.2.1/thumb/v7e-m+fp/hard\libgcc.a(_aeabi_uldivmod.o)
                              CMakeFiles/flexio_spi_edma_lpspi_transfer_slave.elf.dir/C_/git/imx7ulp-exploration/SDK_2_10_0_EVK-MCIMX7ULP/devices/MCIMX7U5/drivers/fsl_common_arm.c.obj (__aeabi_uldivmod)
c:/progra~2/gnuarm~1/102020~1/bin/../lib/gcc/arm-none-eabi/10.2.1/thumb/v7e-m+fp/hard\libgcc.a(_udivmoddi4.o)
                              c:/progra~2/gnuarm~1/102020~1/bin/../lib/gcc/arm-none-eabi/10.2.1/thumb/v7e-m+fp/hard\libgcc.a(_aeabi_uldivmod.o) (__udivmoddi4)
[...]
Memory Configuration

Name             Origin             Length             Attributes
m_interrupts     0x1ffd2000         0x00000240         xr
m_text           0x1ffd2240         0x00025dc0         xr
m_data           0x20000000         0x00010000         rw
m_m4_suspend_ram 0x1fff8000         0x00004000         rw
m_a7_suspend_ram 0x1fffc000         0x00004000         rw
*default*        0x00000000         0xffffffff

Linker script and memory map

LOAD c:/progra~2/gnuarm~1/102020~1/bin/../lib/gcc/arm-none-eabi/10.2.1/thumb/v7e-m+fp/hard/crti.o
LOAD c:/progra~2/gnuarm~1/102020~1/bin/../lib/gcc/arm-none-eabi/10.2.1/thumb/v7e-m+fp/hard/crtbegin.o
LOAD c:/progra~2/gnuarm~1/102020~1/bin/../lib/gcc/arm-none-eabi/10.2.1/../../../../arm-none-eabi/lib/thumb/v7e-m+fp/hard/crt0.o
LOAD CMakeFiles/flexio_spi_edma_lpspi_transfer_slave.elf.dir/C_/git/imx7ulp-exploration/src/flexio_spi_edma_lpspi_transfer_slave.c.obj
LOAD CMakeFiles/flexio_spi_edma_lpspi_transfer_slave.elf.dir/C_/git/imx7ulp-exploration/src/pin_mux.c.obj
LOAD CMakeFiles/flexio_spi_edma_lpspi_transfer_slave.elf.dir/C_/git/imx7ulp-exploration/src/board.c.obj
LOAD CMakeFiles/flexio_spi_edma_lpspi_transfer_slave.elf.dir/C_/git/imx7ulp-exploration/src/clock_config.c.obj
LOAD CMakeFiles/flexio_spi_edma_lpspi_transfer_slave.elf.dir/C_/git/imx7ulp-exploration/src/empty_rsc_table.c.obj
LOAD CMakeFiles/flexio_spi_edma_lpspi_transfer_slave.elf.dir/C_/git/imx7ulp-exploration/SDK_2_10_0_EVK-MCIMX7ULP/devices/MCIMX7U5/utilities/debug_console_lite/fsl_debug_console.c.obj
LOAD CMakeFiles/flexio_spi_edma_lpspi_transfer_slave.elf.dir/C_/git/imx7ulp-exploration/SDK_2_10_0_EVK-MCIMX7ULP/components/uart/fsl_adapter_lpuart.c.obj
LOAD CMakeFiles/flexio_spi_edma_lpspi_transfer_slave.elf.dir/C_/git/imx7ulp-exploration/SDK_2_10_0_EVK-MCIMX7ULP/devices/MCIMX7U5/drivers/fsl_common.c.obj
LOAD CMakeFiles/flexio_spi_edma_lpspi_transfer_slave.elf.dir/C_/git/imx7ulp-exploration/SDK_2_10_0_EVK-MCIMX7ULP/devices/MCIMX7U5/drivers/fsl_common_arm.c.obj
LOAD CMakeFiles/flexio_spi_edma_lpspi_transfer_slave.elf.dir/C_/git/imx7ulp-exploration/SDK_2_10_0_EVK-MCIMX7ULP/devices/MCIMX7U5/drivers/fsl_clock.c.obj
LOAD CMakeFiles/flexio_spi_edma_lpspi_transfer_slave.elf.dir/C_/git/imx7ulp-exploration/SDK_2_10_0_EVK-MCIMX7ULP/devices/MCIMX7U5/system_MCIMX7U5_cm4.c.obj
LOAD CMakeFiles/flexio_spi_edma_lpspi_transfer_slave.elf.dir/C_/git/imx7ulp-exploration/SDK_2_10_0_EVK-MCIMX7ULP/devices/MCIMX7U5/drivers/fsl_lpuart.c.obj
LOAD CMakeFiles/flexio_spi_edma_lpspi_transfer_slave.elf.dir/C_/git/imx7ulp-exploration/SDK_2_10_0_EVK-MCIMX7ULP/devices/MCIMX7U5/utilities/debug_console_lite/fsl_assert.c.obj
LOAD CMakeFiles/flexio_spi_edma_lpspi_transfer_slave.elf.dir/C_/git/imx7ulp-exploration/SDK_2_10_0_EVK-MCIMX7ULP/devices/MCIMX7U5/drivers/fsl_dmamux.c.obj
LOAD CMakeFiles/flexio_spi_edma_lpspi_transfer_slave.elf.dir/C_/git/imx7ulp-exploration/SDK_2_10_0_EVK-MCIMX7ULP/devices/MCIMX7U5/drivers/fsl_edma.c.obj
LOAD CMakeFiles/flexio_spi_edma_lpspi_transfer_slave.elf.dir/C_/git/imx7ulp-exploration/SDK_2_10_0_EVK-MCIMX7ULP/devices/MCIMX7U5/drivers/fsl_flexio.c.obj
LOAD CMakeFiles/flexio_spi_edma_lpspi_transfer_slave.elf.dir/C_/git/imx7ulp-exploration/SDK_2_10_0_EVK-MCIMX7ULP/devices/MCIMX7U5/drivers/fsl_flexio_spi.c.obj
LOAD CMakeFiles/flexio_spi_edma_lpspi_transfer_slave.elf.dir/C_/git/imx7ulp-exploration/SDK_2_10_0_EVK-MCIMX7ULP/devices/MCIMX7U5/drivers/fsl_flexio_spi_edma.c.obj
LOAD CMakeFiles/flexio_spi_edma_lpspi_transfer_slave.elf.dir/C_/git/imx7ulp-exploration/SDK_2_10_0_EVK-MCIMX7ULP/devices/MCIMX7U5/drivers/fsl_lpspi.c.obj
LOAD CMakeFiles/flexio_spi_edma_lpspi_transfer_slave.elf.dir/C_/git/imx7ulp-exploration/SDK_2_10_0_EVK-MCIMX7ULP/components/lists/fsl_component_generic_list.c.obj
LOAD CMakeFiles/flexio_spi_edma_lpspi_transfer_slave.elf.dir/C_/git/imx7ulp-exploration/SDK_2_10_0_EVK-MCIMX7ULP/devices/MCIMX7U5/gcc/startup_MCIMX7U5_cm4.S.obj
LOAD CMakeFiles/flexio_spi_edma_lpspi_transfer_slave.elf.dir/C_/git/imx7ulp-exploration/SDK_2_10_0_EVK-MCIMX7ULP/devices/MCIMX7U5/drivers/fsl_gpio.c.obj
LOAD CMakeFiles/flexio_spi_edma_lpspi_transfer_slave.elf.dir/C_/git/imx7ulp-exploration/SDK_2_10_0_EVK-MCIMX7ULP/devices/MCIMX7U5/drivers/fsl_msmc.c.obj
LOAD CMakeFiles/flexio_spi_edma_lpspi_transfer_slave.elf.dir/C_/git/imx7ulp-exploration/SDK_2_10_0_EVK-MCIMX7ULP/devices/MCIMX7U5/utilities/fsl_sbrk.c.obj
START GROUP
LOAD c:/progra~2/gnuarm~1/102020~1/bin/../lib/gcc/arm-none-eabi/10.2.1/../../../../arm-none-eabi/lib/thumb/v7e-m+fp/hard\libm.a
LOAD c:/progra~2/gnuarm~1/102020~1/bin/../lib/gcc/arm-none-eabi/10.2.1/../../../../arm-none-eabi/lib/thumb/v7e-m+fp/hard\libc_nano.a
LOAD c:/progra~2/gnuarm~1/102020~1/bin/../lib/gcc/arm-none-eabi/10.2.1/thumb/v7e-m+fp/hard\libgcc.a
LOAD c:/progra~2/gnuarm~1/102020~1/bin/../lib/gcc/arm-none-eabi/10.2.1/../../../../arm-none-eabi/lib/thumb/v7e-m+fp/hard\libnosys.a
END GROUP
START GROUP
LOAD c:/progra~2/gnuarm~1/102020~1/bin/../lib/gcc/arm-none-eabi/10.2.1/thumb/v7e-m+fp/hard\libgcc.a
LOAD c:/progra~2/gnuarm~1/102020~1/bin/../lib/gcc/arm-none-eabi/10.2.1/../../../../arm-none-eabi/lib/thumb/v7e-m+fp/hard\libg_nano.a
LOAD c:/progra~2/gnuarm~1/102020~1/bin/../lib/gcc/arm-none-eabi/10.2.1/../../../../arm-none-eabi/lib/thumb/v7e-m+fp/hard\libc_nano.a
END GROUP
START GROUP
LOAD c:/progra~2/gnuarm~1/102020~1/bin/../lib/gcc/arm-none-eabi/10.2.1/thumb/v7e-m+fp/hard\libgcc.a
LOAD c:/progra~2/gnuarm~1/102020~1/bin/../lib/gcc/arm-none-eabi/10.2.1/../../../../arm-none-eabi/lib/thumb/v7e-m+fp/hard\libc_nano.a
LOAD c:/progra~2/gnuarm~1/102020~1/bin/../lib/gcc/arm-none-eabi/10.2.1/../../../../arm-none-eabi/lib/thumb/v7e-m+fp/hard\libnosys.a
END GROUP
START GROUP
LOAD c:/progra~2/gnuarm~1/102020~1/bin/../lib/gcc/arm-none-eabi/10.2.1/thumb/v7e-m+fp/hard\libgcc.a
LOAD c:/progra~2/gnuarm~1/102020~1/bin/../lib/gcc/arm-none-eabi/10.2.1/../../../../arm-none-eabi/lib/thumb/v7e-m+fp/hard\libc_nano.a
LOAD c:/progra~2/gnuarm~1/102020~1/bin/../lib/gcc/arm-none-eabi/10.2.1/../../../../arm-none-eabi/lib/thumb/v7e-m+fp/hard\libnosys.a
END GROUP
LOAD c:/progra~2/gnuarm~1/102020~1/bin/../lib/gcc/arm-none-eabi/10.2.1/thumb/v7e-m+fp/hard/crtend.o
LOAD c:/progra~2/gnuarm~1/102020~1/bin/../lib/gcc/arm-none-eabi/10.2.1/thumb/v7e-m+fp/hard/crtn.o
                0x00000400                HEAP_SIZE = DEFINED (__heap_size__)?__heap_size__:0x400
                0x00000400                STACK_SIZE = DEFINED (__stack_size__)?__stack_size__:0x400
                0x00000000                M_VECTOR_RAM_SIZE = DEFINED (__ram_vector_table__)?0x240:0x0

.interrupts     0x1ffd2000      0x240
                0x1ffd2000                __VECTOR_TABLE = .
                0x1ffd2000                __Vectors = .
                0x1ffd2000                . = ALIGN (0x4)
 *(.isr_vector)
 .isr_vector    0x1ffd2000      0x240 CMakeFiles/flexio_spi_edma_lpspi_transfer_slave.elf.dir/C_/git/imx7ulp-exploration/SDK_2_10_0_EVK-MCIMX7ULP/devices/MCIMX7U5/gcc/startup_MCIMX7U5_cm4.S.obj
                0x1ffd2000                __isr_vector
                0x1ffd2240                . = ALIGN (0x4)

.resource_table
                0x1ffd2240       0x10
                0x1ffd2240                . = ALIGN (0x8)
 *(.resource_table)
 .resource_table
                0x1ffd2240       0x10 CMakeFiles/flexio_spi_edma_lpspi_transfer_slave.elf.dir/C_/git/imx7ulp-exploration/src/empty_rsc_table.c.obj
                0x1ffd2240                resource_table
                0x1ffd2250                . = ALIGN (0x8)

.text           0x1ffd2250     0x8f38
                0x1ffd2250                . = ALIGN (0x4)
 *(.text)
 .text          0x1ffd2250       0x40 c:/progra~2/gnuarm~1/102020~1/bin/../lib/gcc/arm-none-eabi/10.2.1/thumb/v7e-m+fp/hard/crtbegin.o
 .text          0x1ffd2290       0x7c c:/progra~2/gnuarm~1/102020~1/bin/../lib/gcc/arm-none-eabi/10.2.1/../../../../arm-none-eabi/lib/thumb/v7e-m+fp/hard/crt0.o
                0x1ffd2290                _stack_init
                0x1ffd2298                _start
                0x1ffd2298                _mainCRTStartup
 .text          0x1ffd230c      0x184 CMakeFiles/flexio_spi_edma_lpspi_transfer_slave.elf.dir/C_/git/imx7ulp-exploration/SDK_2_10_0_EVK-MCIMX7ULP/devices/MCIMX7U5/gcc/startup_MCIMX7U5_cm4.S.obj
                0x1ffd230c                Reset_Handler
                0x1ffd236c                Reserved134_IRQHandler
                0x1ffd236c                DMA0_Error_DriverIRQHandler
                0x1ffd236c                Reserved111_IRQHandler
                0x1ffd236c                DebugMon_Handler
                0x1ffd236c                Reserved88_IRQHandler
                0x1ffd236c                USBPHY_IRQHandler
                0x1ffd236c                Reserved122_IRQHandler
                0x1ffd236c                CMP0_IRQHandler
                0x1ffd236c                Reserved103_IRQHandler
                0x1ffd236c                Reserved120_IRQHandler
                0x1ffd236c                Reserved114_IRQHandler
                0x1ffd236c                LPTMR1_IRQHandler
                0x1ffd236c                LPI2C2_DriverIRQHandler
                0x1ffd236c                LPI2C0_DriverIRQHandler
                0x1ffd236c                Reserved93_IRQHandler
                0x1ffd236c                I2S0_DriverIRQHandler
                0x1ffd236c                Reserved89_IRQHandler
                0x1ffd236c                Reserved87_IRQHandler
                0x1ffd236c                Reserved137_IRQHandler
                0x1ffd236c                Reserved99_IRQHandler
                0x1ffd236c                TPM0_IRQHandler
                0x1ffd236c                LPIT0_IRQHandler
                0x1ffd236c                BusFault_Handler
                0x1ffd236c                LPTMR0_IRQHandler
                0x1ffd236c                Reserved119_IRQHandler
                0x1ffd236c                USB1_IRQHandler
                0x1ffd236c                LPI2C3_DriverIRQHandler
                0x1ffd236c                CMC1_IRQHandler
                0x1ffd236c                SNVS_IRQHandler
                0x1ffd236c                Reserved116_IRQHandler
                0x1ffd236c                WDOG0_IRQHandler
                0x1ffd236c                Reserved124_IRQHandler
                0x1ffd236c                PCTLB_IRQHandler
                0x1ffd236c                GPU2D_IRQHandler
                0x1ffd236c                ADC0_IRQHandler
                0x1ffd236c                PCTLA_IRQHandler
                0x1ffd236c                Reserved39_IRQHandler
                0x1ffd236c                DPM_IRQHandler
                0x1ffd236c                UsageFault_Handler
                0x1ffd236c                WDOG1_IRQHandler
                0x1ffd236c                Software2_IRQHandler
                0x1ffd236c                DAC1_IRQHandler
                0x1ffd236c                MU_A_IRQHandler
                0x1ffd236c                MCM0_IRQHandler
                0x1ffd236c                DefaultISR
                0x1ffd236c                Reserved106_IRQHandler
                0x1ffd236c                Reserved129_IRQHandler
                0x1ffd236c                CMP1_IRQHandler
                0x1ffd236c                Reserved132_IRQHandler
                0x1ffd236c                PMC0_IRQHandler
                0x1ffd236c                LLWU0_IRQHandler
                0x1ffd236c                ADC1_IRQHandler
                0x1ffd236c                Reserved141_IRQHandler
                0x1ffd236c                TPM2_IRQHandler
                0x1ffd236c                Reserved128_IRQHandler
                0x1ffd236c                Reserved96_IRQHandler
                0x1ffd236c                CMC0_IRQHandler
                0x1ffd236c                QSPI_DriverIRQHandler
                0x1ffd236c                EWM_IRQHandler
                0x1ffd236c                Reserved95_IRQHandler
                0x1ffd236c                TPM3_IRQHandler
                0x1ffd236c                WDOG2_IRQHandler
                0x1ffd236c                Reserved121_IRQHandler
                0x1ffd236c                TPM1_IRQHandler
                0x1ffd236c                Reserved126_IRQHandler
                0x1ffd236c                Reserved140_IRQHandler
                0x1ffd236c                Reserved130_IRQHandler
                0x1ffd236c                Reserved108_IRQHandler
                0x1ffd236c                TRNG0_IRQHandler
                0x1ffd236c                I2S1_DriverIRQHandler
                0x1ffd236c                Reserved117_IRQHandler
                0x1ffd236c                Reserved110_IRQHandler
                0x1ffd236c                Reserved113_IRQHandler
                0x1ffd236c                Reserved107_IRQHandler
                0x1ffd236c                Reserved125_IRQHandler
                0x1ffd236c                Reserved98_IRQHandler
                0x1ffd236c                Reserved112_IRQHandler
                0x1ffd236c                SIM_IRQHandler
                0x1ffd236c                Reserved139_IRQHandler
                0x1ffd236c                Reserved102_IRQHandler
                0x1ffd236c                CTI0_IRQHandler
                0x1ffd236c                Reserved105_IRQHandler
                0x1ffd236c                XRDC_IRQHandler
                0x1ffd236c                Reserved104_IRQHandler
                0x1ffd236c                Reserved138_IRQHandler
                0x1ffd236c                Software1_IRQHandler
                0x1ffd236c                Reserved136_IRQHandler
                0x1ffd236c                Reserved101_IRQHandler
                0x1ffd236c                USB0_IRQHandler
                0x1ffd236c                Reserved135_IRQHandler
                0x1ffd236c                Reserved94_IRQHandler
                0x1ffd236c                MemManage_Handler
                0x1ffd236c                Reserved90_IRQHandler
                0x1ffd236c                Reserved83_IRQHandler
                0x1ffd236c                Reserved133_IRQHandler
                0x1ffd236c                Reserved115_IRQHandler
                0x1ffd236c                SCG0_IRQHandler
                0x1ffd236c                GPU3D_IRQHandler
                0x1ffd236c                Reserved143_IRQHandler
                0x1ffd236c                Reserved109_IRQHandler
                0x1ffd236c                LTC_IRQHandler
                0x1ffd236c                LPI2C1_DriverIRQHandler
                0x1ffd236c                Reserved123_IRQHandler
                0x1ffd236c                Reserved142_IRQHandler
                0x1ffd236c                Reserved100_IRQHandler
                0x1ffd236c                Reserved97_IRQHandler
                0x1ffd236c                Reserved131_IRQHandler
                0x1ffd236c                Reserved127_IRQHandler
                0x1ffd236c                DAC0_IRQHandler
                0x1ffd236c                Reserved118_IRQHandler
                0x1ffd2370                NMI_Handler
                0x1ffd2374                HardFault_Handler
                0x1ffd2378                SVC_Handler
                0x1ffd237c                PendSV_Handler
                0x1ffd2380                SysTick_Handler
                0x1ffd2384                DMA0_0_4_IRQHandler
                0x1ffd2388                DMA0_1_5_IRQHandler
                0x1ffd238c                DMA0_2_6_IRQHandler
                0x1ffd2390                DMA0_3_7_IRQHandler
                0x1ffd2394                DMA0_8_12_IRQHandler
                0x1ffd2398                DMA0_9_13_IRQHandler
                0x1ffd239c                DMA0_10_14_IRQHandler
                0x1ffd23a0                DMA0_11_15_IRQHandler
                0x1ffd23a4                DMA0_16_20_IRQHandler
                0x1ffd23a8                DMA0_17_21_IRQHandler
                0x1ffd23ac                DMA0_18_22_IRQHandler
                0x1ffd23b0                DMA0_19_23_IRQHandler
                0x1ffd23b4                DMA0_24_28_IRQHandler
                0x1ffd23b8                DMA0_25_29_IRQHandler
                0x1ffd23bc                DMA0_26_30_IRQHandler
                0x1ffd23c0                DMA0_27_31_IRQHandler
                0x1ffd23c4                DMA0_Error_IRQHandler
                0x1ffd23c8                QSPI_IRQHandler
                0x1ffd23cc                FLEXIO0_IRQHandler
                0x1ffd23d0                LPI2C0_IRQHandler
                0x1ffd23d4                LPI2C1_IRQHandler
                0x1ffd23d8                LPI2C2_IRQHandler
                0x1ffd23dc                LPI2C3_IRQHandler
                0x1ffd23e0                I2S0_IRQHandler
                0x1ffd23e4                I2S1_IRQHandler
                0x1ffd23e8                LPSPI0_IRQHandler
                0x1ffd23ec                LPSPI1_IRQHandler
                0x1ffd23f0                LPUART0_IRQHandler
                0x1ffd23f4                LPUART1_IRQHandler
                0x1ffd23f8                LPUART2_IRQHandler
                0x1ffd23fc                LPUART3_IRQHandler
 .text          0x1ffd2490       0x10 c:/progra~2/gnuarm~1/102020~1/bin/../lib/gcc/arm-none-eabi/10.2.1/../../../../arm-none-eabi/lib/thumb/v7e-m+fp/hard\libc_nano.a(lib_a-strlen.o)
                0x1ffd2490                strlen
 .text          0x1ffd24a0       0x30 c:/progra~2/gnuarm~1/102020~1/bin/../lib/gcc/arm-none-eabi/10.2.1/thumb/v7e-m+fp/hard\libgcc.a(_aeabi_uldivmod.o)
                0x1ffd24a0                __aeabi_uldivmod
 .text          0x1ffd24d0      0x2d0 c:/progra~2/gnuarm~1/102020~1/bin/../lib/gcc/arm-none-eabi/10.2.1/thumb/v7e-m+fp/hard\libgcc.a(_udivmoddi4.o)
                0x1ffd24d0                __udivmoddi4
 .text          0x1ffd27a0        0x4 c:/progra~2/gnuarm~1/102020~1/bin/../lib/gcc/arm-none-eabi/10.2.1/thumb/v7e-m+fp/hard\libgcc.a(_dvmd_tls.o)
                0x1ffd27a0                __aeabi_idiv0
                0x1ffd27a0                __aeabi_ldiv0
 *(.text*)
 .text.CLOCK_SetIpSrc
                0x1ffd27a4       0x78 CMakeFiles/flexio_spi_edma_lpspi_transfer_slave.elf.dir/C_/git/imx7ulp-exploration/src/flexio_spi_edma_lpspi_transfer_slave.c.obj
 .text.DMAMUX_EnableChannel
                0x1ffd281c       0x44 CMakeFiles/flexio_spi_edma_lpspi_transfer_slave.elf.dir/C_/git/imx7ulp-exploration/src/flexio_spi_edma_lpspi_transfer_slave.c.obj
 .text.DMAMUX_SetSource
                0x1ffd2860       0x50 CMakeFiles/flexio_spi_edma_lpspi_transfer_slave.elf.dir/C_/git/imx7ulp-exploration/src/flexio_spi_edma_lpspi_transfer_slave.c.obj
 .text.FLEXIO_SPI_SlaveTransferCreateHandleEDMA
                0x1ffd28b0       0x2a CMakeFiles/flexio_spi_edma_lpspi_transfer_slave.elf.dir/C_/git/imx7ulp-exploration/src/flexio_spi_edma_lpspi_transfer_slave.c.obj
 *fill*         0x1ffd28da        0x2 
 .text.LPSPI_MasterUserCallback
                0x1ffd28dc       0x2c CMakeFiles/flexio_spi_edma_lpspi_transfer_slave.elf.dir/C_/git/imx7ulp-exploration/src/flexio_spi_edma_lpspi_transfer_slave.c.obj
                0x1ffd28dc                LPSPI_MasterUserCallback
 .text.FLEXIO_SPI_SlaveUserCallback
                0x1ffd2908       0x34 CMakeFiles/flexio_spi_edma_lpspi_transfer_slave.elf.dir/C_/git/imx7ulp-exploration/src/flexio_spi_edma_lpspi_transfer_slave.c.obj
                0x1ffd2908                FLEXIO_SPI_SlaveUserCallback
 .text.main     0x1ffd293c      0x320 CMakeFiles/flexio_spi_edma_lpspi_transfer_slave.elf.dir/C_/git/imx7ulp-exploration/src/flexio_spi_edma_lpspi_transfer_slave.c.obj
                0x1ffd293c                main
 .text.IOMUXC_SetPinMux
                0x1ffd2c5c       0x4e CMakeFiles/flexio_spi_edma_lpspi_transfer_slave.elf.dir/C_/git/imx7ulp-exploration/src/pin_mux.c.obj
 .text.IOMUXC_SetPinConfig
                0x1ffd2caa       0x44 CMakeFiles/flexio_spi_edma_lpspi_transfer_slave.elf.dir/C_/git/imx7ulp-exploration/src/pin_mux.c.obj
 *fill*         0x1ffd2cee        0x2 
 .text.BOARD_InitPins
                0x1ffd2cf0      0x13c CMakeFiles/flexio_spi_edma_lpspi_transfer_slave.elf.dir/C_/git/imx7ulp-exploration/src/pin_mux.c.obj
                0x1ffd2cf0                BOARD_InitPins
 .text.CLOCK_SetIpSrc
                0x1ffd2e2c       0x78 CMakeFiles/flexio_spi_edma_lpspi_transfer_slave.elf.dir/C_/git/imx7ulp-exploration/src/board.c.obj
 .text.BOARD_InitDebugConsole
                0x1ffd2ea4       0x30 CMakeFiles/flexio_spi_edma_lpspi_transfer_slave.elf.dir/C_/git/imx7ulp-exploration/src/board.c.obj
                0x1ffd2ea4                BOARD_InitDebugConsole
 .text.CLOCK_SetSysOscAsyncClkDiv
                0x1ffd2ed4       0x74 CMakeFiles/flexio_spi_edma_lpspi_transfer_slave.elf.dir/C_/git/imx7ulp-exploration/src/clock_config.c.obj
 .text.CLOCK_IsSysOscValid
                0x1ffd2f48       0x28 CMakeFiles/flexio_spi_edma_lpspi_transfer_slave.elf.dir/C_/git/imx7ulp-exploration/src/clock_config.c.obj
 .text.CLOCK_SetSircAsyncClkDiv
                0x1ffd2f70       0x74 CMakeFiles/flexio_spi_edma_lpspi_transfer_slave.elf.dir/C_/git/imx7ulp-exploration/src/clock_config.c.obj
 .text.CLOCK_IsSircValid
                0x1ffd2fe4       0x28 CMakeFiles/flexio_spi_edma_lpspi_transfer_slave.elf.dir/C_/git/imx7ulp-exploration/src/clock_config.c.obj
 .text.CLOCK_SetFircAsyncClkDiv
                0x1ffd300c       0x74 CMakeFiles/flexio_spi_edma_lpspi_transfer_slave.elf.dir/C_/git/imx7ulp-exploration/src/clock_config.c.obj
 .text.CLOCK_IsFircValid
                0x1ffd3080       0x28 CMakeFiles/flexio_spi_edma_lpspi_transfer_slave.elf.dir/C_/git/imx7ulp-exploration/src/clock_config.c.obj
 .text.CLOCK_SetXtal0Freq
                0x1ffd30a8       0x20 CMakeFiles/flexio_spi_edma_lpspi_transfer_slave.elf.dir/C_/git/imx7ulp-exploration/src/clock_config.c.obj
 .text.BOARD_SetRunMode
                0x1ffd30c8       0xba CMakeFiles/flexio_spi_edma_lpspi_transfer_slave.elf.dir/C_/git/imx7ulp-exploration/src/clock_config.c.obj
                0x1ffd30c8                BOARD_SetRunMode
 *fill*         0x1ffd3182        0x2 
 .text.BOARD_IsRunOnQSPI
                0x1ffd3184       0x28 CMakeFiles/flexio_spi_edma_lpspi_transfer_slave.elf.dir/C_/git/imx7ulp-exploration/src/clock_config.c.obj
                0x1ffd3184                BOARD_IsRunOnQSPI
 .text.BOARD_InitClock
                0x1ffd31ac       0xc4 CMakeFiles/flexio_spi_edma_lpspi_transfer_slave.elf.dir/C_/git/imx7ulp-exploration/src/clock_config.c.obj
 .text.BOARD_BootClockRUN
                0x1ffd3270       0x98 CMakeFiles/flexio_spi_edma_lpspi_transfer_slave.elf.dir/C_/git/imx7ulp-exploration/src/clock_config.c.obj
                0x1ffd3270                BOARD_BootClockRUN
 .text.DbgConsole_Init
                0x1ffd3308       0x74 CMakeFiles/flexio_spi_edma_lpspi_transfer_slave.elf.dir/C_/git/imx7ulp-exploration/SDK_2_10_0_EVK-MCIMX7ULP/devices/MCIMX7U5/utilities/debug_console_lite/fsl_debug_console.c.obj
                0x1ffd3308                DbgConsole_Init
 .text.DbgConsole_Printf
                0x1ffd337c       0x40 CMakeFiles/flexio_spi_edma_lpspi_transfer_slave.elf.dir/C_/git/imx7ulp-exploration/SDK_2_10_0_EVK-MCIMX7ULP/devices/MCIMX7U5/utilities/debug_console_lite/fsl_debug_console.c.obj
                0x1ffd337c                DbgConsole_Printf
 .text.DbgConsole_Putchar
                0x1ffd33bc       0x30 CMakeFiles/flexio_spi_edma_lpspi_transfer_slave.elf.dir/C_/git/imx7ulp-exploration/SDK_2_10_0_EVK-MCIMX7ULP/devices/MCIMX7U5/utilities/debug_console_lite/fsl_debug_console.c.obj
                0x1ffd33bc                DbgConsole_Putchar
 .text.DbgConsole_PrintfPaddingCharacter
                0x1ffd33ec       0x40 CMakeFiles/flexio_spi_edma_lpspi_transfer_slave.elf.dir/C_/git/imx7ulp-exploration/SDK_2_10_0_EVK-MCIMX7ULP/devices/MCIMX7U5/utilities/debug_console_lite/fsl_debug_console.c.obj
 .text.DbgConsole_ConvertRadixNumToString
                0x1ffd342c      0x114 CMakeFiles/flexio_spi_edma_lpspi_transfer_slave.elf.dir/C_/git/imx7ulp-exploration/SDK_2_10_0_EVK-MCIMX7ULP/devices/MCIMX7U5/utilities/debug_console_lite/fsl_debug_console.c.obj
 .text.DbgConsole_PrintfFormattedData
                0x1ffd3540      0x3bc CMakeFiles/flexio_spi_edma_lpspi_transfer_slave.elf.dir/C_/git/imx7ulp-exploration/SDK_2_10_0_EVK-MCIMX7ULP/devices/MCIMX7U5/utilities/debug_console_lite/fsl_debug_console.c.obj
 .text.HAL_UartGetStatus
                0x1ffd38fc       0x28 CMakeFiles/flexio_spi_edma_lpspi_transfer_slave.elf.dir/C_/git/imx7ulp-exploration/SDK_2_10_0_EVK-MCIMX7ULP/components/uart/fsl_adapter_lpuart.c.obj
 .text.HAL_UartInitCommon
                0x1ffd3924       0xac CMakeFiles/flexio_spi_edma_lpspi_transfer_slave.elf.dir/C_/git/imx7ulp-exploration/SDK_2_10_0_EVK-MCIMX7ULP/components/uart/fsl_adapter_lpuart.c.obj
 .text.HAL_UartInit
                0x1ffd39d0       0xac CMakeFiles/flexio_spi_edma_lpspi_transfer_slave.elf.dir/C_/git/imx7ulp-exploration/SDK_2_10_0_EVK-MCIMX7ULP/components/uart/fsl_adapter_lpuart.c.obj
                0x1ffd39d0                HAL_UartInit
 .text.HAL_UartReceiveBlocking
                0x1ffd3a7c       0x8c CMakeFiles/flexio_spi_edma_lpspi_transfer_slave.elf.dir/C_/git/imx7ulp-exploration/SDK_2_10_0_EVK-MCIMX7ULP/components/uart/fsl_adapter_lpuart.c.obj
                0x1ffd3a7c                HAL_UartReceiveBlocking
 .text.HAL_UartSendBlocking
                0x1ffd3b08       0x84 CMakeFiles/flexio_spi_edma_lpspi_transfer_slave.elf.dir/C_/git/imx7ulp-exploration/SDK_2_10_0_EVK-MCIMX7ULP/components/uart/fsl_adapter_lpuart.c.obj
                0x1ffd3b08                HAL_UartSendBlocking
 .text.CLOCK_GetCurSysClkConfig
                0x1ffd3b8c       0x3c CMakeFiles/flexio_spi_edma_lpspi_transfer_slave.elf.dir/C_/git/imx7ulp-exploration/SDK_2_10_0_EVK-MCIMX7ULP/devices/MCIMX7U5/drivers/fsl_clock.c.obj
 .text.CLOCK_GetIpFreq
                0x1ffd3bc8      0x184 CMakeFiles/flexio_spi_edma_lpspi_transfer_slave.elf.dir/C_/git/imx7ulp-exploration/SDK_2_10_0_EVK-MCIMX7ULP/devices/MCIMX7U5/drivers/fsl_clock.c.obj
                0x1ffd3bc8                CLOCK_GetIpFreq
 .text.CLOCK_GetSysClkFreq
                0x1ffd3d4c       0xe0 CMakeFiles/flexio_spi_edma_lpspi_transfer_slave.elf.dir/C_/git/imx7ulp-exploration/SDK_2_10_0_EVK-MCIMX7ULP/devices/MCIMX7U5/drivers/fsl_clock.c.obj
                0x1ffd3d4c                CLOCK_GetSysClkFreq
 .text.CLOCK_InitSysOsc
                0x1ffd3e2c       0xa8 CMakeFiles/flexio_spi_edma_lpspi_transfer_slave.elf.dir/C_/git/imx7ulp-exploration/SDK_2_10_0_EVK-MCIMX7ULP/devices/MCIMX7U5/drivers/fsl_clock.c.obj
                0x1ffd3e2c                CLOCK_InitSysOsc
 .text.CLOCK_DeinitSysOsc
                0x1ffd3ed4       0x50 CMakeFiles/flexio_spi_edma_lpspi_transfer_slave.elf.dir/C_/git/imx7ulp-exploration/SDK_2_10_0_EVK-MCIMX7ULP/devices/MCIMX7U5/drivers/fsl_clock.c.obj
                0x1ffd3ed4                CLOCK_DeinitSysOsc
 .text.CLOCK_GetSysOscFreq
                0x1ffd3f24       0x54 CMakeFiles/flexio_spi_edma_lpspi_transfer_slave.elf.dir/C_/git/imx7ulp-exploration/SDK_2_10_0_EVK-MCIMX7ULP/devices/MCIMX7U5/drivers/fsl_clock.c.obj
                0x1ffd3f24                CLOCK_GetSysOscFreq
 .text.CLOCK_GetSysOscAsyncFreq
                0x1ffd3f78       0x8c CMakeFiles/flexio_spi_edma_lpspi_transfer_slave.elf.dir/C_/git/imx7ulp-exploration/SDK_2_10_0_EVK-MCIMX7ULP/devices/MCIMX7U5/drivers/fsl_clock.c.obj
                0x1ffd3f78                CLOCK_GetSysOscAsyncFreq
 .text.CLOCK_InitSirc
                0x1ffd4004       0x98 CMakeFiles/flexio_spi_edma_lpspi_transfer_slave.elf.dir/C_/git/imx7ulp-exploration/SDK_2_10_0_EVK-MCIMX7ULP/devices/MCIMX7U5/drivers/fsl_clock.c.obj
                0x1ffd4004                CLOCK_InitSirc
 .text.CLOCK_DeinitSirc
                0x1ffd409c       0x50 CMakeFiles/flexio_spi_edma_lpspi_transfer_slave.elf.dir/C_/git/imx7ulp-exploration/SDK_2_10_0_EVK-MCIMX7ULP/devices/MCIMX7U5/drivers/fsl_clock.c.obj
                0x1ffd409c                CLOCK_DeinitSirc
 .text.CLOCK_GetSircFreq
                0x1ffd40ec       0x44 CMakeFiles/flexio_spi_edma_lpspi_transfer_slave.elf.dir/C_/git/imx7ulp-exploration/SDK_2_10_0_EVK-MCIMX7ULP/devices/MCIMX7U5/drivers/fsl_clock.c.obj
                0x1ffd40ec                CLOCK_GetSircFreq
 .text.CLOCK_GetSircAsyncFreq
                0x1ffd4130       0x8c CMakeFiles/flexio_spi_edma_lpspi_transfer_slave.elf.dir/C_/git/imx7ulp-exploration/SDK_2_10_0_EVK-MCIMX7ULP/devices/MCIMX7U5/drivers/fsl_clock.c.obj
                0x1ffd4130                CLOCK_GetSircAsyncFreq
 .text.CLOCK_InitFirc
                0x1ffd41bc      0x110 CMakeFiles/flexio_spi_edma_lpspi_transfer_slave.elf.dir/C_/git/imx7ulp-exploration/SDK_2_10_0_EVK-MCIMX7ULP/devices/MCIMX7U5/drivers/fsl_clock.c.obj
                0x1ffd41bc                CLOCK_InitFirc
 .text.CLOCK_DeinitFirc
                0x1ffd42cc       0x50 CMakeFiles/flexio_spi_edma_lpspi_transfer_slave.elf.dir/C_/git/imx7ulp-exploration/SDK_2_10_0_EVK-MCIMX7ULP/devices/MCIMX7U5/drivers/fsl_clock.c.obj
                0x1ffd42cc                CLOCK_DeinitFirc
 .text.CLOCK_GetFircFreq
                0x1ffd431c       0x44 CMakeFiles/flexio_spi_edma_lpspi_transfer_slave.elf.dir/C_/git/imx7ulp-exploration/SDK_2_10_0_EVK-MCIMX7ULP/devices/MCIMX7U5/drivers/fsl_clock.c.obj
                0x1ffd431c                CLOCK_GetFircFreq
 .text.CLOCK_GetFircAsyncFreq
                0x1ffd4360       0x8c CMakeFiles/flexio_spi_edma_lpspi_transfer_slave.elf.dir/C_/git/imx7ulp-exploration/SDK_2_10_0_EVK-MCIMX7ULP/devices/MCIMX7U5/drivers/fsl_clock.c.obj
                0x1ffd4360                CLOCK_GetFircAsyncFreq
 .text.CLOCK_GetRtcOscFreq
                0x1ffd43ec       0x54 CMakeFiles/flexio_spi_edma_lpspi_transfer_slave.elf.dir/C_/git/imx7ulp-exploration/SDK_2_10_0_EVK-MCIMX7ULP/devices/MCIMX7U5/drivers/fsl_clock.c.obj
                0x1ffd43ec                CLOCK_GetRtcOscFreq
 .text.CLOCK_InitAuxPll
                0x1ffd4440      0x140 CMakeFiles/flexio_spi_edma_lpspi_transfer_slave.elf.dir/C_/git/imx7ulp-exploration/SDK_2_10_0_EVK-MCIMX7ULP/devices/MCIMX7U5/drivers/fsl_clock.c.obj
                0x1ffd4440                CLOCK_InitAuxPll
 .text.CLOCK_DeinitAuxPll
                0x1ffd4580       0x50 CMakeFiles/flexio_spi_edma_lpspi_transfer_slave.elf.dir/C_/git/imx7ulp-exploration/SDK_2_10_0_EVK-MCIMX7ULP/devices/MCIMX7U5/drivers/fsl_clock.c.obj
                0x1ffd4580                CLOCK_DeinitAuxPll
 .text.CLOCK_GetAuxPllCommonFreq
                0x1ffd45d0       0xd4 CMakeFiles/flexio_spi_edma_lpspi_transfer_slave.elf.dir/C_/git/imx7ulp-exploration/SDK_2_10_0_EVK-MCIMX7ULP/devices/MCIMX7U5/drivers/fsl_clock.c.obj
 .text.CLOCK_GetAuxPllFreq
                0x1ffd46a4       0x90 CMakeFiles/flexio_spi_edma_lpspi_transfer_slave.elf.dir/C_/git/imx7ulp-exploration/SDK_2_10_0_EVK-MCIMX7ULP/devices/MCIMX7U5/drivers/fsl_clock.c.obj
                0x1ffd46a4                CLOCK_GetAuxPllFreq
 .text.CLOCK_GetAuxPllPfdFreq
                0x1ffd4734       0xd0 CMakeFiles/flexio_spi_edma_lpspi_transfer_slave.elf.dir/C_/git/imx7ulp-exploration/SDK_2_10_0_EVK-MCIMX7ULP/devices/MCIMX7U5/drivers/fsl_clock.c.obj
                0x1ffd4734                CLOCK_GetAuxPllPfdFreq
 .text.CLOCK_EnableAuxPllPfdClkout
                0x1ffd4804       0xa8 CMakeFiles/flexio_spi_edma_lpspi_transfer_slave.elf.dir/C_/git/imx7ulp-exploration/SDK_2_10_0_EVK-MCIMX7ULP/devices/MCIMX7U5/drivers/fsl_clock.c.obj
                0x1ffd4804                CLOCK_EnableAuxPllPfdClkout
 .text.CLOCK_InitSysPll
                0x1ffd48ac       0xe8 CMakeFiles/flexio_spi_edma_lpspi_transfer_slave.elf.dir/C_/git/imx7ulp-exploration/SDK_2_10_0_EVK-MCIMX7ULP/devices/MCIMX7U5/drivers/fsl_clock.c.obj
                0x1ffd48ac                CLOCK_InitSysPll
 .text.CLOCK_DeinitSysPll
                0x1ffd4994       0x50 CMakeFiles/flexio_spi_edma_lpspi_transfer_slave.elf.dir/C_/git/imx7ulp-exploration/SDK_2_10_0_EVK-MCIMX7ULP/devices/MCIMX7U5/drivers/fsl_clock.c.obj
                0x1ffd4994                CLOCK_DeinitSysPll
 .text.CLOCK_GetSysPllCommonFreq
                0x1ffd49e4       0x70 CMakeFiles/flexio_spi_edma_lpspi_transfer_slave.elf.dir/C_/git/imx7ulp-exploration/SDK_2_10_0_EVK-MCIMX7ULP/devices/MCIMX7U5/drivers/fsl_clock.c.obj
 .text.CLOCK_GetSysPllFreq
                0x1ffd4a54       0x5c CMakeFiles/flexio_spi_edma_lpspi_transfer_slave.elf.dir/C_/git/imx7ulp-exploration/SDK_2_10_0_EVK-MCIMX7ULP/devices/MCIMX7U5/drivers/fsl_clock.c.obj
                0x1ffd4a54                CLOCK_GetSysPllFreq
 .text.CLOCK_GetSysPllAsyncFreq
                0x1ffd4ab0       0x8c CMakeFiles/flexio_spi_edma_lpspi_transfer_slave.elf.dir/C_/git/imx7ulp-exploration/SDK_2_10_0_EVK-MCIMX7ULP/devices/MCIMX7U5/drivers/fsl_clock.c.obj
                0x1ffd4ab0                CLOCK_GetSysPllAsyncFreq
 .text.CLOCK_GetSysPllPfdFreq
                0x1ffd4b3c       0xd0 CMakeFiles/flexio_spi_edma_lpspi_transfer_slave.elf.dir/C_/git/imx7ulp-exploration/SDK_2_10_0_EVK-MCIMX7ULP/devices/MCIMX7U5/drivers/fsl_clock.c.obj
                0x1ffd4b3c                CLOCK_GetSysPllPfdFreq
 .text.CLOCK_EnableSysPllPfdClkout
                0x1ffd4c0c       0xa8 CMakeFiles/flexio_spi_edma_lpspi_transfer_slave.elf.dir/C_/git/imx7ulp-exploration/SDK_2_10_0_EVK-MCIMX7ULP/devices/MCIMX7U5/drivers/fsl_clock.c.obj
                0x1ffd4c0c                CLOCK_EnableSysPllPfdClkout
 .text.SystemInit
                0x1ffd4cb4       0xc0 CMakeFiles/flexio_spi_edma_lpspi_transfer_slave.elf.dir/C_/git/imx7ulp-exploration/SDK_2_10_0_EVK-MCIMX7ULP/devices/MCIMX7U5/system_MCIMX7U5_cm4.c.obj
                0x1ffd4cb4                SystemInit
 .text.SystemCoreClockUpdate
                0x1ffd4d74      0x768 CMakeFiles/flexio_spi_edma_lpspi_transfer_slave.elf.dir/C_/git/imx7ulp-exploration/SDK_2_10_0_EVK-MCIMX7ULP/devices/MCIMX7U5/system_MCIMX7U5_cm4.c.obj
                0x1ffd4d74                SystemCoreClockUpdate
 .text.SystemInitHook
                0x1ffd54dc        0xe CMakeFiles/flexio_spi_edma_lpspi_transfer_slave.elf.dir/C_/git/imx7ulp-exploration/SDK_2_10_0_EVK-MCIMX7ULP/devices/MCIMX7U5/system_MCIMX7U5_cm4.c.obj
                0x1ffd54dc                SystemInitHook
 *fill*         0x1ffd54ea        0x2 
 .text.CLOCK_EnableClock
                0x1ffd54ec       0x40 CMakeFiles/flexio_spi_edma_lpspi_transfer_slave.elf.dir/C_/git/imx7ulp-exploration/SDK_2_10_0_EVK-MCIMX7ULP/devices/MCIMX7U5/drivers/fsl_lpuart.c.obj
 .text.LPUART_SoftwareReset
                0x1ffd552c       0x2c CMakeFiles/flexio_spi_edma_lpspi_transfer_slave.elf.dir/C_/git/imx7ulp-exploration/SDK_2_10_0_EVK-MCIMX7ULP/devices/MCIMX7U5/drivers/fsl_lpuart.c.obj
 .text.LPUART_GetInstance
                0x1ffd5558       0x58 CMakeFiles/flexio_spi_edma_lpspi_transfer_slave.elf.dir/C_/git/imx7ulp-exploration/SDK_2_10_0_EVK-MCIMX7ULP/devices/MCIMX7U5/drivers/fsl_lpuart.c.obj
                0x1ffd5558                LPUART_GetInstance
 .text.LPUART_Init
                0x1ffd55b0      0x414 CMakeFiles/flexio_spi_edma_lpspi_transfer_slave.elf.dir/C_/git/imx7ulp-exploration/SDK_2_10_0_EVK-MCIMX7ULP/devices/MCIMX7U5/drivers/fsl_lpuart.c.obj
                0x1ffd55b0                LPUART_Init
 .text.LPUART_GetDefaultConfig
                0x1ffd59c4       0x98 CMakeFiles/flexio_spi_edma_lpspi_transfer_slave.elf.dir/C_/git/imx7ulp-exploration/SDK_2_10_0_EVK-MCIMX7ULP/devices/MCIMX7U5/drivers/fsl_lpuart.c.obj
                0x1ffd59c4                LPUART_GetDefaultConfig
 .text.LPUART_GetStatusFlags
                0x1ffd5a5c       0x38 CMakeFiles/flexio_spi_edma_lpspi_transfer_slave.elf.dir/C_/git/imx7ulp-exploration/SDK_2_10_0_EVK-MCIMX7ULP/devices/MCIMX7U5/drivers/fsl_lpuart.c.obj
                0x1ffd5a5c                LPUART_GetStatusFlags
 .text.LPUART_ClearStatusFlags
                0x1ffd5a94       0x7c CMakeFiles/flexio_spi_edma_lpspi_transfer_slave.elf.dir/C_/git/imx7ulp-exploration/SDK_2_10_0_EVK-MCIMX7ULP/devices/MCIMX7U5/drivers/fsl_lpuart.c.obj
                0x1ffd5a94                LPUART_ClearStatusFlags
 .text.LPUART_WriteBlocking
                0x1ffd5b10       0x78 CMakeFiles/flexio_spi_edma_lpspi_transfer_slave.elf.dir/C_/git/imx7ulp-exploration/SDK_2_10_0_EVK-MCIMX7ULP/devices/MCIMX7U5/drivers/fsl_lpuart.c.obj
                0x1ffd5b10                LPUART_WriteBlocking
 .text.LPUART_ReadBlocking
                0x1ffd5b88      0x170 CMakeFiles/flexio_spi_edma_lpspi_transfer_slave.elf.dir/C_/git/imx7ulp-exploration/SDK_2_10_0_EVK-MCIMX7ULP/devices/MCIMX7U5/drivers/fsl_lpuart.c.obj
                0x1ffd5b88                LPUART_ReadBlocking
 .text.LPUART0_DriverIRQHandler
                0x1ffd5cf8       0x28 CMakeFiles/flexio_spi_edma_lpspi_transfer_slave.elf.dir/C_/git/imx7ulp-exploration/SDK_2_10_0_EVK-MCIMX7ULP/devices/MCIMX7U5/drivers/fsl_lpuart.c.obj
                0x1ffd5cf8                LPUART0_DriverIRQHandler
 .text.LPUART1_DriverIRQHandler
                0x1ffd5d20       0x28 CMakeFiles/flexio_spi_edma_lpspi_transfer_slave.elf.dir/C_/git/imx7ulp-exploration/SDK_2_10_0_EVK-MCIMX7ULP/devices/MCIMX7U5/drivers/fsl_lpuart.c.obj
                0x1ffd5d20                LPUART1_DriverIRQHandler
 .text.LPUART2_DriverIRQHandler
                0x1ffd5d48       0x28 CMakeFiles/flexio_spi_edma_lpspi_transfer_slave.elf.dir/C_/git/imx7ulp-exploration/SDK_2_10_0_EVK-MCIMX7ULP/devices/MCIMX7U5/drivers/fsl_lpuart.c.obj
                0x1ffd5d48                LPUART2_DriverIRQHandler
 .text.LPUART3_DriverIRQHandler
                0x1ffd5d70       0x28 CMakeFiles/flexio_spi_edma_lpspi_transfer_slave.elf.dir/C_/git/imx7ulp-exploration/SDK_2_10_0_EVK-MCIMX7ULP/devices/MCIMX7U5/drivers/fsl_lpuart.c.obj
                0x1ffd5d70                LPUART3_DriverIRQHandler
 .text.__assert_func
                0x1ffd5d98       0x28 CMakeFiles/flexio_spi_edma_lpspi_transfer_slave.elf.dir/C_/git/imx7ulp-exploration/SDK_2_10_0_EVK-MCIMX7ULP/devices/MCIMX7U5/utilities/debug_console_lite/fsl_assert.c.obj
                0x1ffd5d98                __assert_func
 .text.CLOCK_EnableClock
                0x1ffd5dc0       0x40 CMakeFiles/flexio_spi_edma_lpspi_transfer_slave.elf.dir/C_/git/imx7ulp-exploration/SDK_2_10_0_EVK-MCIMX7ULP/devices/MCIMX7U5/drivers/fsl_dmamux.c.obj
 .text.DMAMUX_GetInstance
                0x1ffd5e00       0x58 CMakeFiles/flexio_spi_edma_lpspi_transfer_slave.elf.dir/C_/git/imx7ulp-exploration/SDK_2_10_0_EVK-MCIMX7ULP/devices/MCIMX7U5/drivers/fsl_dmamux.c.obj
 .text.DMAMUX_Init
                0x1ffd5e58       0x28 CMakeFiles/flexio_spi_edma_lpspi_transfer_slave.elf.dir/C_/git/imx7ulp-exploration/SDK_2_10_0_EVK-MCIMX7ULP/devices/MCIMX7U5/drivers/fsl_dmamux.c.obj
                0x1ffd5e58                DMAMUX_Init
 .text.__NVIC_EnableIRQ
                0x1ffd5e80       0x3c CMakeFiles/flexio_spi_edma_lpspi_transfer_slave.elf.dir/C_/git/imx7ulp-exploration/SDK_2_10_0_EVK-MCIMX7ULP/devices/MCIMX7U5/drivers/fsl_edma.c.obj
 .text.CLOCK_EnableClock
                0x1ffd5ebc       0x40 CMakeFiles/flexio_spi_edma_lpspi_transfer_slave.elf.dir/C_/git/imx7ulp-exploration/SDK_2_10_0_EVK-MCIMX7ULP/devices/MCIMX7U5/drivers/fsl_edma.c.obj
 .text.EnableIRQ
                0x1ffd5efc       0x32 CMakeFiles/flexio_spi_edma_lpspi_transfer_slave.elf.dir/C_/git/imx7ulp-exploration/SDK_2_10_0_EVK-MCIMX7ULP/devices/MCIMX7U5/drivers/fsl_edma.c.obj
 .text.DisableGlobalIRQ
                0x1ffd5f2e       0x22 CMakeFiles/flexio_spi_edma_lpspi_transfer_slave.elf.dir/C_/git/imx7ulp-exploration/SDK_2_10_0_EVK-MCIMX7ULP/devices/MCIMX7U5/drivers/fsl_edma.c.obj
 .text.EnableGlobalIRQ
                0x1ffd5f50       0x20 CMakeFiles/flexio_spi_edma_lpspi_transfer_slave.elf.dir/C_/git/imx7ulp-exploration/SDK_2_10_0_EVK-MCIMX7ULP/devices/MCIMX7U5/drivers/fsl_edma.c.obj
 .text.EDMA_GetInstance
                0x1ffd5f70       0x58 CMakeFiles/flexio_spi_edma_lpspi_transfer_slave.elf.dir/C_/git/imx7ulp-exploration/SDK_2_10_0_EVK-MCIMX7ULP/devices/MCIMX7U5/drivers/fsl_edma.c.obj
 .text.EDMA_InstallTCD
                0x1ffd5fc8      0x164 CMakeFiles/flexio_spi_edma_lpspi_transfer_slave.elf.dir/C_/git/imx7ulp-exploration/SDK_2_10_0_EVK-MCIMX7ULP/devices/MCIMX7U5/drivers/fsl_edma.c.obj
                0x1ffd5fc8                EDMA_InstallTCD
 .text.EDMA_Init
                0x1ffd612c       0xac CMakeFiles/flexio_spi_edma_lpspi_transfer_slave.elf.dir/C_/git/imx7ulp-exploration/SDK_2_10_0_EVK-MCIMX7ULP/devices/MCIMX7U5/drivers/fsl_edma.c.obj
                0x1ffd612c                EDMA_Init
 .text.EDMA_GetDefaultConfig
                0x1ffd61d8       0x50 CMakeFiles/flexio_spi_edma_lpspi_transfer_slave.elf.dir/C_/git/imx7ulp-exploration/SDK_2_10_0_EVK-MCIMX7ULP/devices/MCIMX7U5/drivers/fsl_edma.c.obj
                0x1ffd61d8                EDMA_GetDefaultConfig
 .text.EDMA_SetTransferConfig
                0x1ffd6228       0x78 CMakeFiles/flexio_spi_edma_lpspi_transfer_slave.elf.dir/C_/git/imx7ulp-exploration/SDK_2_10_0_EVK-MCIMX7ULP/devices/MCIMX7U5/drivers/fsl_edma.c.obj
                0x1ffd6228                EDMA_SetTransferConfig
 .text.EDMA_TcdReset
                0x1ffd62a0       0x90 CMakeFiles/flexio_spi_edma_lpspi_transfer_slave.elf.dir/C_/git/imx7ulp-exploration/SDK_2_10_0_EVK-MCIMX7ULP/devices/MCIMX7U5/drivers/fsl_edma.c.obj
                0x1ffd62a0                EDMA_TcdReset
 .text.EDMA_TcdSetTransferConfig
                0x1ffd6330      0x164 CMakeFiles/flexio_spi_edma_lpspi_transfer_slave.elf.dir/C_/git/imx7ulp-exploration/SDK_2_10_0_EVK-MCIMX7ULP/devices/MCIMX7U5/drivers/fsl_edma.c.obj
                0x1ffd6330                EDMA_TcdSetTransferConfig
 .text.EDMA_GetChannelStatusFlags
                0x1ffd6494       0x84 CMakeFiles/flexio_spi_edma_lpspi_transfer_slave.elf.dir/C_/git/imx7ulp-exploration/SDK_2_10_0_EVK-MCIMX7ULP/devices/MCIMX7U5/drivers/fsl_edma.c.obj
                0x1ffd6494                EDMA_GetChannelStatusFlags
 .text.EDMA_GetInstanceOffset
                0x1ffd6518       0x58 CMakeFiles/flexio_spi_edma_lpspi_transfer_slave.elf.dir/C_/git/imx7ulp-exploration/SDK_2_10_0_EVK-MCIMX7ULP/devices/MCIMX7U5/drivers/fsl_edma.c.obj
 .text.EDMA_CreateHandle
                0x1ffd6570       0xf8 CMakeFiles/flexio_spi_edma_lpspi_transfer_slave.elf.dir/C_/git/imx7ulp-exploration/SDK_2_10_0_EVK-MCIMX7ULP/devices/MCIMX7U5/drivers/fsl_edma.c.obj
                0x1ffd6570                EDMA_CreateHandle
 .text.EDMA_SetCallback
                0x1ffd6668       0x40 CMakeFiles/flexio_spi_edma_lpspi_transfer_slave.elf.dir/C_/git/imx7ulp-exploration/SDK_2_10_0_EVK-MCIMX7ULP/devices/MCIMX7U5/drivers/fsl_edma.c.obj
                0x1ffd6668                EDMA_SetCallback
 .text.EDMA_SubmitTransfer
                0x1ffd66a8      0x31c CMakeFiles/flexio_spi_edma_lpspi_transfer_slave.elf.dir/C_/git/imx7ulp-exploration/SDK_2_10_0_EVK-MCIMX7ULP/devices/MCIMX7U5/drivers/fsl_edma.c.obj
                0x1ffd66a8                EDMA_SubmitTransfer
 .text.EDMA_StartTransfer
                0x1ffd69c4       0xc0 CMakeFiles/flexio_spi_edma_lpspi_transfer_slave.elf.dir/C_/git/imx7ulp-exploration/SDK_2_10_0_EVK-MCIMX7ULP/devices/MCIMX7U5/drivers/fsl_edma.c.obj
                0x1ffd69c4                EDMA_StartTransfer
 .text.EDMA_HandleIRQ
                0x1ffd6a84      0x190 CMakeFiles/flexio_spi_edma_lpspi_transfer_slave.elf.dir/C_/git/imx7ulp-exploration/SDK_2_10_0_EVK-MCIMX7ULP/devices/MCIMX7U5/drivers/fsl_edma.c.obj
                0x1ffd6a84                EDMA_HandleIRQ
 .text.DMA0_0_4_DriverIRQHandler
                0x1ffd6c14       0x50 CMakeFiles/flexio_spi_edma_lpspi_transfer_slave.elf.dir/C_/git/imx7ulp-exploration/SDK_2_10_0_EVK-MCIMX7ULP/devices/MCIMX7U5/drivers/fsl_edma.c.obj
                0x1ffd6c14                DMA0_0_4_DriverIRQHandler
 .text.DMA0_1_5_DriverIRQHandler
                0x1ffd6c64       0x50 CMakeFiles/flexio_spi_edma_lpspi_transfer_slave.elf.dir/C_/git/imx7ulp-exploration/SDK_2_10_0_EVK-MCIMX7ULP/devices/MCIMX7U5/drivers/fsl_edma.c.obj
                0x1ffd6c64                DMA0_1_5_DriverIRQHandler
 .text.DMA0_2_6_DriverIRQHandler
                0x1ffd6cb4       0x50 CMakeFiles/flexio_spi_edma_lpspi_transfer_slave.elf.dir/C_/git/imx7ulp-exploration/SDK_2_10_0_EVK-MCIMX7ULP/devices/MCIMX7U5/drivers/fsl_edma.c.obj
                0x1ffd6cb4                DMA0_2_6_DriverIRQHandler
 .text.DMA0_3_7_DriverIRQHandler
                0x1ffd6d04       0x50 CMakeFiles/flexio_spi_edma_lpspi_transfer_slave.elf.dir/C_/git/imx7ulp-exploration/SDK_2_10_0_EVK-MCIMX7ULP/devices/MCIMX7U5/drivers/fsl_edma.c.obj
                0x1ffd6d04                DMA0_3_7_DriverIRQHandler
 .text.DMA0_8_12_DriverIRQHandler
                0x1ffd6d54       0x50 CMakeFiles/flexio_spi_edma_lpspi_transfer_slave.elf.dir/C_/git/imx7ulp-exploration/SDK_2_10_0_EVK-MCIMX7ULP/devices/MCIMX7U5/drivers/fsl_edma.c.obj
                0x1ffd6d54                DMA0_8_12_DriverIRQHandler
 .text.DMA0_9_13_DriverIRQHandler
                0x1ffd6da4       0x50 CMakeFiles/flexio_spi_edma_lpspi_transfer_slave.elf.dir/C_/git/imx7ulp-exploration/SDK_2_10_0_EVK-MCIMX7ULP/devices/MCIMX7U5/drivers/fsl_edma.c.obj
                0x1ffd6da4                DMA0_9_13_DriverIRQHandler
 .text.DMA0_10_14_DriverIRQHandler
                0x1ffd6df4       0x50 CMakeFiles/flexio_spi_edma_lpspi_transfer_slave.elf.dir/C_/git/imx7ulp-exploration/SDK_2_10_0_EVK-MCIMX7ULP/devices/MCIMX7U5/drivers/fsl_edma.c.obj
                0x1ffd6df4                DMA0_10_14_DriverIRQHandler
 .text.DMA0_11_15_DriverIRQHandler
                0x1ffd6e44       0x50 CMakeFiles/flexio_spi_edma_lpspi_transfer_slave.elf.dir/C_/git/imx7ulp-exploration/SDK_2_10_0_EVK-MCIMX7ULP/devices/MCIMX7U5/drivers/fsl_edma.c.obj
                0x1ffd6e44                DMA0_11_15_DriverIRQHandler
 .text.DMA0_16_20_DriverIRQHandler
                0x1ffd6e94       0x50 CMakeFiles/flexio_spi_edma_lpspi_transfer_slave.elf.dir/C_/git/imx7ulp-exploration/SDK_2_10_0_EVK-MCIMX7ULP/devices/MCIMX7U5/drivers/fsl_edma.c.obj
                0x1ffd6e94                DMA0_16_20_DriverIRQHandler
 .text.DMA0_17_21_DriverIRQHandler
                0x1ffd6ee4       0x50 CMakeFiles/flexio_spi_edma_lpspi_transfer_slave.elf.dir/C_/git/imx7ulp-exploration/SDK_2_10_0_EVK-MCIMX7ULP/devices/MCIMX7U5/drivers/fsl_edma.c.obj
                0x1ffd6ee4                DMA0_17_21_DriverIRQHandler
 .text.DMA0_18_22_DriverIRQHandler
                0x1ffd6f34       0x50 CMakeFiles/flexio_spi_edma_lpspi_transfer_slave.elf.dir/C_/git/imx7ulp-exploration/SDK_2_10_0_EVK-MCIMX7ULP/devices/MCIMX7U5/drivers/fsl_edma.c.obj
                0x1ffd6f34                DMA0_18_22_DriverIRQHandler
 .text.DMA0_19_23_DriverIRQHandler
                0x1ffd6f84       0x50 CMakeFiles/flexio_spi_edma_lpspi_transfer_slave.elf.dir/C_/git/imx7ulp-exploration/SDK_2_10_0_EVK-MCIMX7ULP/devices/MCIMX7U5/drivers/fsl_edma.c.obj
                0x1ffd6f84                DMA0_19_23_DriverIRQHandler
 .text.DMA0_24_28_DriverIRQHandler
                0x1ffd6fd4       0x50 CMakeFiles/flexio_spi_edma_lpspi_transfer_slave.elf.dir/C_/git/imx7ulp-exploration/SDK_2_10_0_EVK-MCIMX7ULP/devices/MCIMX7U5/drivers/fsl_edma.c.obj
                0x1ffd6fd4                DMA0_24_28_DriverIRQHandler
 .text.DMA0_25_29_DriverIRQHandler
                0x1ffd7024       0x50 CMakeFiles/flexio_spi_edma_lpspi_transfer_slave.elf.dir/C_/git/imx7ulp-exploration/SDK_2_10_0_EVK-MCIMX7ULP/devices/MCIMX7U5/drivers/fsl_edma.c.obj
                0x1ffd7024                DMA0_25_29_DriverIRQHandler
 .text.DMA0_26_30_DriverIRQHandler
                0x1ffd7074       0x50 CMakeFiles/flexio_spi_edma_lpspi_transfer_slave.elf.dir/C_/git/imx7ulp-exploration/SDK_2_10_0_EVK-MCIMX7ULP/devices/MCIMX7U5/drivers/fsl_edma.c.obj
                0x1ffd7074                DMA0_26_30_DriverIRQHandler
 .text.DMA0_27_31_DriverIRQHandler
                0x1ffd70c4       0x50 CMakeFiles/flexio_spi_edma_lpspi_transfer_slave.elf.dir/C_/git/imx7ulp-exploration/SDK_2_10_0_EVK-MCIMX7ULP/devices/MCIMX7U5/drivers/fsl_edma.c.obj
                0x1ffd70c4                DMA0_27_31_DriverIRQHandler
 .text.FLEXIO_GetInstance
                0x1ffd7114       0x58 CMakeFiles/flexio_spi_edma_lpspi_transfer_slave.elf.dir/C_/git/imx7ulp-exploration/SDK_2_10_0_EVK-MCIMX7ULP/devices/MCIMX7U5/drivers/fsl_flexio.c.obj
                0x1ffd7114                FLEXIO_GetInstance
 .text.FLEXIO_GetShifterBufferAddress
                0x1ffd716c       0xdc CMakeFiles/flexio_spi_edma_lpspi_transfer_slave.elf.dir/C_/git/imx7ulp-exploration/SDK_2_10_0_EVK-MCIMX7ULP/devices/MCIMX7U5/drivers/fsl_flexio.c.obj
                0x1ffd716c                FLEXIO_GetShifterBufferAddress
 .text.FLEXIO_SetShifterConfig
                0x1ffd7248       0xa0 CMakeFiles/flexio_spi_edma_lpspi_transfer_slave.elf.dir/C_/git/imx7ulp-exploration/SDK_2_10_0_EVK-MCIMX7ULP/devices/MCIMX7U5/drivers/fsl_flexio.c.obj
                0x1ffd7248                FLEXIO_SetShifterConfig
 .text.FLEXIO_SetTimerConfig
                0x1ffd72e8       0xe8 CMakeFiles/flexio_spi_edma_lpspi_transfer_slave.elf.dir/C_/git/imx7ulp-exploration/SDK_2_10_0_EVK-MCIMX7ULP/devices/MCIMX7U5/drivers/fsl_flexio.c.obj
                0x1ffd72e8                FLEXIO_SetTimerConfig
 .text.FLEXIO_CommonIRQHandler
                0x1ffd73d0       0x5c CMakeFiles/flexio_spi_edma_lpspi_transfer_slave.elf.dir/C_/git/imx7ulp-exploration/SDK_2_10_0_EVK-MCIMX7ULP/devices/MCIMX7U5/drivers/fsl_flexio.c.obj
 .text.FLEXIO0_DriverIRQHandler
                0x1ffd742c        0xc CMakeFiles/flexio_spi_edma_lpspi_transfer_slave.elf.dir/C_/git/imx7ulp-exploration/SDK_2_10_0_EVK-MCIMX7ULP/devices/MCIMX7U5/drivers/fsl_flexio.c.obj
                0x1ffd742c                FLEXIO0_DriverIRQHandler
 .text.CLOCK_EnableClock
                0x1ffd7438       0x40 CMakeFiles/flexio_spi_edma_lpspi_transfer_slave.elf.dir/C_/git/imx7ulp-exploration/SDK_2_10_0_EVK-MCIMX7ULP/devices/MCIMX7U5/drivers/fsl_flexio_spi.c.obj
 .text.FLEXIO_EnableShifterStatusDMA
                0x1ffd7478       0x3c CMakeFiles/flexio_spi_edma_lpspi_transfer_slave.elf.dir/C_/git/imx7ulp-exploration/SDK_2_10_0_EVK-MCIMX7ULP/devices/MCIMX7U5/drivers/fsl_flexio_spi.c.obj
 .text.FLEXIO_SPI_GetInstance
                0x1ffd74b4       0x1c CMakeFiles/flexio_spi_edma_lpspi_transfer_slave.elf.dir/C_/git/imx7ulp-exploration/SDK_2_10_0_EVK-MCIMX7ULP/devices/MCIMX7U5/drivers/fsl_flexio_spi.c.obj
 .text.FLEXIO_SPI_MasterDeinit
                0x1ffd74d0       0xc0 CMakeFiles/flexio_spi_edma_lpspi_transfer_slave.elf.dir/C_/git/imx7ulp-exploration/SDK_2_10_0_EVK-MCIMX7ULP/devices/MCIMX7U5/drivers/fsl_flexio_spi.c.obj
                0x1ffd74d0                FLEXIO_SPI_MasterDeinit
 .text.FLEXIO_SPI_SlaveInit
                0x1ffd7590      0x1e8 CMakeFiles/flexio_spi_edma_lpspi_transfer_slave.elf.dir/C_/git/imx7ulp-exploration/SDK_2_10_0_EVK-MCIMX7ULP/devices/MCIMX7U5/drivers/fsl_flexio_spi.c.obj
                0x1ffd7590                FLEXIO_SPI_SlaveInit
 .text.FLEXIO_SPI_SlaveDeinit
                0x1ffd7778       0x16 CMakeFiles/flexio_spi_edma_lpspi_transfer_slave.elf.dir/C_/git/imx7ulp-exploration/SDK_2_10_0_EVK-MCIMX7ULP/devices/MCIMX7U5/drivers/fsl_flexio_spi.c.obj
                0x1ffd7778                FLEXIO_SPI_SlaveDeinit
 *fill*         0x1ffd778e        0x2 
 .text.FLEXIO_SPI_SlaveGetDefaultConfig
                0x1ffd7790       0x60 CMakeFiles/flexio_spi_edma_lpspi_transfer_slave.elf.dir/C_/git/imx7ulp-exploration/SDK_2_10_0_EVK-MCIMX7ULP/devices/MCIMX7U5/drivers/fsl_flexio_spi.c.obj
                0x1ffd7790                FLEXIO_SPI_SlaveGetDefaultConfig
 .text.FLEXIO_SPI_EnableDMA
                0x1ffd77f0       0x56 CMakeFiles/flexio_spi_edma_lpspi_transfer_slave.elf.dir/C_/git/imx7ulp-exploration/SDK_2_10_0_EVK-MCIMX7ULP/devices/MCIMX7U5/drivers/fsl_flexio_spi.c.obj
                0x1ffd77f0                FLEXIO_SPI_EnableDMA
 .text.FLEXIO_SPI_GetTxDataRegisterAddress
                0x1ffd7846       0x42 CMakeFiles/flexio_spi_edma_lpspi_transfer_slave.elf.dir/C_/git/imx7ulp-exploration/SDK_2_10_0_EVK-MCIMX7ULP/devices/MCIMX7U5/drivers/fsl_flexio_spi_edma.c.obj
 .text.FLEXIO_SPI_GetRxDataRegisterAddress
                0x1ffd7888       0x42 CMakeFiles/flexio_spi_edma_lpspi_transfer_slave.elf.dir/C_/git/imx7ulp-exploration/SDK_2_10_0_EVK-MCIMX7ULP/devices/MCIMX7U5/drivers/fsl_flexio_spi_edma.c.obj
 .text.FLEXIO_SPI_TxEDMACallback
                0x1ffd78ca       0x7a CMakeFiles/flexio_spi_edma_lpspi_transfer_slave.elf.dir/C_/git/imx7ulp-exploration/SDK_2_10_0_EVK-MCIMX7ULP/devices/MCIMX7U5/drivers/fsl_flexio_spi_edma.c.obj
 .text.FLEXIO_SPI_RxEDMACallback
                0x1ffd7944       0x7a CMakeFiles/flexio_spi_edma_lpspi_transfer_slave.elf.dir/C_/git/imx7ulp-exploration/SDK_2_10_0_EVK-MCIMX7ULP/devices/MCIMX7U5/drivers/fsl_flexio_spi_edma.c.obj
 *fill*         0x1ffd79be        0x2 
 .text.FLEXIO_SPI_EDMAConfig
                0x1ffd79c0      0x1d4 CMakeFiles/flexio_spi_edma_lpspi_transfer_slave.elf.dir/C_/git/imx7ulp-exploration/SDK_2_10_0_EVK-MCIMX7ULP/devices/MCIMX7U5/drivers/fsl_flexio_spi_edma.c.obj
 .text.FLEXIO_SPI_MasterTransferCreateHandleEDMA
                0x1ffd7b94       0xe4 CMakeFiles/flexio_spi_edma_lpspi_transfer_slave.elf.dir/C_/git/imx7ulp-exploration/SDK_2_10_0_EVK-MCIMX7ULP/devices/MCIMX7U5/drivers/fsl_flexio_spi_edma.c.obj
                0x1ffd7b94                FLEXIO_SPI_MasterTransferCreateHandleEDMA
 .text.FLEXIO_SPI_SlaveTransferEDMA
                0x1ffd7c78       0xd0 CMakeFiles/flexio_spi_edma_lpspi_transfer_slave.elf.dir/C_/git/imx7ulp-exploration/SDK_2_10_0_EVK-MCIMX7ULP/devices/MCIMX7U5/drivers/fsl_flexio_spi_edma.c.obj
                0x1ffd7c78                FLEXIO_SPI_SlaveTransferEDMA
 .text.__NVIC_EnableIRQ
                0x1ffd7d48       0x3c CMakeFiles/flexio_spi_edma_lpspi_transfer_slave.elf.dir/C_/git/imx7ulp-exploration/SDK_2_10_0_EVK-MCIMX7ULP/devices/MCIMX7U5/drivers/fsl_lpspi.c.obj
 .text.CLOCK_EnableClock
                0x1ffd7d84       0x40 CMakeFiles/flexio_spi_edma_lpspi_transfer_slave.elf.dir/C_/git/imx7ulp-exploration/SDK_2_10_0_EVK-MCIMX7ULP/devices/MCIMX7U5/drivers/fsl_lpspi.c.obj
 .text.CLOCK_DisableClock
                0x1ffd7dc4       0x40 CMakeFiles/flexio_spi_edma_lpspi_transfer_slave.elf.dir/C_/git/imx7ulp-exploration/SDK_2_10_0_EVK-MCIMX7ULP/devices/MCIMX7U5/drivers/fsl_lpspi.c.obj
 .text.EnableIRQ
                0x1ffd7e04       0x32 CMakeFiles/flexio_spi_edma_lpspi_transfer_slave.elf.dir/C_/git/imx7ulp-exploration/SDK_2_10_0_EVK-MCIMX7ULP/devices/MCIMX7U5/drivers/fsl_lpspi.c.obj
 .text.LPSPI_Enable
                0x1ffd7e36       0x38 CMakeFiles/flexio_spi_edma_lpspi_transfer_slave.elf.dir/C_/git/imx7ulp-exploration/SDK_2_10_0_EVK-MCIMX7ULP/devices/MCIMX7U5/drivers/fsl_lpspi.c.obj
 .text.LPSPI_GetStatusFlags
                0x1ffd7e6e       0x18 CMakeFiles/flexio_spi_edma_lpspi_transfer_slave.elf.dir/C_/git/imx7ulp-exploration/SDK_2_10_0_EVK-MCIMX7ULP/devices/MCIMX7U5/drivers/fsl_lpspi.c.obj
 .text.LPSPI_GetRxFifoSize
                0x1ffd7e86       0x24 CMakeFiles/flexio_spi_edma_lpspi_transfer_slave.elf.dir/C_/git/imx7ulp-exploration/SDK_2_10_0_EVK-MCIMX7ULP/devices/MCIMX7U5/drivers/fsl_lpspi.c.obj
 .text.LPSPI_GetTxFifoCount
                0x1ffd7eaa       0x1c CMakeFiles/flexio_spi_edma_lpspi_transfer_slave.elf.dir/C_/git/imx7ulp-exploration/SDK_2_10_0_EVK-MCIMX7ULP/devices/MCIMX7U5/drivers/fsl_lpspi.c.obj
 .text.LPSPI_GetRxFifoCount
                0x1ffd7ec6       0x1e CMakeFiles/flexio_spi_edma_lpspi_transfer_slave.elf.dir/C_/git/imx7ulp-exploration/SDK_2_10_0_EVK-MCIMX7ULP/devices/MCIMX7U5/drivers/fsl_lpspi.c.obj
 .text.LPSPI_ClearStatusFlags
                0x1ffd7ee4       0x1c CMakeFiles/flexio_spi_edma_lpspi_transfer_slave.elf.dir/C_/git/imx7ulp-exploration/SDK_2_10_0_EVK-MCIMX7ULP/devices/MCIMX7U5/drivers/fsl_lpspi.c.obj
 .text.LPSPI_EnableInterrupts
                0x1ffd7f00       0x22 CMakeFiles/flexio_spi_edma_lpspi_transfer_slave.elf.dir/C_/git/imx7ulp-exploration/SDK_2_10_0_EVK-MCIMX7ULP/devices/MCIMX7U5/drivers/fsl_lpspi.c.obj
 .text.LPSPI_DisableInterrupts
                0x1ffd7f22       0x24 CMakeFiles/flexio_spi_edma_lpspi_transfer_slave.elf.dir/C_/git/imx7ulp-exploration/SDK_2_10_0_EVK-MCIMX7ULP/devices/MCIMX7U5/drivers/fsl_lpspi.c.obj
 .text.LPSPI_SetMasterSlaveMode
                0x1ffd7f46       0x2c CMakeFiles/flexio_spi_edma_lpspi_transfer_slave.elf.dir/C_/git/imx7ulp-exploration/SDK_2_10_0_EVK-MCIMX7ULP/devices/MCIMX7U5/drivers/fsl_lpspi.c.obj
 .text.LPSPI_IsMaster
                0x1ffd7f72       0x26 CMakeFiles/flexio_spi_edma_lpspi_transfer_slave.elf.dir/C_/git/imx7ulp-exploration/SDK_2_10_0_EVK-MCIMX7ULP/devices/MCIMX7U5/drivers/fsl_lpspi.c.obj
 .text.LPSPI_FlushFifo
                0x1ffd7f98       0x30 CMakeFiles/flexio_spi_edma_lpspi_transfer_slave.elf.dir/C_/git/imx7ulp-exploration/SDK_2_10_0_EVK-MCIMX7ULP/devices/MCIMX7U5/drivers/fsl_lpspi.c.obj
 .text.LPSPI_SetFifoWatermarks
                0x1ffd7fc8       0x2c CMakeFiles/flexio_spi_edma_lpspi_transfer_slave.elf.dir/C_/git/imx7ulp-exploration/SDK_2_10_0_EVK-MCIMX7ULP/devices/MCIMX7U5/drivers/fsl_lpspi.c.obj
 .text.LPSPI_WriteData
                0x1ffd7ff4       0x1c CMakeFiles/flexio_spi_edma_lpspi_transfer_slave.elf.dir/C_/git/imx7ulp-exploration/SDK_2_10_0_EVK-MCIMX7ULP/devices/MCIMX7U5/drivers/fsl_lpspi.c.obj
 .text.LPSPI_ReadData
                0x1ffd8010       0x18 CMakeFiles/flexio_spi_edma_lpspi_transfer_slave.elf.dir/C_/git/imx7ulp-exploration/SDK_2_10_0_EVK-MCIMX7ULP/devices/MCIMX7U5/drivers/fsl_lpspi.c.obj
 .text.LPSPI_GetInstance
                0x1ffd8028       0x5c CMakeFiles/flexio_spi_edma_lpspi_transfer_slave.elf.dir/C_/git/imx7ulp-exploration/SDK_2_10_0_EVK-MCIMX7ULP/devices/MCIMX7U5/drivers/fsl_lpspi.c.obj
                0x1ffd8028                LPSPI_GetInstance
 .text.LPSPI_SetDummyData
                0x1ffd8084       0x2c CMakeFiles/flexio_spi_edma_lpspi_transfer_slave.elf.dir/C_/git/imx7ulp-exploration/SDK_2_10_0_EVK-MCIMX7ULP/devices/MCIMX7U5/drivers/fsl_lpspi.c.obj
                0x1ffd8084                LPSPI_SetDummyData
 .text.LPSPI_MasterInit
                0x1ffd80b0      0x128 CMakeFiles/flexio_spi_edma_lpspi_transfer_slave.elf.dir/C_/git/imx7ulp-exploration/SDK_2_10_0_EVK-MCIMX7ULP/devices/MCIMX7U5/drivers/fsl_lpspi.c.obj
                0x1ffd80b0                LPSPI_MasterInit
 .text.LPSPI_Reset
                0x1ffd81d8       0x32 CMakeFiles/flexio_spi_edma_lpspi_transfer_slave.elf.dir/C_/git/imx7ulp-exploration/SDK_2_10_0_EVK-MCIMX7ULP/devices/MCIMX7U5/drivers/fsl_lpspi.c.obj
                0x1ffd81d8                LPSPI_Reset
 *fill*         0x1ffd820a        0x2 
 .text.LPSPI_Deinit
                0x1ffd820c       0x30 CMakeFiles/flexio_spi_edma_lpspi_transfer_slave.elf.dir/C_/git/imx7ulp-exploration/SDK_2_10_0_EVK-MCIMX7ULP/devices/MCIMX7U5/drivers/fsl_lpspi.c.obj
                0x1ffd820c                LPSPI_Deinit
 .text.LPSPI_SetOnePcsPolarity
                0x1ffd823c       0x44 CMakeFiles/flexio_spi_edma_lpspi_transfer_slave.elf.dir/C_/git/imx7ulp-exploration/SDK_2_10_0_EVK-MCIMX7ULP/devices/MCIMX7U5/drivers/fsl_lpspi.c.obj
 .text.LPSPI_MasterSetBaudRate
                0x1ffd8280      0x108 CMakeFiles/flexio_spi_edma_lpspi_transfer_slave.elf.dir/C_/git/imx7ulp-exploration/SDK_2_10_0_EVK-MCIMX7ULP/devices/MCIMX7U5/drivers/fsl_lpspi.c.obj
                0x1ffd8280                LPSPI_MasterSetBaudRate
 .text.LPSPI_MasterSetDelayScaler
                0x1ffd8388       0x88 CMakeFiles/flexio_spi_edma_lpspi_transfer_slave.elf.dir/C_/git/imx7ulp-exploration/SDK_2_10_0_EVK-MCIMX7ULP/devices/MCIMX7U5/drivers/fsl_lpspi.c.obj
                0x1ffd8388                LPSPI_MasterSetDelayScaler
 .text.LPSPI_MasterSetDelayTimes
                0x1ffd8410      0x284 CMakeFiles/flexio_spi_edma_lpspi_transfer_slave.elf.dir/C_/git/imx7ulp-exploration/SDK_2_10_0_EVK-MCIMX7ULP/devices/MCIMX7U5/drivers/fsl_lpspi.c.obj
                0x1ffd8410                LPSPI_MasterSetDelayTimes
 .text.LPSPI_MasterTransferCreateHandle
                0x1ffd8694       0x70 CMakeFiles/flexio_spi_edma_lpspi_transfer_slave.elf.dir/C_/git/imx7ulp-exploration/SDK_2_10_0_EVK-MCIMX7ULP/devices/MCIMX7U5/drivers/fsl_lpspi.c.obj
                0x1ffd8694                LPSPI_MasterTransferCreateHandle
 .text.LPSPI_CheckTransferArgument
                0x1ffd8704      0x114 CMakeFiles/flexio_spi_edma_lpspi_transfer_slave.elf.dir/C_/git/imx7ulp-exploration/SDK_2_10_0_EVK-MCIMX7ULP/devices/MCIMX7U5/drivers/fsl_lpspi.c.obj
                0x1ffd8704                LPSPI_CheckTransferArgument
 .text.LPSPI_MasterTransferNonBlocking
                0x1ffd8818      0x3d0 CMakeFiles/flexio_spi_edma_lpspi_transfer_slave.elf.dir/C_/git/imx7ulp-exploration/SDK_2_10_0_EVK-MCIMX7ULP/devices/MCIMX7U5/drivers/fsl_lpspi.c.obj
                0x1ffd8818                LPSPI_MasterTransferNonBlocking
 .text.LPSPI_MasterTransferFillUpTxFifo
                0x1ffd8be8      0x12c CMakeFiles/flexio_spi_edma_lpspi_transfer_slave.elf.dir/C_/git/imx7ulp-exploration/SDK_2_10_0_EVK-MCIMX7ULP/devices/MCIMX7U5/drivers/fsl_lpspi.c.obj
 .text.LPSPI_MasterTransferComplete
                0x1ffd8d14       0x5c CMakeFiles/flexio_spi_edma_lpspi_transfer_slave.elf.dir/C_/git/imx7ulp-exploration/SDK_2_10_0_EVK-MCIMX7ULP/devices/MCIMX7U5/drivers/fsl_lpspi.c.obj
 .text.LPSPI_MasterTransferHandleIRQ
                0x1ffd8d70      0x218 CMakeFiles/flexio_spi_edma_lpspi_transfer_slave.elf.dir/C_/git/imx7ulp-exploration/SDK_2_10_0_EVK-MCIMX7ULP/devices/MCIMX7U5/drivers/fsl_lpspi.c.obj
                0x1ffd8d70                LPSPI_MasterTransferHandleIRQ
 .text.LPSPI_CombineWriteData
                0x1ffd8f88      0x1d4 CMakeFiles/flexio_spi_edma_lpspi_transfer_slave.elf.dir/C_/git/imx7ulp-exploration/SDK_2_10_0_EVK-MCIMX7ULP/devices/MCIMX7U5/drivers/fsl_lpspi.c.obj
 .text.LPSPI_SeparateReadData
                0x1ffd915c      0x1c8 CMakeFiles/flexio_spi_edma_lpspi_transfer_slave.elf.dir/C_/git/imx7ulp-exploration/SDK_2_10_0_EVK-MCIMX7ULP/devices/MCIMX7U5/drivers/fsl_lpspi.c.obj
 .text.LPSPI_TxFifoReady
                0x1ffd9324       0x22 CMakeFiles/flexio_spi_edma_lpspi_transfer_slave.elf.dir/C_/git/imx7ulp-exploration/SDK_2_10_0_EVK-MCIMX7ULP/devices/MCIMX7U5/drivers/fsl_lpspi.c.obj
 *fill*         0x1ffd9346        0x2 
 .text.LPSPI_CommonIRQHandler
                0x1ffd9348       0x44 CMakeFiles/flexio_spi_edma_lpspi_transfer_slave.elf.dir/C_/git/imx7ulp-exploration/SDK_2_10_0_EVK-MCIMX7ULP/devices/MCIMX7U5/drivers/fsl_lpspi.c.obj
 .text.LPSPI0_DriverIRQHandler
                0x1ffd938c       0x40 CMakeFiles/flexio_spi_edma_lpspi_transfer_slave.elf.dir/C_/git/imx7ulp-exploration/SDK_2_10_0_EVK-MCIMX7ULP/devices/MCIMX7U5/drivers/fsl_lpspi.c.obj
                0x1ffd938c                LPSPI0_DriverIRQHandler
 .text.LPSPI1_DriverIRQHandler
                0x1ffd93cc       0x40 CMakeFiles/flexio_spi_edma_lpspi_transfer_slave.elf.dir/C_/git/imx7ulp-exploration/SDK_2_10_0_EVK-MCIMX7ULP/devices/MCIMX7U5/drivers/fsl_lpspi.c.obj
                0x1ffd93cc                LPSPI1_DriverIRQHandler
 .text.exit     0x1ffd940c       0x28 c:/progra~2/gnuarm~1/102020~1/bin/../lib/gcc/arm-none-eabi/10.2.1/../../../../arm-none-eabi/lib/thumb/v7e-m+fp/hard\libc_nano.a(lib_a-exit.o)
                0x1ffd940c                exit
 .text.__libc_init_array
                0x1ffd9434       0x48 c:/progra~2/gnuarm~1/102020~1/bin/../lib/gcc/arm-none-eabi/10.2.1/../../../../arm-none-eabi/lib/thumb/v7e-m+fp/hard\libc_nano.a(lib_a-init.o)
                0x1ffd9434                __libc_init_array
 .text.memset   0x1ffd947c       0x10 c:/progra~2/gnuarm~1/102020~1/bin/../lib/gcc/arm-none-eabi/10.2.1/../../../../arm-none-eabi/lib/thumb/v7e-m+fp/hard\libc_nano.a(lib_a-memset.o)
                0x1ffd947c                memset
 .text._exit    0x1ffd948c        0x4 c:/progra~2/gnuarm~1/102020~1/bin/../lib/gcc/arm-none-eabi/10.2.1/../../../../arm-none-eabi/lib/thumb/v7e-m+fp/hard\libnosys.a(_exit.o)
                0x1ffd948c                _exit
 *(.rodata)
 .rodata        0x1ffd9490      0x3ad CMakeFiles/flexio_spi_edma_lpspi_transfer_slave.elf.dir/C_/git/imx7ulp-exploration/src/flexio_spi_edma_lpspi_transfer_slave.c.obj
 *fill*         0x1ffd983d        0x3 
 .rodata        0x1ffd9840       0x9d CMakeFiles/flexio_spi_edma_lpspi_transfer_slave.elf.dir/C_/git/imx7ulp-exploration/src/board.c.obj
 *fill*         0x1ffd98dd        0x3 
 .rodata        0x1ffd98e0      0x114 CMakeFiles/flexio_spi_edma_lpspi_transfer_slave.elf.dir/C_/git/imx7ulp-exploration/SDK_2_10_0_EVK-MCIMX7ULP/components/uart/fsl_adapter_lpuart.c.obj
 .rodata        0x1ffd99f4      0x200 CMakeFiles/flexio_spi_edma_lpspi_transfer_slave.elf.dir/C_/git/imx7ulp-exploration/SDK_2_10_0_EVK-MCIMX7ULP/devices/MCIMX7U5/drivers/fsl_clock.c.obj
 .rodata        0x1ffd9bf4       0x4c CMakeFiles/flexio_spi_edma_lpspi_transfer_slave.elf.dir/C_/git/imx7ulp-exploration/SDK_2_10_0_EVK-MCIMX7ULP/devices/MCIMX7U5/system_MCIMX7U5_cm4.c.obj
 .rodata        0x1ffd9c40      0x2aa CMakeFiles/flexio_spi_edma_lpspi_transfer_slave.elf.dir/C_/git/imx7ulp-exploration/SDK_2_10_0_EVK-MCIMX7ULP/devices/MCIMX7U5/drivers/fsl_lpuart.c.obj
 *fill*         0x1ffd9eea        0x2 
 .rodata        0x1ffd9eec       0x3e CMakeFiles/flexio_spi_edma_lpspi_transfer_slave.elf.dir/C_/git/imx7ulp-exploration/SDK_2_10_0_EVK-MCIMX7ULP/devices/MCIMX7U5/utilities/debug_console_lite/fsl_assert.c.obj
 *fill*         0x1ffd9f2a        0x2 
 .rodata        0x1ffd9f2c      0x11a CMakeFiles/flexio_spi_edma_lpspi_transfer_slave.elf.dir/C_/git/imx7ulp-exploration/SDK_2_10_0_EVK-MCIMX7ULP/devices/MCIMX7U5/drivers/fsl_dmamux.c.obj
 *fill*         0x1ffda046        0x2 
 .rodata        0x1ffda048      0x42d CMakeFiles/flexio_spi_edma_lpspi_transfer_slave.elf.dir/C_/git/imx7ulp-exploration/SDK_2_10_0_EVK-MCIMX7ULP/devices/MCIMX7U5/drivers/fsl_edma.c.obj
 *fill*         0x1ffda475        0x3 
 .rodata        0x1ffda478      0x17c CMakeFiles/flexio_spi_edma_lpspi_transfer_slave.elf.dir/C_/git/imx7ulp-exploration/SDK_2_10_0_EVK-MCIMX7ULP/devices/MCIMX7U5/drivers/fsl_flexio.c.obj
 .rodata        0x1ffda5f4      0x1ae CMakeFiles/flexio_spi_edma_lpspi_transfer_slave.elf.dir/C_/git/imx7ulp-exploration/SDK_2_10_0_EVK-MCIMX7ULP/devices/MCIMX7U5/drivers/fsl_flexio_spi.c.obj
 *fill*         0x1ffda7a2        0x2 
 .rodata        0x1ffda7a4       0x81 CMakeFiles/flexio_spi_edma_lpspi_transfer_slave.elf.dir/C_/git/imx7ulp-exploration/SDK_2_10_0_EVK-MCIMX7ULP/devices/MCIMX7U5/drivers/fsl_flexio_spi_edma.c.obj
 *fill*         0x1ffda825        0x3 
 .rodata        0x1ffda828      0x219 CMakeFiles/flexio_spi_edma_lpspi_transfer_slave.elf.dir/C_/git/imx7ulp-exploration/SDK_2_10_0_EVK-MCIMX7ULP/devices/MCIMX7U5/drivers/fsl_lpspi.c.obj
 *(.rodata*)
 *fill*         0x1ffdaa41        0x3 
 .rodata.__func__.2
                0x1ffdaa44        0xf CMakeFiles/flexio_spi_edma_lpspi_transfer_slave.elf.dir/C_/git/imx7ulp-exploration/src/flexio_spi_edma_lpspi_transfer_slave.c.obj
 *fill*         0x1ffdaa53        0x1 
 .rodata.__func__.1
                0x1ffdaa54       0x11 CMakeFiles/flexio_spi_edma_lpspi_transfer_slave.elf.dir/C_/git/imx7ulp-exploration/src/flexio_spi_edma_lpspi_transfer_slave.c.obj
 *fill*         0x1ffdaa65        0x3 
 .rodata.__func__.0
                0x1ffdaa68       0x15 CMakeFiles/flexio_spi_edma_lpspi_transfer_slave.elf.dir/C_/git/imx7ulp-exploration/src/flexio_spi_edma_lpspi_transfer_slave.c.obj
 *fill*         0x1ffdaa7d        0x3 
 .rodata.__func__.0
                0x1ffdaa80        0xf CMakeFiles/flexio_spi_edma_lpspi_transfer_slave.elf.dir/C_/git/imx7ulp-exploration/src/board.c.obj
 *fill*         0x1ffdaa8f        0x1 
 .rodata.g_scgSysOscConfig
                0x1ffdaa90       0x10 CMakeFiles/flexio_spi_edma_lpspi_transfer_slave.elf.dir/C_/git/imx7ulp-exploration/src/clock_config.c.obj
                0x1ffdaa90                g_scgSysOscConfig
 .rodata.g_scgSircConfig
                0x1ffdaaa0        0x8 CMakeFiles/flexio_spi_edma_lpspi_transfer_slave.elf.dir/C_/git/imx7ulp-exploration/src/clock_config.c.obj
                0x1ffdaaa0                g_scgSircConfig
 .rodata.g_scgFircConfig
                0x1ffdaaa8        0xc CMakeFiles/flexio_spi_edma_lpspi_transfer_slave.elf.dir/C_/git/imx7ulp-exploration/src/clock_config.c.obj
                0x1ffdaaa8                g_scgFircConfig
 .rodata.g_scgSysPllConfig
                0x1ffdaab4        0x9 CMakeFiles/flexio_spi_edma_lpspi_transfer_slave.elf.dir/C_/git/imx7ulp-exploration/src/clock_config.c.obj
                0x1ffdaab4                g_scgSysPllConfig
 *fill*         0x1ffdaabd        0x3 
 .rodata.g_scgAuxPllConfig
                0x1ffdaac0       0x14 CMakeFiles/flexio_spi_edma_lpspi_transfer_slave.elf.dir/C_/git/imx7ulp-exploration/src/clock_config.c.obj
                0x1ffdaac0                g_scgAuxPllConfig
 .rodata.g_sysClkConfigNormalRun
                0x1ffdaad4        0x4 CMakeFiles/flexio_spi_edma_lpspi_transfer_slave.elf.dir/C_/git/imx7ulp-exploration/src/clock_config.c.obj
                0x1ffdaad4                g_sysClkConfigNormalRun
 .rodata.g_sysClkConfigVlpr
                0x1ffdaad8        0x4 CMakeFiles/flexio_spi_edma_lpspi_transfer_slave.elf.dir/C_/git/imx7ulp-exploration/src/clock_config.c.obj
                0x1ffdaad8                g_sysClkConfigVlpr
 .rodata.s_LpuartAdapterBase
                0x1ffdaadc       0x20 CMakeFiles/flexio_spi_edma_lpspi_transfer_slave.elf.dir/C_/git/imx7ulp-exploration/SDK_2_10_0_EVK-MCIMX7ULP/components/uart/fsl_adapter_lpuart.c.obj
 .rodata.__func__.4
                0x1ffdaafc        0xd CMakeFiles/flexio_spi_edma_lpspi_transfer_slave.elf.dir/C_/git/imx7ulp-exploration/SDK_2_10_0_EVK-MCIMX7ULP/components/uart/fsl_adapter_lpuart.c.obj
 *fill*         0x1ffdab09        0x3 
 .rodata.__func__.2
                0x1ffdab0c       0x18 CMakeFiles/flexio_spi_edma_lpspi_transfer_slave.elf.dir/C_/git/imx7ulp-exploration/SDK_2_10_0_EVK-MCIMX7ULP/components/uart/fsl_adapter_lpuart.c.obj
 .rodata.__func__.1
                0x1ffdab24       0x15 CMakeFiles/flexio_spi_edma_lpspi_transfer_slave.elf.dir/C_/git/imx7ulp-exploration/SDK_2_10_0_EVK-MCIMX7ULP/components/uart/fsl_adapter_lpuart.c.obj
 *fill*         0x1ffdab39        0x3 
 .rodata.s_spllMulti
                0x1ffdab3c        0x8 CMakeFiles/flexio_spi_edma_lpspi_transfer_slave.elf.dir/C_/git/imx7ulp-exploration/SDK_2_10_0_EVK-MCIMX7ULP/devices/MCIMX7U5/drivers/fsl_clock.c.obj
 .rodata.__func__.12
                0x1ffdab44       0x10 CMakeFiles/flexio_spi_edma_lpspi_transfer_slave.elf.dir/C_/git/imx7ulp-exploration/SDK_2_10_0_EVK-MCIMX7ULP/devices/MCIMX7U5/drivers/fsl_clock.c.obj
 .rodata.__func__.11
                0x1ffdab54       0x19 CMakeFiles/flexio_spi_edma_lpspi_transfer_slave.elf.dir/C_/git/imx7ulp-exploration/SDK_2_10_0_EVK-MCIMX7ULP/devices/MCIMX7U5/drivers/fsl_clock.c.obj
 *fill*         0x1ffdab6d        0x3 
 .rodata.__func__.10
                0x1ffdab70       0x11 CMakeFiles/flexio_spi_edma_lpspi_transfer_slave.elf.dir/C_/git/imx7ulp-exploration/SDK_2_10_0_EVK-MCIMX7ULP/devices/MCIMX7U5/drivers/fsl_clock.c.obj
 *fill*         0x1ffdab81        0x3 
 .rodata.__func__.9
                0x1ffdab84       0x14 CMakeFiles/flexio_spi_edma_lpspi_transfer_slave.elf.dir/C_/git/imx7ulp-exploration/SDK_2_10_0_EVK-MCIMX7ULP/devices/MCIMX7U5/drivers/fsl_clock.c.obj
 .rodata.__func__.8
                0x1ffdab98        0xf CMakeFiles/flexio_spi_edma_lpspi_transfer_slave.elf.dir/C_/git/imx7ulp-exploration/SDK_2_10_0_EVK-MCIMX7ULP/devices/MCIMX7U5/drivers/fsl_clock.c.obj
 *fill*         0x1ffdaba7        0x1 
 .rodata.sircFreq.7
                0x1ffdaba8        0x8 CMakeFiles/flexio_spi_edma_lpspi_transfer_slave.elf.dir/C_/git/imx7ulp-exploration/SDK_2_10_0_EVK-MCIMX7ULP/devices/MCIMX7U5/drivers/fsl_clock.c.obj
 .rodata.__func__.6
                0x1ffdabb0        0xf CMakeFiles/flexio_spi_edma_lpspi_transfer_slave.elf.dir/C_/git/imx7ulp-exploration/SDK_2_10_0_EVK-MCIMX7ULP/devices/MCIMX7U5/drivers/fsl_clock.c.obj
 *fill*         0x1ffdabbf        0x1 
 .rodata.fircFreq.5
                0x1ffdabc0       0x10 CMakeFiles/flexio_spi_edma_lpspi_transfer_slave.elf.dir/C_/git/imx7ulp-exploration/SDK_2_10_0_EVK-MCIMX7ULP/devices/MCIMX7U5/drivers/fsl_clock.c.obj
 .rodata.__func__.4
                0x1ffdabd0       0x14 CMakeFiles/flexio_spi_edma_lpspi_transfer_slave.elf.dir/C_/git/imx7ulp-exploration/SDK_2_10_0_EVK-MCIMX7ULP/devices/MCIMX7U5/drivers/fsl_clock.c.obj
 .rodata.__func__.3
                0x1ffdabe4       0x11 CMakeFiles/flexio_spi_edma_lpspi_transfer_slave.elf.dir/C_/git/imx7ulp-exploration/SDK_2_10_0_EVK-MCIMX7ULP/devices/MCIMX7U5/drivers/fsl_clock.c.obj
 *fill*         0x1ffdabf5        0x3 
 .rodata.__func__.2
                0x1ffdabf8       0x1c CMakeFiles/flexio_spi_edma_lpspi_transfer_slave.elf.dir/C_/git/imx7ulp-exploration/SDK_2_10_0_EVK-MCIMX7ULP/devices/MCIMX7U5/drivers/fsl_clock.c.obj
 .rodata.__func__.1
                0x1ffdac14       0x11 CMakeFiles/flexio_spi_edma_lpspi_transfer_slave.elf.dir/C_/git/imx7ulp-exploration/SDK_2_10_0_EVK-MCIMX7ULP/devices/MCIMX7U5/drivers/fsl_clock.c.obj
 *fill*         0x1ffdac25        0x3 
 .rodata.__func__.0
                0x1ffdac28       0x1c CMakeFiles/flexio_spi_edma_lpspi_transfer_slave.elf.dir/C_/git/imx7ulp-exploration/SDK_2_10_0_EVK-MCIMX7ULP/devices/MCIMX7U5/drivers/fsl_clock.c.obj
 .rodata.s_lpuartBases
                0x1ffdac44       0x20 CMakeFiles/flexio_spi_edma_lpspi_transfer_slave.elf.dir/C_/git/imx7ulp-exploration/SDK_2_10_0_EVK-MCIMX7ULP/devices/MCIMX7U5/drivers/fsl_lpuart.c.obj
 .rodata.s_lpuartClock
                0x1ffdac64       0x20 CMakeFiles/flexio_spi_edma_lpspi_transfer_slave.elf.dir/C_/git/imx7ulp-exploration/SDK_2_10_0_EVK-MCIMX7ULP/devices/MCIMX7U5/drivers/fsl_lpuart.c.obj
 .rodata.__func__.23
                0x1ffdac84       0x13 CMakeFiles/flexio_spi_edma_lpspi_transfer_slave.elf.dir/C_/git/imx7ulp-exploration/SDK_2_10_0_EVK-MCIMX7ULP/devices/MCIMX7U5/drivers/fsl_lpuart.c.obj
 *fill*         0x1ffdac97        0x1 
 .rodata.__func__.18
                0x1ffdac98        0xc CMakeFiles/flexio_spi_edma_lpspi_transfer_slave.elf.dir/C_/git/imx7ulp-exploration/SDK_2_10_0_EVK-MCIMX7ULP/devices/MCIMX7U5/drivers/fsl_lpuart.c.obj
 .rodata.__func__.17
                0x1ffdaca4       0x12 CMakeFiles/flexio_spi_edma_lpspi_transfer_slave.elf.dir/C_/git/imx7ulp-exploration/SDK_2_10_0_EVK-MCIMX7ULP/devices/MCIMX7U5/drivers/fsl_lpuart.c.obj
 *fill*         0x1ffdacb6        0x2 
 .rodata.__func__.15
                0x1ffdacb8       0x18 CMakeFiles/flexio_spi_edma_lpspi_transfer_slave.elf.dir/C_/git/imx7ulp-exploration/SDK_2_10_0_EVK-MCIMX7ULP/devices/MCIMX7U5/drivers/fsl_lpuart.c.obj
 .rodata.__func__.11
                0x1ffdacd0       0x15 CMakeFiles/flexio_spi_edma_lpspi_transfer_slave.elf.dir/C_/git/imx7ulp-exploration/SDK_2_10_0_EVK-MCIMX7ULP/devices/MCIMX7U5/drivers/fsl_lpuart.c.obj
 *fill*         0x1ffdace5        0x3 
 .rodata.__func__.10
                0x1ffdace8       0x14 CMakeFiles/flexio_spi_edma_lpspi_transfer_slave.elf.dir/C_/git/imx7ulp-exploration/SDK_2_10_0_EVK-MCIMX7ULP/devices/MCIMX7U5/drivers/fsl_lpuart.c.obj
 .rodata.s_dmamuxBases
                0x1ffdacfc        0x8 CMakeFiles/flexio_spi_edma_lpspi_transfer_slave.elf.dir/C_/git/imx7ulp-exploration/SDK_2_10_0_EVK-MCIMX7ULP/devices/MCIMX7U5/drivers/fsl_dmamux.c.obj
 .rodata.s_dmamuxClockName
                0x1ffdad04        0x8 CMakeFiles/flexio_spi_edma_lpspi_transfer_slave.elf.dir/C_/git/imx7ulp-exploration/SDK_2_10_0_EVK-MCIMX7ULP/devices/MCIMX7U5/drivers/fsl_dmamux.c.obj
 .rodata.__func__.2
                0x1ffdad0c       0x13 CMakeFiles/flexio_spi_edma_lpspi_transfer_slave.elf.dir/C_/git/imx7ulp-exploration/SDK_2_10_0_EVK-MCIMX7ULP/devices/MCIMX7U5/drivers/fsl_dmamux.c.obj
 *fill*         0x1ffdad1f        0x1 
 .rodata.__func__.1
                0x1ffdad20       0x12 CMakeFiles/flexio_spi_edma_lpspi_transfer_slave.elf.dir/C_/git/imx7ulp-exploration/SDK_2_10_0_EVK-MCIMX7ULP/devices/MCIMX7U5/drivers/fsl_dmamux.c.obj
 *fill*         0x1ffdad32        0x2 
 .rodata.s_edmaBases
                0x1ffdad34        0x8 CMakeFiles/flexio_spi_edma_lpspi_transfer_slave.elf.dir/C_/git/imx7ulp-exploration/SDK_2_10_0_EVK-MCIMX7ULP/devices/MCIMX7U5/drivers/fsl_edma.c.obj
 .rodata.s_edmaClockName
                0x1ffdad3c        0x8 CMakeFiles/flexio_spi_edma_lpspi_transfer_slave.elf.dir/C_/git/imx7ulp-exploration/SDK_2_10_0_EVK-MCIMX7ULP/devices/MCIMX7U5/drivers/fsl_edma.c.obj
 .rodata.s_edmaIRQNumber
                0x1ffdad44       0x40 CMakeFiles/flexio_spi_edma_lpspi_transfer_slave.elf.dir/C_/git/imx7ulp-exploration/SDK_2_10_0_EVK-MCIMX7ULP/devices/MCIMX7U5/drivers/fsl_edma.c.obj
 .rodata.__func__.38
                0x1ffdad84       0x11 CMakeFiles/flexio_spi_edma_lpspi_transfer_slave.elf.dir/C_/git/imx7ulp-exploration/SDK_2_10_0_EVK-MCIMX7ULP/devices/MCIMX7U5/drivers/fsl_edma.c.obj
 *fill*         0x1ffdad95        0x3 
 .rodata.__func__.37
                0x1ffdad98       0x10 CMakeFiles/flexio_spi_edma_lpspi_transfer_slave.elf.dir/C_/git/imx7ulp-exploration/SDK_2_10_0_EVK-MCIMX7ULP/devices/MCIMX7U5/drivers/fsl_edma.c.obj
 .rodata.__func__.36
                0x1ffdada8        0xa CMakeFiles/flexio_spi_edma_lpspi_transfer_slave.elf.dir/C_/git/imx7ulp-exploration/SDK_2_10_0_EVK-MCIMX7ULP/devices/MCIMX7U5/drivers/fsl_edma.c.obj
 *fill*         0x1ffdadb2        0x2 
 .rodata.__func__.35
                0x1ffdadb4       0x12 CMakeFiles/flexio_spi_edma_lpspi_transfer_slave.elf.dir/C_/git/imx7ulp-exploration/SDK_2_10_0_EVK-MCIMX7ULP/devices/MCIMX7U5/drivers/fsl_edma.c.obj
 *fill*         0x1ffdadc6        0x2 
 .rodata.__func__.33
                0x1ffdadc8       0x16 CMakeFiles/flexio_spi_edma_lpspi_transfer_slave.elf.dir/C_/git/imx7ulp-exploration/SDK_2_10_0_EVK-MCIMX7ULP/devices/MCIMX7U5/drivers/fsl_edma.c.obj
 *fill*         0x1ffdadde        0x2 
 .rodata.__func__.31
                0x1ffdade0       0x17 CMakeFiles/flexio_spi_edma_lpspi_transfer_slave.elf.dir/C_/git/imx7ulp-exploration/SDK_2_10_0_EVK-MCIMX7ULP/devices/MCIMX7U5/drivers/fsl_edma.c.obj
 *fill*         0x1ffdadf7        0x1 
 .rodata.__func__.22
                0x1ffdadf8        0xe CMakeFiles/flexio_spi_edma_lpspi_transfer_slave.elf.dir/C_/git/imx7ulp-exploration/SDK_2_10_0_EVK-MCIMX7ULP/devices/MCIMX7U5/drivers/fsl_edma.c.obj
 *fill*         0x1ffdae06        0x2 
 .rodata.__func__.21
                0x1ffdae08       0x1a CMakeFiles/flexio_spi_edma_lpspi_transfer_slave.elf.dir/C_/git/imx7ulp-exploration/SDK_2_10_0_EVK-MCIMX7ULP/devices/MCIMX7U5/drivers/fsl_edma.c.obj
 *fill*         0x1ffdae22        0x2 
 .rodata.__func__.13
                0x1ffdae24       0x1b CMakeFiles/flexio_spi_edma_lpspi_transfer_slave.elf.dir/C_/git/imx7ulp-exploration/SDK_2_10_0_EVK-MCIMX7ULP/devices/MCIMX7U5/drivers/fsl_edma.c.obj
 *fill*         0x1ffdae3f        0x1 
 .rodata.__func__.10
                0x1ffdae40       0x17 CMakeFiles/flexio_spi_edma_lpspi_transfer_slave.elf.dir/C_/git/imx7ulp-exploration/SDK_2_10_0_EVK-MCIMX7ULP/devices/MCIMX7U5/drivers/fsl_edma.c.obj
 *fill*         0x1ffdae57        0x1 
 .rodata.__func__.9
                0x1ffdae58       0x12 CMakeFiles/flexio_spi_edma_lpspi_transfer_slave.elf.dir/C_/git/imx7ulp-exploration/SDK_2_10_0_EVK-MCIMX7ULP/devices/MCIMX7U5/drivers/fsl_edma.c.obj
 *fill*         0x1ffdae6a        0x2 
 .rodata.__func__.7
                0x1ffdae6c       0x11 CMakeFiles/flexio_spi_edma_lpspi_transfer_slave.elf.dir/C_/git/imx7ulp-exploration/SDK_2_10_0_EVK-MCIMX7ULP/devices/MCIMX7U5/drivers/fsl_edma.c.obj
 *fill*         0x1ffdae7d        0x3 
 .rodata.__func__.3
                0x1ffdae80       0x14 CMakeFiles/flexio_spi_edma_lpspi_transfer_slave.elf.dir/C_/git/imx7ulp-exploration/SDK_2_10_0_EVK-MCIMX7ULP/devices/MCIMX7U5/drivers/fsl_edma.c.obj
 .rodata.__func__.2
                0x1ffdae94       0x13 CMakeFiles/flexio_spi_edma_lpspi_transfer_slave.elf.dir/C_/git/imx7ulp-exploration/SDK_2_10_0_EVK-MCIMX7ULP/devices/MCIMX7U5/drivers/fsl_edma.c.obj
 *fill*         0x1ffdaea7        0x1 
 .rodata.__func__.0
                0x1ffdaea8        0xf CMakeFiles/flexio_spi_edma_lpspi_transfer_slave.elf.dir/C_/git/imx7ulp-exploration/SDK_2_10_0_EVK-MCIMX7ULP/devices/MCIMX7U5/drivers/fsl_edma.c.obj
 *fill*         0x1ffdaeb7        0x1 
 .rodata.s_flexioBases
                0x1ffdaeb8        0x8 CMakeFiles/flexio_spi_edma_lpspi_transfer_slave.elf.dir/C_/git/imx7ulp-exploration/SDK_2_10_0_EVK-MCIMX7ULP/devices/MCIMX7U5/drivers/fsl_flexio.c.obj
                0x1ffdaeb8                s_flexioBases
 .rodata.s_flexioClocks
                0x1ffdaec0        0x8 CMakeFiles/flexio_spi_edma_lpspi_transfer_slave.elf.dir/C_/git/imx7ulp-exploration/SDK_2_10_0_EVK-MCIMX7ULP/devices/MCIMX7U5/drivers/fsl_flexio.c.obj
                0x1ffdaec0                s_flexioClocks
 .rodata.__func__.6
                0x1ffdaec8       0x13 CMakeFiles/flexio_spi_edma_lpspi_transfer_slave.elf.dir/C_/git/imx7ulp-exploration/SDK_2_10_0_EVK-MCIMX7ULP/devices/MCIMX7U5/drivers/fsl_flexio.c.obj
 *fill*         0x1ffdaedb        0x1 
 .rodata.__func__.2
                0x1ffdaedc       0x1f CMakeFiles/flexio_spi_edma_lpspi_transfer_slave.elf.dir/C_/git/imx7ulp-exploration/SDK_2_10_0_EVK-MCIMX7ULP/devices/MCIMX7U5/drivers/fsl_flexio.c.obj
 *fill*         0x1ffdaefb        0x1 
 .rodata.__func__.13
                0x1ffdaefc       0x12 CMakeFiles/flexio_spi_edma_lpspi_transfer_slave.elf.dir/C_/git/imx7ulp-exploration/SDK_2_10_0_EVK-MCIMX7ULP/devices/MCIMX7U5/drivers/fsl_flexio_spi.c.obj
 *fill*         0x1ffdaf0e        0x2 
 .rodata.__func__.11
                0x1ffdaf10       0x15 CMakeFiles/flexio_spi_edma_lpspi_transfer_slave.elf.dir/C_/git/imx7ulp-exploration/SDK_2_10_0_EVK-MCIMX7ULP/devices/MCIMX7U5/drivers/fsl_flexio_spi.c.obj
 *fill*         0x1ffdaf25        0x3 
 .rodata.__func__.10
                0x1ffdaf28       0x21 CMakeFiles/flexio_spi_edma_lpspi_transfer_slave.elf.dir/C_/git/imx7ulp-exploration/SDK_2_10_0_EVK-MCIMX7ULP/devices/MCIMX7U5/drivers/fsl_flexio_spi.c.obj
 *fill*         0x1ffdaf49        0x1 
 .rodata.s_dummyData
                0x1ffdaf4a        0x2 CMakeFiles/flexio_spi_edma_lpspi_transfer_slave.elf.dir/C_/git/imx7ulp-exploration/SDK_2_10_0_EVK-MCIMX7ULP/devices/MCIMX7U5/drivers/fsl_flexio_spi_edma.c.obj
 .rodata.__func__.4
                0x1ffdaf4c       0x2a CMakeFiles/flexio_spi_edma_lpspi_transfer_slave.elf.dir/C_/git/imx7ulp-exploration/SDK_2_10_0_EVK-MCIMX7ULP/devices/MCIMX7U5/drivers/fsl_flexio_spi_edma.c.obj
 *fill*         0x1ffdaf76        0x2 
 .rodata.__func__.0
                0x1ffdaf78       0x1d CMakeFiles/flexio_spi_edma_lpspi_transfer_slave.elf.dir/C_/git/imx7ulp-exploration/SDK_2_10_0_EVK-MCIMX7ULP/devices/MCIMX7U5/drivers/fsl_flexio_spi_edma.c.obj
 *fill*         0x1ffdaf95        0x3 
 .rodata.s_baudratePrescaler
                0x1ffdaf98        0x8 CMakeFiles/flexio_spi_edma_lpspi_transfer_slave.elf.dir/C_/git/imx7ulp-exploration/SDK_2_10_0_EVK-MCIMX7ULP/devices/MCIMX7U5/drivers/fsl_lpspi.c.obj
 .rodata.s_lpspiBases
                0x1ffdafa0       0x10 CMakeFiles/flexio_spi_edma_lpspi_transfer_slave.elf.dir/C_/git/imx7ulp-exploration/SDK_2_10_0_EVK-MCIMX7ULP/devices/MCIMX7U5/drivers/fsl_lpspi.c.obj
 .rodata.s_lpspiIRQ
                0x1ffdafb0        0x4 CMakeFiles/flexio_spi_edma_lpspi_transfer_slave.elf.dir/C_/git/imx7ulp-exploration/SDK_2_10_0_EVK-MCIMX7ULP/devices/MCIMX7U5/drivers/fsl_lpspi.c.obj
 .rodata.s_lpspiClocks
                0x1ffdafb4       0x10 CMakeFiles/flexio_spi_edma_lpspi_transfer_slave.elf.dir/C_/git/imx7ulp-exploration/SDK_2_10_0_EVK-MCIMX7ULP/devices/MCIMX7U5/drivers/fsl_lpspi.c.obj
 .rodata.__func__.30
                0x1ffdafc4       0x12 CMakeFiles/flexio_spi_edma_lpspi_transfer_slave.elf.dir/C_/git/imx7ulp-exploration/SDK_2_10_0_EVK-MCIMX7ULP/devices/MCIMX7U5/drivers/fsl_lpspi.c.obj
 *fill*         0x1ffdafd6        0x2 
 .rodata.__func__.29
                0x1ffdafd8       0x11 CMakeFiles/flexio_spi_edma_lpspi_transfer_slave.elf.dir/C_/git/imx7ulp-exploration/SDK_2_10_0_EVK-MCIMX7ULP/devices/MCIMX7U5/drivers/fsl_lpspi.c.obj
 *fill*         0x1ffdafe9        0x3 
 .rodata.__func__.28
                0x1ffdafec       0x12 CMakeFiles/flexio_spi_edma_lpspi_transfer_slave.elf.dir/C_/git/imx7ulp-exploration/SDK_2_10_0_EVK-MCIMX7ULP/devices/MCIMX7U5/drivers/fsl_lpspi.c.obj
 *fill*         0x1ffdaffe        0x2 
 .rodata.__func__.24
                0x1ffdb000       0x13 CMakeFiles/flexio_spi_edma_lpspi_transfer_slave.elf.dir/C_/git/imx7ulp-exploration/SDK_2_10_0_EVK-MCIMX7ULP/devices/MCIMX7U5/drivers/fsl_lpspi.c.obj
 *fill*         0x1ffdb013        0x1 
 .rodata.__func__.23
                0x1ffdb014       0x18 CMakeFiles/flexio_spi_edma_lpspi_transfer_slave.elf.dir/C_/git/imx7ulp-exploration/SDK_2_10_0_EVK-MCIMX7ULP/devices/MCIMX7U5/drivers/fsl_lpspi.c.obj
 .rodata.__func__.22
                0x1ffdb02c       0x1b CMakeFiles/flexio_spi_edma_lpspi_transfer_slave.elf.dir/C_/git/imx7ulp-exploration/SDK_2_10_0_EVK-MCIMX7ULP/devices/MCIMX7U5/drivers/fsl_lpspi.c.obj
 *fill*         0x1ffdb047        0x1 
 .rodata.__func__.21
                0x1ffdb048       0x21 CMakeFiles/flexio_spi_edma_lpspi_transfer_slave.elf.dir/C_/git/imx7ulp-exploration/SDK_2_10_0_EVK-MCIMX7ULP/devices/MCIMX7U5/drivers/fsl_lpspi.c.obj
 *fill*         0x1ffdb069        0x3 
 .rodata.__func__.20
                0x1ffdb06c       0x1c CMakeFiles/flexio_spi_edma_lpspi_transfer_slave.elf.dir/C_/git/imx7ulp-exploration/SDK_2_10_0_EVK-MCIMX7ULP/devices/MCIMX7U5/drivers/fsl_lpspi.c.obj
 .rodata.__func__.18
                0x1ffdb088       0x20 CMakeFiles/flexio_spi_edma_lpspi_transfer_slave.elf.dir/C_/git/imx7ulp-exploration/SDK_2_10_0_EVK-MCIMX7ULP/devices/MCIMX7U5/drivers/fsl_lpspi.c.obj
 .rodata.__func__.17
                0x1ffdb0a8       0x21 CMakeFiles/flexio_spi_edma_lpspi_transfer_slave.elf.dir/C_/git/imx7ulp-exploration/SDK_2_10_0_EVK-MCIMX7ULP/devices/MCIMX7U5/drivers/fsl_lpspi.c.obj
 *fill*         0x1ffdb0c9        0x3 
 .rodata.__func__.16
                0x1ffdb0cc       0x1d CMakeFiles/flexio_spi_edma_lpspi_transfer_slave.elf.dir/C_/git/imx7ulp-exploration/SDK_2_10_0_EVK-MCIMX7ULP/devices/MCIMX7U5/drivers/fsl_lpspi.c.obj
 *fill*         0x1ffdb0e9        0x3 
 .rodata.__func__.13
                0x1ffdb0ec       0x1e CMakeFiles/flexio_spi_edma_lpspi_transfer_slave.elf.dir/C_/git/imx7ulp-exploration/SDK_2_10_0_EVK-MCIMX7ULP/devices/MCIMX7U5/drivers/fsl_lpspi.c.obj
 *fill*         0x1ffdb10a        0x2 
 .rodata.__func__.5
                0x1ffdb10c       0x17 CMakeFiles/flexio_spi_edma_lpspi_transfer_slave.elf.dir/C_/git/imx7ulp-exploration/SDK_2_10_0_EVK-MCIMX7ULP/devices/MCIMX7U5/drivers/fsl_lpspi.c.obj
 *fill*         0x1ffdb123        0x1 
 .rodata.__func__.4
                0x1ffdb124       0x17 CMakeFiles/flexio_spi_edma_lpspi_transfer_slave.elf.dir/C_/git/imx7ulp-exploration/SDK_2_10_0_EVK-MCIMX7ULP/devices/MCIMX7U5/drivers/fsl_lpspi.c.obj
 *fill*         0x1ffdb13b        0x1 
 .rodata.__func__.3
                0x1ffdb13c       0x18 CMakeFiles/flexio_spi_edma_lpspi_transfer_slave.elf.dir/C_/git/imx7ulp-exploration/SDK_2_10_0_EVK-MCIMX7ULP/devices/MCIMX7U5/drivers/fsl_lpspi.c.obj
 .rodata.__func__.2
                0x1ffdb154       0x18 CMakeFiles/flexio_spi_edma_lpspi_transfer_slave.elf.dir/C_/git/imx7ulp-exploration/SDK_2_10_0_EVK-MCIMX7ULP/devices/MCIMX7U5/drivers/fsl_lpspi.c.obj
 .rodata._global_impure_ptr
                0x1ffdb16c        0x4 c:/progra~2/gnuarm~1/102020~1/bin/../lib/gcc/arm-none-eabi/10.2.1/../../../../arm-none-eabi/lib/thumb/v7e-m+fp/hard\libc_nano.a(lib_a-impure.o)
                0x1ffdb16c                _global_impure_ptr
 *(.glue_7)
 .glue_7        0x1ffdb170        0x0 linker stubs
 *(.glue_7t)
 .glue_7t       0x1ffdb170        0x0 linker stubs
 *(.eh_frame)
 .eh_frame      0x1ffdb170        0x0 c:/progra~2/gnuarm~1/102020~1/bin/../lib/gcc/arm-none-eabi/10.2.1/thumb/v7e-m+fp/hard/crtbegin.o
 *(.init)
 .init          0x1ffdb170        0x4 c:/progra~2/gnuarm~1/102020~1/bin/../lib/gcc/arm-none-eabi/10.2.1/thumb/v7e-m+fp/hard/crti.o
                0x1ffdb170                _init
 .init          0x1ffdb174        0x8 c:/progra~2/gnuarm~1/102020~1/bin/../lib/gcc/arm-none-eabi/10.2.1/thumb/v7e-m+fp/hard/crtn.o
 *(.fini)
 .fini          0x1ffdb17c        0x4 c:/progra~2/gnuarm~1/102020~1/bin/../lib/gcc/arm-none-eabi/10.2.1/thumb/v7e-m+fp/hard/crti.o
                0x1ffdb17c                _fini
 .fini          0x1ffdb180        0x8 c:/progra~2/gnuarm~1/102020~1/bin/../lib/gcc/arm-none-eabi/10.2.1/thumb/v7e-m+fp/hard/crtn.o
                0x1ffdb188                . = ALIGN (0x4)

.vfp11_veneer   0x1ffdb188        0x0
 .vfp11_veneer  0x1ffdb188        0x0 linker stubs

.v4_bx          0x1ffdb188        0x0
 .v4_bx         0x1ffdb188        0x0 linker stubs

.iplt           0x1ffdb188        0x0
 .iplt          0x1ffdb188        0x0 c:/progra~2/gnuarm~1/102020~1/bin/../lib/gcc/arm-none-eabi/10.2.1/thumb/v7e-m+fp/hard/crtbegin.o

.ARM.extab
 *(.ARM.extab* .gnu.linkonce.armextab.*)

.ARM            0x1ffdb188        0x8
                0x1ffdb188                __exidx_start = .
 *(.ARM.exidx*)
 .ARM.exidx     0x1ffdb188        0x8 c:/progra~2/gnuarm~1/102020~1/bin/../lib/gcc/arm-none-eabi/10.2.1/../../../../arm-none-eabi/lib/thumb/v7e-m+fp/hard/crt0.o
                                 0x10 (size before relaxing)
 .ARM.exidx     0x1ffdb190        0x0 c:/progra~2/gnuarm~1/102020~1/bin/../lib/gcc/arm-none-eabi/10.2.1/thumb/v7e-m+fp/hard\libgcc.a(_udivmoddi4.o)
                                  0x8 (size before relaxing)
                0x1ffdb190                __exidx_end = .

.rel.dyn        0x1ffdb190        0x0
 .rel.iplt      0x1ffdb190        0x0 c:/progra~2/gnuarm~1/102020~1/bin/../lib/gcc/arm-none-eabi/10.2.1/thumb/v7e-m+fp/hard/crtbegin.o

.ctors          0x1ffdb190        0x0
                0x1ffdb190                __CTOR_LIST__ = .
 *crtbegin.o(.ctors)
 *crtbegin?.o(.ctors)
 *(EXCLUDE_FILE(*crtend.o *crtend?.o) .ctors)
 *(SORT_BY_NAME(.ctors.*))
 *(.ctors)
                0x1ffdb190                __CTOR_END__ = .

.dtors          0x1ffdb190        0x0
                0x1ffdb190                __DTOR_LIST__ = .
 *crtbegin.o(.dtors)
 *crtbegin?.o(.dtors)
 *(EXCLUDE_FILE(*crtend.o *crtend?.o) .dtors)
 *(SORT_BY_NAME(.dtors.*))
 *(.dtors)
                0x1ffdb190                __DTOR_END__ = .

.preinit_array  0x1ffdb190        0x0
                0x1ffdb190                PROVIDE (__preinit_array_start = .)
 *(.preinit_array*)
                0x1ffdb190                PROVIDE (__preinit_array_end = .)

.init_array     0x1ffdb190        0x4
                0x1ffdb190                PROVIDE (__init_array_start = .)
 *(SORT_BY_NAME(.init_array.*))
 *(.init_array*)
 .init_array    0x1ffdb190        0x4 c:/progra~2/gnuarm~1/102020~1/bin/../lib/gcc/arm-none-eabi/10.2.1/thumb/v7e-m+fp/hard/crtbegin.o
                0x1ffdb194                PROVIDE (__init_array_end = .)

.fini_array     0x1ffdb194        0x4
                [!provide]                PROVIDE (__fini_array_start = .)
 *(SORT_BY_NAME(.fini_array.*))
 *(.fini_array*)
 .fini_array    0x1ffdb194        0x4 c:/progra~2/gnuarm~1/102020~1/bin/../lib/gcc/arm-none-eabi/10.2.1/thumb/v7e-m+fp/hard/crtbegin.o
                [!provide]                PROVIDE (__fini_array_end = .)
                0x1ffdb198                __etext = .
                0x1ffdb198                __DATA_ROM = .

.interrupts_ram
                0x20000000        0x0
                0x20000000                . = ALIGN (0x4)
                0x20000000                __VECTOR_RAM__ = .
                0x20000000                __interrupts_ram_start__ = .
 *(.m_interrupts_ram)
                0x20000000                . = (. + M_VECTOR_RAM_SIZE)
                0x20000000                . = ALIGN (0x4)
                0x20000000                __interrupts_ram_end__ = .
                0x1ffd2000                __VECTOR_RAM = DEFINED (__ram_vector_table__)?__VECTOR_RAM__:ORIGIN (m_interrupts)
                0x00000000                __RAM_VECTOR_TABLE_SIZE_BYTES = DEFINED (__ram_vector_table__)?(__interrupts_ram_end__ - __interrupts_ram_start__):0x0

.data           0x20000000       0x64 load address 0x1ffdb198
                0x20000000                . = ALIGN (0x4)
                0x20000000                __DATA_RAM = .
                0x20000000                __data_start__ = .
 *(.data)
 *(.data*)
 .data.SystemCoreClock
                0x20000000        0x4 CMakeFiles/flexio_spi_edma_lpspi_transfer_slave.elf.dir/C_/git/imx7ulp-exploration/SDK_2_10_0_EVK-MCIMX7ULP/devices/MCIMX7U5/system_MCIMX7U5_cm4.c.obj
                0x20000000                SystemCoreClock
 .data.impure_data
                0x20000004       0x60 c:/progra~2/gnuarm~1/102020~1/bin/../lib/gcc/arm-none-eabi/10.2.1/../../../../arm-none-eabi/lib/thumb/v7e-m+fp/hard\libc_nano.a(lib_a-impure.o)
 *(.jcr*)
                0x20000064                . = ALIGN (0x4)
                0x20000064                __data_end__ = .
                0x1ffdb1fc                __DATA_END = (__DATA_ROM + (__data_end__ - __data_start__))
                0x1fff8000                text_end = (ORIGIN (m_text) + LENGTH (m_text))
                0x00000001                ASSERT ((__DATA_END <= text_end), region m_text overflowed with text and data)

.igot.plt       0x20000064        0x0 load address 0x1ffdb1fc
 .igot.plt      0x20000064        0x0 c:/progra~2/gnuarm~1/102020~1/bin/../lib/gcc/arm-none-eabi/10.2.1/thumb/v7e-m+fp/hard/crtbegin.o

.bss            0x20000064      0x634 load address 0x1ffdb1fc
                0x20000064                . = ALIGN (0x4)
                0x20000064                __START_BSS = .
                0x20000064                __bss_start__ = .
 *(.bss)
 .bss           0x20000064       0x1c c:/progra~2/gnuarm~1/102020~1/bin/../lib/gcc/arm-none-eabi/10.2.1/thumb/v7e-m+fp/hard/crtbegin.o
 *(.bss*)
 .bss.masterRxData
                0x20000080      0x100 CMakeFiles/flexio_spi_edma_lpspi_transfer_slave.elf.dir/C_/git/imx7ulp-exploration/src/flexio_spi_edma_lpspi_transfer_slave.c.obj
                0x20000080                masterRxData
 .bss.masterTxData
                0x20000180      0x100 CMakeFiles/flexio_spi_edma_lpspi_transfer_slave.elf.dir/C_/git/imx7ulp-exploration/src/flexio_spi_edma_lpspi_transfer_slave.c.obj
                0x20000180                masterTxData
 .bss.slaveRxData