Archive member included to satisfy reference by file (symbol)

c:/progra~2/gnuarm~1/102020~1/bin/../lib/gcc/arm-none-eabi/10.2.1/../../../../arm-none-eabi/lib/thumb/v7e-m+fp/hard\libc_nano.a(lib_a-errno.o)
                              CMakeFiles/freertos_hello.elf.dir/C_/git/imx7ulp-exploration/SDK_2_9_0_EVK-MCIMX7ULP/devices/MCIMX7U5/utilities/str/fsl_str.c.obj (__errno)
c:/progra~2/gnuarm~1/102020~1/bin/../lib/gcc/arm-none-eabi/10.2.1/../../../../arm-none-eabi/lib/thumb/v7e-m+fp/hard\libc_nano.a(lib_a-exit.o)
                              c:/progra~2/gnuarm~1/102020~1/bin/../lib/gcc/arm-none-eabi/10.2.1/../../../../arm-none-eabi/lib/thumb/v7e-m+fp/hard/crt0.o (exit)
c:/progra~2/gnuarm~1/102020~1/bin/../lib/gcc/arm-none-eabi/10.2.1/../../../../arm-none-eabi/lib/thumb/v7e-m+fp/hard\libc_nano.a(lib_a-impure.o)
                              c:/progra~2/gnuarm~1/102020~1/bin/../lib/gcc/arm-none-eabi/10.2.1/../../../../arm-none-eabi/lib/thumb/v7e-m+fp/hard\libc_nano.a(lib_a-exit.o) (_global_impure_ptr)
c:/progra~2/gnuarm~1/102020~1/bin/../lib/gcc/arm-none-eabi/10.2.1/../../../../arm-none-eabi/lib/thumb/v7e-m+fp/hard\libc_nano.a(lib_a-init.o)
                              c:/progra~2/gnuarm~1/102020~1/bin/../lib/gcc/arm-none-eabi/10.2.1/../../../../arm-none-eabi/lib/thumb/v7e-m+fp/hard/crt0.o (__libc_init_array)
c:/progra~2/gnuarm~1/102020~1/bin/../lib/gcc/arm-none-eabi/10.2.1/../../../../arm-none-eabi/lib/thumb/v7e-m+fp/hard\libc_nano.a(lib_a-malloc.o)
                              CMakeFiles/freertos_hello.elf.dir/C_/git/imx7ulp-exploration/SDK_2_9_0_EVK-MCIMX7ULP/devices/MCIMX7U5/drivers/fsl_common.c.obj (malloc)
c:/progra~2/gnuarm~1/102020~1/bin/../lib/gcc/arm-none-eabi/10.2.1/../../../../arm-none-eabi/lib/thumb/v7e-m+fp/hard\libc_nano.a(lib_a-memcpy-stub.o)
                              CMakeFiles/freertos_hello.elf.dir/C_/git/imx7ulp-exploration/SDK_2_9_0_EVK-MCIMX7ULP/rtos/freertos/freertos_kernel/queue.c.obj (memcpy)
c:/progra~2/gnuarm~1/102020~1/bin/../lib/gcc/arm-none-eabi/10.2.1/../../../../arm-none-eabi/lib/thumb/v7e-m+fp/hard\libc_nano.a(lib_a-memset.o)
                              c:/progra~2/gnuarm~1/102020~1/bin/../lib/gcc/arm-none-eabi/10.2.1/../../../../arm-none-eabi/lib/thumb/v7e-m+fp/hard/crt0.o (memset)
c:/progra~2/gnuarm~1/102020~1/bin/../lib/gcc/arm-none-eabi/10.2.1/../../../../arm-none-eabi/lib/thumb/v7e-m+fp/hard\libc_nano.a(lib_a-nano-freer.o)
                              c:/progra~2/gnuarm~1/102020~1/bin/../lib/gcc/arm-none-eabi/10.2.1/../../../../arm-none-eabi/lib/thumb/v7e-m+fp/hard\libc_nano.a(lib_a-malloc.o) (_free_r)
c:/progra~2/gnuarm~1/102020~1/bin/../lib/gcc/arm-none-eabi/10.2.1/../../../../arm-none-eabi/lib/thumb/v7e-m+fp/hard\libc_nano.a(lib_a-nano-mallocr.o)
                              c:/progra~2/gnuarm~1/102020~1/bin/../lib/gcc/arm-none-eabi/10.2.1/../../../../arm-none-eabi/lib/thumb/v7e-m+fp/hard\libc_nano.a(lib_a-malloc.o) (_malloc_r)
c:/progra~2/gnuarm~1/102020~1/bin/../lib/gcc/arm-none-eabi/10.2.1/../../../../arm-none-eabi/lib/thumb/v7e-m+fp/hard\libc_nano.a(lib_a-sbrkr.o)
                              c:/progra~2/gnuarm~1/102020~1/bin/../lib/gcc/arm-none-eabi/10.2.1/../../../../arm-none-eabi/lib/thumb/v7e-m+fp/hard\libc_nano.a(lib_a-nano-mallocr.o) (_sbrk_r)
c:/progra~2/gnuarm~1/102020~1/bin/../lib/gcc/arm-none-eabi/10.2.1/../../../../arm-none-eabi/lib/thumb/v7e-m+fp/hard\libc_nano.a(lib_a-strlen.o)
                              CMakeFiles/freertos_hello.elf.dir/C_/git/imx7ulp-exploration/SDK_2_9_0_EVK-MCIMX7ULP/devices/MCIMX7U5/utilities/str/fsl_str.c.obj (strlen)
c:/progra~2/gnuarm~1/102020~1/bin/../lib/gcc/arm-none-eabi/10.2.1/../../../../arm-none-eabi/lib/thumb/v7e-m+fp/hard\libc_nano.a(lib_a-strtoul.o)
                              CMakeFiles/freertos_hello.elf.dir/C_/git/imx7ulp-exploration/SDK_2_9_0_EVK-MCIMX7ULP/devices/MCIMX7U5/utilities/str/fsl_str.c.obj (strtoul)
c:/progra~2/gnuarm~1/102020~1/bin/../lib/gcc/arm-none-eabi/10.2.1/../../../../arm-none-eabi/lib/thumb/v7e-m+fp/hard\libc_nano.a(lib_a-ctype_.o)
                              c:/progra~2/gnuarm~1/102020~1/bin/../lib/gcc/arm-none-eabi/10.2.1/../../../../arm-none-eabi/lib/thumb/v7e-m+fp/hard\libc_nano.a(lib_a-strtoul.o) (_ctype_)
c:/progra~2/gnuarm~1/102020~1/bin/../lib/gcc/arm-none-eabi/10.2.1/../../../../arm-none-eabi/lib/thumb/v7e-m+fp/hard\libc_nano.a(lib_a-mlock.o)
                              c:/progra~2/gnuarm~1/102020~1/bin/../lib/gcc/arm-none-eabi/10.2.1/../../../../arm-none-eabi/lib/thumb/v7e-m+fp/hard\libc_nano.a(lib_a-nano-freer.o) (__malloc_lock)
c:/progra~2/gnuarm~1/102020~1/bin/../lib/gcc/arm-none-eabi/10.2.1/../../../../arm-none-eabi/lib/thumb/v7e-m+fp/hard\libc_nano.a(lib_a-reent.o)
                              c:/progra~2/gnuarm~1/102020~1/bin/../lib/gcc/arm-none-eabi/10.2.1/../../../../arm-none-eabi/lib/thumb/v7e-m+fp/hard\libc_nano.a(lib_a-sbrkr.o) (errno)
[...]
Memory Configuration

Name             Origin             Length             Attributes
m_interrupts     0x1ffd2000         0x00000240         xr
m_text           0x1ffd2240         0x00025dc0         xr
m_data           0x20000000         0x00010000         rw
m_m4_suspend_ram 0x1fff8000         0x00004000         rw
m_a7_suspend_ram 0x1fffc000         0x00004000         rw
*default*        0x00000000         0xffffffff

Linker script and memory map

LOAD c:/progra~2/gnuarm~1/102020~1/bin/../lib/gcc/arm-none-eabi/10.2.1/thumb/v7e-m+fp/hard/crti.o
LOAD c:/progra~2/gnuarm~1/102020~1/bin/../lib/gcc/arm-none-eabi/10.2.1/thumb/v7e-m+fp/hard/crtbegin.o
LOAD c:/progra~2/gnuarm~1/102020~1/bin/../lib/gcc/arm-none-eabi/10.2.1/../../../../arm-none-eabi/lib/thumb/v7e-m+fp/hard/crt0.o
LOAD CMakeFiles/freertos_hello.elf.dir/C_/git/imx7ulp-exploration/src/freertos_hello.c.obj
LOAD CMakeFiles/freertos_hello.elf.dir/C_/git/imx7ulp-exploration/src/pin_mux.c.obj
LOAD CMakeFiles/freertos_hello.elf.dir/C_/git/imx7ulp-exploration/src/board.c.obj
LOAD CMakeFiles/freertos_hello.elf.dir/C_/git/imx7ulp-exploration/src/clock_config.c.obj
LOAD CMakeFiles/freertos_hello.elf.dir/C_/git/imx7ulp-exploration/src/empty_rsc_table.c.obj
LOAD CMakeFiles/freertos_hello.elf.dir/C_/git/imx7ulp-exploration/SDK_2_9_0_EVK-MCIMX7ULP/devices/MCIMX7U5/drivers/fsl_common.c.obj
LOAD CMakeFiles/freertos_hello.elf.dir/C_/git/imx7ulp-exploration/SDK_2_9_0_EVK-MCIMX7ULP/devices/MCIMX7U5/drivers/fsl_clock.c.obj
LOAD CMakeFiles/freertos_hello.elf.dir/C_/git/imx7ulp-exploration/SDK_2_9_0_EVK-MCIMX7ULP/devices/MCIMX7U5/system_MCIMX7U5_cm4.c.obj
LOAD CMakeFiles/freertos_hello.elf.dir/C_/git/imx7ulp-exploration/SDK_2_9_0_EVK-MCIMX7ULP/devices/MCIMX7U5/drivers/fsl_gpio.c.obj
LOAD CMakeFiles/freertos_hello.elf.dir/C_/git/imx7ulp-exploration/SDK_2_9_0_EVK-MCIMX7ULP/rtos/freertos/freertos_kernel/portable/MemMang/heap_4.c.obj
LOAD CMakeFiles/freertos_hello.elf.dir/C_/git/imx7ulp-exploration/SDK_2_9_0_EVK-MCIMX7ULP/rtos/freertos/freertos_kernel/event_groups.c.obj
LOAD CMakeFiles/freertos_hello.elf.dir/C_/git/imx7ulp-exploration/SDK_2_9_0_EVK-MCIMX7ULP/rtos/freertos/freertos_kernel/croutine.c.obj
LOAD CMakeFiles/freertos_hello.elf.dir/C_/git/imx7ulp-exploration/SDK_2_9_0_EVK-MCIMX7ULP/rtos/freertos/freertos_kernel/list.c.obj
LOAD CMakeFiles/freertos_hello.elf.dir/C_/git/imx7ulp-exploration/SDK_2_9_0_EVK-MCIMX7ULP/rtos/freertos/freertos_kernel/portable/GCC/ARM_CM4F/port.c.obj
LOAD CMakeFiles/freertos_hello.elf.dir/C_/git/imx7ulp-exploration/SDK_2_9_0_EVK-MCIMX7ULP/rtos/freertos/freertos_kernel/queue.c.obj
LOAD CMakeFiles/freertos_hello.elf.dir/C_/git/imx7ulp-exploration/SDK_2_9_0_EVK-MCIMX7ULP/rtos/freertos/freertos_kernel/stream_buffer.c.obj
LOAD CMakeFiles/freertos_hello.elf.dir/C_/git/imx7ulp-exploration/SDK_2_9_0_EVK-MCIMX7ULP/rtos/freertos/freertos_kernel/tasks.c.obj
LOAD CMakeFiles/freertos_hello.elf.dir/C_/git/imx7ulp-exploration/SDK_2_9_0_EVK-MCIMX7ULP/rtos/freertos/freertos_kernel/timers.c.obj
LOAD CMakeFiles/freertos_hello.elf.dir/C_/git/imx7ulp-exploration/SDK_2_9_0_EVK-MCIMX7ULP/devices/MCIMX7U5/utilities/str/fsl_str.c.obj
LOAD CMakeFiles/freertos_hello.elf.dir/C_/git/imx7ulp-exploration/SDK_2_9_0_EVK-MCIMX7ULP/devices/MCIMX7U5/utilities/debug_console/fsl_debug_console.c.obj
LOAD CMakeFiles/freertos_hello.elf.dir/C_/git/imx7ulp-exploration/SDK_2_9_0_EVK-MCIMX7ULP/components/serial_manager/fsl_component_serial_manager.c.obj
LOAD CMakeFiles/freertos_hello.elf.dir/C_/git/imx7ulp-exploration/SDK_2_9_0_EVK-MCIMX7ULP/components/serial_manager/fsl_component_serial_port_uart.c.obj
LOAD CMakeFiles/freertos_hello.elf.dir/C_/git/imx7ulp-exploration/SDK_2_9_0_EVK-MCIMX7ULP/devices/MCIMX7U5/drivers/fsl_lpuart.c.obj
LOAD CMakeFiles/freertos_hello.elf.dir/C_/git/imx7ulp-exploration/SDK_2_9_0_EVK-MCIMX7ULP/components/uart/fsl_adapter_lpuart.c.obj
LOAD CMakeFiles/freertos_hello.elf.dir/C_/git/imx7ulp-exploration/SDK_2_9_0_EVK-MCIMX7ULP/components/lists/fsl_component_generic_list.c.obj
LOAD CMakeFiles/freertos_hello.elf.dir/C_/git/imx7ulp-exploration/SDK_2_9_0_EVK-MCIMX7ULP/devices/MCIMX7U5/gcc/startup_MCIMX7U5_cm4.S.obj
LOAD CMakeFiles/freertos_hello.elf.dir/C_/git/imx7ulp-exploration/SDK_2_9_0_EVK-MCIMX7ULP/devices/MCIMX7U5/drivers/fsl_msmc.c.obj
LOAD CMakeFiles/freertos_hello.elf.dir/C_/git/imx7ulp-exploration/SDK_2_9_0_EVK-MCIMX7ULP/devices/MCIMX7U5/utilities/fsl_assert.c.obj
LOAD CMakeFiles/freertos_hello.elf.dir/C_/git/imx7ulp-exploration/SDK_2_9_0_EVK-MCIMX7ULP/devices/MCIMX7U5/utilities/fsl_sbrk.c.obj
START GROUP
LOAD c:/progra~2/gnuarm~1/102020~1/bin/../lib/gcc/arm-none-eabi/10.2.1/../../../../arm-none-eabi/lib/thumb/v7e-m+fp/hard\libm.a
LOAD c:/progra~2/gnuarm~1/102020~1/bin/../lib/gcc/arm-none-eabi/10.2.1/../../../../arm-none-eabi/lib/thumb/v7e-m+fp/hard\libc_nano.a
LOAD c:/progra~2/gnuarm~1/102020~1/bin/../lib/gcc/arm-none-eabi/10.2.1/thumb/v7e-m+fp/hard\libgcc.a
LOAD c:/progra~2/gnuarm~1/102020~1/bin/../lib/gcc/arm-none-eabi/10.2.1/../../../../arm-none-eabi/lib/thumb/v7e-m+fp/hard\libnosys.a
END GROUP
START GROUP
LOAD c:/progra~2/gnuarm~1/102020~1/bin/../lib/gcc/arm-none-eabi/10.2.1/thumb/v7e-m+fp/hard\libgcc.a
LOAD c:/progra~2/gnuarm~1/102020~1/bin/../lib/gcc/arm-none-eabi/10.2.1/../../../../arm-none-eabi/lib/thumb/v7e-m+fp/hard\libg_nano.a
LOAD c:/progra~2/gnuarm~1/102020~1/bin/../lib/gcc/arm-none-eabi/10.2.1/../../../../arm-none-eabi/lib/thumb/v7e-m+fp/hard\libc_nano.a
END GROUP
START GROUP
LOAD c:/progra~2/gnuarm~1/102020~1/bin/../lib/gcc/arm-none-eabi/10.2.1/thumb/v7e-m+fp/hard\libgcc.a
LOAD c:/progra~2/gnuarm~1/102020~1/bin/../lib/gcc/arm-none-eabi/10.2.1/../../../../arm-none-eabi/lib/thumb/v7e-m+fp/hard\libc_nano.a
LOAD c:/progra~2/gnuarm~1/102020~1/bin/../lib/gcc/arm-none-eabi/10.2.1/../../../../arm-none-eabi/lib/thumb/v7e-m+fp/hard\libnosys.a
END GROUP
START GROUP
LOAD c:/progra~2/gnuarm~1/102020~1/bin/../lib/gcc/arm-none-eabi/10.2.1/thumb/v7e-m+fp/hard\libgcc.a
LOAD c:/progra~2/gnuarm~1/102020~1/bin/../lib/gcc/arm-none-eabi/10.2.1/../../../../arm-none-eabi/lib/thumb/v7e-m+fp/hard\libc_nano.a
LOAD c:/progra~2/gnuarm~1/102020~1/bin/../lib/gcc/arm-none-eabi/10.2.1/../../../../arm-none-eabi/lib/thumb/v7e-m+fp/hard\libnosys.a
END GROUP
LOAD c:/progra~2/gnuarm~1/102020~1/bin/../lib/gcc/arm-none-eabi/10.2.1/thumb/v7e-m+fp/hard/crtend.o
LOAD c:/progra~2/gnuarm~1/102020~1/bin/../lib/gcc/arm-none-eabi/10.2.1/thumb/v7e-m+fp/hard/crtn.o
                0x00000400                HEAP_SIZE = DEFINED (__heap_size__)?__heap_size__:0x400
                0x00000400                STACK_SIZE = DEFINED (__stack_size__)?__stack_size__:0x400
                0x00000000                M_VECTOR_RAM_SIZE = DEFINED (__ram_vector_table__)?0x240:0x0

.interrupts     0x1ffd2000      0x240
                0x1ffd2000                __VECTOR_TABLE = .
                0x1ffd2000                __Vectors = .
                0x1ffd2000                . = ALIGN (0x4)
 *(.isr_vector)
 .isr_vector    0x1ffd2000      0x240 CMakeFiles/freertos_hello.elf.dir/C_/git/imx7ulp-exploration/SDK_2_9_0_EVK-MCIMX7ULP/devices/MCIMX7U5/gcc/startup_MCIMX7U5_cm4.S.obj
                0x1ffd2000                __isr_vector
                0x1ffd2240                . = ALIGN (0x4)

.resource_table
                0x1ffd2240       0x10
                0x1ffd2240                . = ALIGN (0x8)
 *(.resource_table)
 .resource_table
                0x1ffd2240       0x10 CMakeFiles/freertos_hello.elf.dir/C_/git/imx7ulp-exploration/src/empty_rsc_table.c.obj
                0x1ffd2240                resource_table
                0x1ffd2250                . = ALIGN (0x8)

.text           0x1ffd2250     0x69dc
                0x1ffd2250                . = ALIGN (0x4)
 *(.text)
 .text          0x1ffd2250       0x40 c:/progra~2/gnuarm~1/102020~1/bin/../lib/gcc/arm-none-eabi/10.2.1/thumb/v7e-m+fp/hard/crtbegin.o
 .text          0x1ffd2290       0x7c c:/progra~2/gnuarm~1/102020~1/bin/../lib/gcc/arm-none-eabi/10.2.1/../../../../arm-none-eabi/lib/thumb/v7e-m+fp/hard/crt0.o
                0x1ffd2290                _stack_init
                0x1ffd2298                _start
                0x1ffd2298                _mainCRTStartup
 .text          0x1ffd230c      0x184 CMakeFiles/freertos_hello.elf.dir/C_/git/imx7ulp-exploration/SDK_2_9_0_EVK-MCIMX7ULP/devices/MCIMX7U5/gcc/startup_MCIMX7U5_cm4.S.obj
                0x1ffd230c                Reset_Handler
                0x1ffd236c                Reserved134_IRQHandler
                0x1ffd236c                DMA0_Error_DriverIRQHandler
                0x1ffd236c                Reserved111_IRQHandler
                0x1ffd236c                DebugMon_Handler
                0x1ffd236c                Reserved88_IRQHandler
                0x1ffd236c                USBPHY_IRQHandler
                0x1ffd236c                Reserved122_IRQHandler
                0x1ffd236c                DMA0_19_23_DriverIRQHandler
                0x1ffd236c                Reserved103_IRQHandler
                0x1ffd236c                DMA0_8_12_DriverIRQHandler
                0x1ffd236c                DMA0_17_21_DriverIRQHandler
                0x1ffd236c                Reserved114_IRQHandler
                0x1ffd236c                DMA0_18_22_DriverIRQHandler
                0x1ffd236c                LPI2C0_DriverIRQHandler
                0x1ffd236c                CMP0_IRQHandler
                0x1ffd236c                I2S0_DriverIRQHandler
                0x1ffd236c                Reserved89_IRQHandler
                0x1ffd236c                DMA0_24_28_DriverIRQHandler
                0x1ffd236c                Reserved137_IRQHandler
                0x1ffd236c                Reserved99_IRQHandler
                0x1ffd236c                TPM0_IRQHandler
                0x1ffd236c                LPIT0_IRQHandler
                0x1ffd236c                Reserved120_IRQHandler
                0x1ffd236c                LPTMR1_IRQHandler
                0x1ffd236c                Reserved119_IRQHandler
                0x1ffd236c                USB1_IRQHandler
                0x1ffd236c                LPI2C3_DriverIRQHandler
                0x1ffd236c                DMA0_1_5_DriverIRQHandler
                0x1ffd236c                SNVS_IRQHandler
                0x1ffd236c                Reserved116_IRQHandler
                0x1ffd236c                WDOG0_IRQHandler
                0x1ffd236c                LPI2C2_DriverIRQHandler
                0x1ffd236c                DMA0_16_20_DriverIRQHandler
                0x1ffd236c                PCTLB_IRQHandler
                0x1ffd236c                GPU2D_IRQHandler
                0x1ffd236c                ADC0_IRQHandler
                0x1ffd236c                PCTLA_IRQHandler
                0x1ffd236c                Reserved39_IRQHandler
                0x1ffd236c                DPM_IRQHandler
                0x1ffd236c                FLEXIO0_DriverIRQHandler
                0x1ffd236c                UsageFault_Handler
                0x1ffd236c                WDOG1_IRQHandler
                0x1ffd236c                Reserved93_IRQHandler
                0x1ffd236c                DMA0_11_15_DriverIRQHandler
                0x1ffd236c                Reserved87_IRQHandler
                0x1ffd236c                MU_A_IRQHandler
                0x1ffd236c                BusFault_Handler
                0x1ffd236c                DefaultISR
                0x1ffd236c                LPTMR0_IRQHandler
                0x1ffd236c                Reserved129_IRQHandler
                0x1ffd236c                CMP1_IRQHandler
                0x1ffd236c                Reserved132_IRQHandler
                0x1ffd236c                PMC0_IRQHandler
                0x1ffd236c                LLWU0_IRQHandler
                0x1ffd236c                DMA0_27_31_DriverIRQHandler
                0x1ffd236c                ADC1_IRQHandler
                0x1ffd236c                CMC1_IRQHandler
                0x1ffd236c                TPM2_IRQHandler
                0x1ffd236c                Reserved128_IRQHandler
                0x1ffd236c                Reserved96_IRQHandler
                0x1ffd236c                CMC0_IRQHandler
                0x1ffd236c                QSPI_DriverIRQHandler
                0x1ffd236c                DMA0_10_14_DriverIRQHandler
                0x1ffd236c                EWM_IRQHandler
                0x1ffd236c                Reserved95_IRQHandler
                0x1ffd236c                TPM3_IRQHandler
                0x1ffd236c                WDOG2_IRQHandler
                0x1ffd236c                Reserved121_IRQHandler
                0x1ffd236c                Reserved124_IRQHandler
                0x1ffd236c                Reserved126_IRQHandler
                0x1ffd236c                Reserved140_IRQHandler
                0x1ffd236c                DMA0_2_6_DriverIRQHandler
                0x1ffd236c                Reserved108_IRQHandler
                0x1ffd236c                TRNG0_IRQHandler
                0x1ffd236c                I2S1_DriverIRQHandler
                0x1ffd236c                Reserved117_IRQHandler
                0x1ffd236c                Reserved110_IRQHandler
                0x1ffd236c                DMA0_0_4_DriverIRQHandler
                0x1ffd236c                Software2_IRQHandler
                0x1ffd236c                Reserved107_IRQHandler
                0x1ffd236c                Reserved125_IRQHandler
                0x1ffd236c                DMA0_26_30_DriverIRQHandler
                0x1ffd236c                Reserved98_IRQHandler
                0x1ffd236c                DAC1_IRQHandler
                0x1ffd236c                DMA0_9_13_DriverIRQHandler
                0x1ffd236c                SIM_IRQHandler
                0x1ffd236c                MCM0_IRQHandler
                0x1ffd236c                Reserved102_IRQHandler
                0x1ffd236c                LPSPI0_DriverIRQHandler
                0x1ffd236c                DMA0_3_7_DriverIRQHandler
                0x1ffd236c                CTI0_IRQHandler
                0x1ffd236c                Reserved105_IRQHandler
                0x1ffd236c                XRDC_IRQHandler
                0x1ffd236c                Reserved104_IRQHandler
                0x1ffd236c                Reserved106_IRQHandler
                0x1ffd236c                Software1_IRQHandler
                0x1ffd236c                Reserved141_IRQHandler
                0x1ffd236c                Reserved101_IRQHandler
                0x1ffd236c                USB0_IRQHandler
                0x1ffd236c                Reserved135_IRQHandler
                0x1ffd236c                TPM1_IRQHandler
                0x1ffd236c                MemManage_Handler
                0x1ffd236c                Reserved90_IRQHandler
                0x1ffd236c                Reserved83_IRQHandler
                0x1ffd236c                Reserved133_IRQHandler
                0x1ffd236c                Reserved115_IRQHandler
                0x1ffd236c                SCG0_IRQHandler
                0x1ffd236c                Reserved130_IRQHandler
                0x1ffd236c                Reserved109_IRQHandler
                0x1ffd236c                DMA0_25_29_DriverIRQHandler
                0x1ffd236c                LTC_IRQHandler
                0x1ffd236c                LPI2C1_DriverIRQHandler
                0x1ffd236c                Reserved123_IRQHandler
                0x1ffd236c                Reserved142_IRQHandler
                0x1ffd236c                Reserved100_IRQHandler
                0x1ffd236c                Reserved97_IRQHandler
                0x1ffd236c                Reserved112_IRQHandler
                0x1ffd236c                Reserved127_IRQHandler
                0x1ffd236c                LPSPI1_DriverIRQHandler
                0x1ffd236c                DAC0_IRQHandler
                0x1ffd236c                Reserved118_IRQHandler
                0x1ffd236c                Reserved131_IRQHandler
                0x1ffd236c                Reserved143_IRQHandler
                0x1ffd236c                GPU3D_IRQHandler
                0x1ffd236c                Reserved94_IRQHandler
                0x1ffd236c                Reserved136_IRQHandler
                0x1ffd236c                Reserved138_IRQHandler
                0x1ffd236c                Reserved139_IRQHandler
                0x1ffd236c                Reserved113_IRQHandler
                0x1ffd2370                NMI_Handler
                0x1ffd2374                HardFault_Handler
                0x1ffd2384                DMA0_0_4_IRQHandler
                0x1ffd2388                DMA0_1_5_IRQHandler
                0x1ffd238c                DMA0_2_6_IRQHandler
                0x1ffd2390                DMA0_3_7_IRQHandler
                0x1ffd2394                DMA0_8_12_IRQHandler
                0x1ffd2398                DMA0_9_13_IRQHandler
                0x1ffd239c                DMA0_10_14_IRQHandler
                0x1ffd23a0                DMA0_11_15_IRQHandler
                0x1ffd23a4                DMA0_16_20_IRQHandler
                0x1ffd23a8                DMA0_17_21_IRQHandler
                0x1ffd23ac                DMA0_18_22_IRQHandler
                0x1ffd23b0                DMA0_19_23_IRQHandler
                0x1ffd23b4                DMA0_24_28_IRQHandler
                0x1ffd23b8                DMA0_25_29_IRQHandler
                0x1ffd23bc                DMA0_26_30_IRQHandler
                0x1ffd23c0                DMA0_27_31_IRQHandler
                0x1ffd23c4                DMA0_Error_IRQHandler
                0x1ffd23c8                QSPI_IRQHandler
                0x1ffd23cc                FLEXIO0_IRQHandler
                0x1ffd23d0                LPI2C0_IRQHandler
                0x1ffd23d4                LPI2C1_IRQHandler
                0x1ffd23d8                LPI2C2_IRQHandler
                0x1ffd23dc                LPI2C3_IRQHandler
                0x1ffd23e0                I2S0_IRQHandler
                0x1ffd23e4                I2S1_IRQHandler
                0x1ffd23e8                LPSPI0_IRQHandler
                0x1ffd23ec                LPSPI1_IRQHandler
                0x1ffd23f0                LPUART0_IRQHandler
                0x1ffd23f4                LPUART1_IRQHandler
                0x1ffd23f8                LPUART2_IRQHandler
                0x1ffd23fc                LPUART3_IRQHandler
 .text          0x1ffd2490       0x10 c:/progra~2/gnuarm~1/102020~1/bin/../lib/gcc/arm-none-eabi/10.2.1/../../../../arm-none-eabi/lib/thumb/v7e-m+fp/hard\libc_nano.a(lib_a-strlen.o)
                0x1ffd2490                strlen
 .text          0x1ffd24a0       0x30 c:/progra~2/gnuarm~1/102020~1/bin/../lib/gcc/arm-none-eabi/10.2.1/thumb/v7e-m+fp/hard\libgcc.a(_aeabi_uldivmod.o)
                0x1ffd24a0                __aeabi_uldivmod
 .text          0x1ffd24d0      0x2d0 c:/progra~2/gnuarm~1/102020~1/bin/../lib/gcc/arm-none-eabi/10.2.1/thumb/v7e-m+fp/hard\libgcc.a(_udivmoddi4.o)
                0x1ffd24d0                __udivmoddi4
 .text          0x1ffd27a0        0x4 c:/progra~2/gnuarm~1/102020~1/bin/../lib/gcc/arm-none-eabi/10.2.1/thumb/v7e-m+fp/hard\libgcc.a(_dvmd_tls.o)
                0x1ffd27a0                __aeabi_idiv0
                0x1ffd27a0                __aeabi_ldiv0
 *(.text*)
 .text.main     0x1ffd27a4       0x48 CMakeFiles/freertos_hello.elf.dir/C_/git/imx7ulp-exploration/src/freertos_hello.c.obj
                0x1ffd27a4                main
 .text.hello_task
                0x1ffd27ec       0x1c CMakeFiles/freertos_hello.elf.dir/C_/git/imx7ulp-exploration/src/freertos_hello.c.obj
 .text.IOMUXC_SetPinMux
                0x1ffd2808       0x4e CMakeFiles/freertos_hello.elf.dir/C_/git/imx7ulp-exploration/src/pin_mux.c.obj
 .text.IOMUXC_SetPinConfig
                0x1ffd2856       0x44 CMakeFiles/freertos_hello.elf.dir/C_/git/imx7ulp-exploration/src/pin_mux.c.obj
 .text.BOARD_InitBootPins
                0x1ffd289a        0xc CMakeFiles/freertos_hello.elf.dir/C_/git/imx7ulp-exploration/src/pin_mux.c.obj
                0x1ffd289a                BOARD_InitBootPins
 *fill*         0x1ffd28a6        0x2 
 .text.BOARD_InitPins
                0x1ffd28a8       0x6c CMakeFiles/freertos_hello.elf.dir/C_/git/imx7ulp-exploration/src/pin_mux.c.obj
                0x1ffd28a8                BOARD_InitPins
 .text.CLOCK_SetIpSrc
                0x1ffd2914       0x78 CMakeFiles/freertos_hello.elf.dir/C_/git/imx7ulp-exploration/src/board.c.obj
 .text.BOARD_InitDebugConsole
                0x1ffd298c       0x30 CMakeFiles/freertos_hello.elf.dir/C_/git/imx7ulp-exploration/src/board.c.obj
                0x1ffd298c                BOARD_InitDebugConsole
 .text.CLOCK_SetSysOscAsyncClkDiv
                0x1ffd29bc       0x74 CMakeFiles/freertos_hello.elf.dir/C_/git/imx7ulp-exploration/src/clock_config.c.obj
 .text.CLOCK_IsSysOscValid
                0x1ffd2a30       0x28 CMakeFiles/freertos_hello.elf.dir/C_/git/imx7ulp-exploration/src/clock_config.c.obj
 .text.CLOCK_SetSircAsyncClkDiv
                0x1ffd2a58       0x74 CMakeFiles/freertos_hello.elf.dir/C_/git/imx7ulp-exploration/src/clock_config.c.obj
 .text.CLOCK_IsSircValid
                0x1ffd2acc       0x28 CMakeFiles/freertos_hello.elf.dir/C_/git/imx7ulp-exploration/src/clock_config.c.obj
 .text.CLOCK_SetFircAsyncClkDiv
                0x1ffd2af4       0x74 CMakeFiles/freertos_hello.elf.dir/C_/git/imx7ulp-exploration/src/clock_config.c.obj
 .text.CLOCK_IsFircValid
                0x1ffd2b68       0x28 CMakeFiles/freertos_hello.elf.dir/C_/git/imx7ulp-exploration/src/clock_config.c.obj
 .text.CLOCK_SetXtal0Freq
                0x1ffd2b90       0x20 CMakeFiles/freertos_hello.elf.dir/C_/git/imx7ulp-exploration/src/clock_config.c.obj
 .text.BOARD_SetRunMode
                0x1ffd2bb0       0xba CMakeFiles/freertos_hello.elf.dir/C_/git/imx7ulp-exploration/src/clock_config.c.obj
                0x1ffd2bb0                BOARD_SetRunMode
 *fill*         0x1ffd2c6a        0x2 
 .text.BOARD_IsRunOnQSPI
                0x1ffd2c6c       0x28 CMakeFiles/freertos_hello.elf.dir/C_/git/imx7ulp-exploration/src/clock_config.c.obj
                0x1ffd2c6c                BOARD_IsRunOnQSPI
 .text.BOARD_InitClock
                0x1ffd2c94       0xc4 CMakeFiles/freertos_hello.elf.dir/C_/git/imx7ulp-exploration/src/clock_config.c.obj
 .text.BOARD_BootClockRUN
                0x1ffd2d58       0x98 CMakeFiles/freertos_hello.elf.dir/C_/git/imx7ulp-exploration/src/clock_config.c.obj
                0x1ffd2d58                BOARD_BootClockRUN
 .text.CLOCK_GetCurSysClkConfig
                0x1ffd2df0       0x3c CMakeFiles/freertos_hello.elf.dir/C_/git/imx7ulp-exploration/SDK_2_9_0_EVK-MCIMX7ULP/devices/MCIMX7U5/drivers/fsl_clock.c.obj
 .text.CLOCK_GetIpFreq
                0x1ffd2e2c      0x184 CMakeFiles/freertos_hello.elf.dir/C_/git/imx7ulp-exploration/SDK_2_9_0_EVK-MCIMX7ULP/devices/MCIMX7U5/drivers/fsl_clock.c.obj
                0x1ffd2e2c                CLOCK_GetIpFreq
 .text.CLOCK_GetSysClkFreq
                0x1ffd2fb0       0xe0 CMakeFiles/freertos_hello.elf.dir/C_/git/imx7ulp-exploration/SDK_2_9_0_EVK-MCIMX7ULP/devices/MCIMX7U5/drivers/fsl_clock.c.obj
                0x1ffd2fb0                CLOCK_GetSysClkFreq
 .text.CLOCK_InitSysOsc
                0x1ffd3090       0xa8 CMakeFiles/freertos_hello.elf.dir/C_/git/imx7ulp-exploration/SDK_2_9_0_EVK-MCIMX7ULP/devices/MCIMX7U5/drivers/fsl_clock.c.obj
                0x1ffd3090                CLOCK_InitSysOsc
 .text.CLOCK_DeinitSysOsc
                0x1ffd3138       0x50 CMakeFiles/freertos_hello.elf.dir/C_/git/imx7ulp-exploration/SDK_2_9_0_EVK-MCIMX7ULP/devices/MCIMX7U5/drivers/fsl_clock.c.obj
                0x1ffd3138                CLOCK_DeinitSysOsc
 .text.CLOCK_GetSysOscFreq
                0x1ffd3188       0x54 CMakeFiles/freertos_hello.elf.dir/C_/git/imx7ulp-exploration/SDK_2_9_0_EVK-MCIMX7ULP/devices/MCIMX7U5/drivers/fsl_clock.c.obj
                0x1ffd3188                CLOCK_GetSysOscFreq
 .text.CLOCK_GetSysOscAsyncFreq
                0x1ffd31dc       0x8c CMakeFiles/freertos_hello.elf.dir/C_/git/imx7ulp-exploration/SDK_2_9_0_EVK-MCIMX7ULP/devices/MCIMX7U5/drivers/fsl_clock.c.obj
                0x1ffd31dc                CLOCK_GetSysOscAsyncFreq
 .text.CLOCK_InitSirc
                0x1ffd3268       0x98 CMakeFiles/freertos_hello.elf.dir/C_/git/imx7ulp-exploration/SDK_2_9_0_EVK-MCIMX7ULP/devices/MCIMX7U5/drivers/fsl_clock.c.obj
                0x1ffd3268                CLOCK_InitSirc
 .text.CLOCK_DeinitSirc
                0x1ffd3300       0x50 CMakeFiles/freertos_hello.elf.dir/C_/git/imx7ulp-exploration/SDK_2_9_0_EVK-MCIMX7ULP/devices/MCIMX7U5/drivers/fsl_clock.c.obj
                0x1ffd3300                CLOCK_DeinitSirc
 .text.CLOCK_GetSircFreq
                0x1ffd3350       0x44 CMakeFiles/freertos_hello.elf.dir/C_/git/imx7ulp-exploration/SDK_2_9_0_EVK-MCIMX7ULP/devices/MCIMX7U5/drivers/fsl_clock.c.obj
                0x1ffd3350                CLOCK_GetSircFreq
 .text.CLOCK_GetSircAsyncFreq
                0x1ffd3394       0x8c CMakeFiles/freertos_hello.elf.dir/C_/git/imx7ulp-exploration/SDK_2_9_0_EVK-MCIMX7ULP/devices/MCIMX7U5/drivers/fsl_clock.c.obj
                0x1ffd3394                CLOCK_GetSircAsyncFreq
 .text.CLOCK_InitFirc
                0x1ffd3420      0x110 CMakeFiles/freertos_hello.elf.dir/C_/git/imx7ulp-exploration/SDK_2_9_0_EVK-MCIMX7ULP/devices/MCIMX7U5/drivers/fsl_clock.c.obj
                0x1ffd3420                CLOCK_InitFirc
 .text.CLOCK_DeinitFirc
                0x1ffd3530       0x50 CMakeFiles/freertos_hello.elf.dir/C_/git/imx7ulp-exploration/SDK_2_9_0_EVK-MCIMX7ULP/devices/MCIMX7U5/drivers/fsl_clock.c.obj
                0x1ffd3530                CLOCK_DeinitFirc
 .text.CLOCK_GetFircFreq
                0x1ffd3580       0x44 CMakeFiles/freertos_hello.elf.dir/C_/git/imx7ulp-exploration/SDK_2_9_0_EVK-MCIMX7ULP/devices/MCIMX7U5/drivers/fsl_clock.c.obj
                0x1ffd3580                CLOCK_GetFircFreq
 .text.CLOCK_GetFircAsyncFreq
                0x1ffd35c4       0x8c CMakeFiles/freertos_hello.elf.dir/C_/git/imx7ulp-exploration/SDK_2_9_0_EVK-MCIMX7ULP/devices/MCIMX7U5/drivers/fsl_clock.c.obj
                0x1ffd35c4                CLOCK_GetFircAsyncFreq
 .text.CLOCK_GetRtcOscFreq
                0x1ffd3650       0x54 CMakeFiles/freertos_hello.elf.dir/C_/git/imx7ulp-exploration/SDK_2_9_0_EVK-MCIMX7ULP/devices/MCIMX7U5/drivers/fsl_clock.c.obj
                0x1ffd3650                CLOCK_GetRtcOscFreq
 .text.CLOCK_InitAuxPll
                0x1ffd36a4      0x140 CMakeFiles/freertos_hello.elf.dir/C_/git/imx7ulp-exploration/SDK_2_9_0_EVK-MCIMX7ULP/devices/MCIMX7U5/drivers/fsl_clock.c.obj
                0x1ffd36a4                CLOCK_InitAuxPll
 .text.CLOCK_DeinitAuxPll
                0x1ffd37e4       0x50 CMakeFiles/freertos_hello.elf.dir/C_/git/imx7ulp-exploration/SDK_2_9_0_EVK-MCIMX7ULP/devices/MCIMX7U5/drivers/fsl_clock.c.obj
                0x1ffd37e4                CLOCK_DeinitAuxPll
 .text.CLOCK_GetAuxPllCommonFreq
                0x1ffd3834       0xd4 CMakeFiles/freertos_hello.elf.dir/C_/git/imx7ulp-exploration/SDK_2_9_0_EVK-MCIMX7ULP/devices/MCIMX7U5/drivers/fsl_clock.c.obj
 .text.CLOCK_GetAuxPllFreq
                0x1ffd3908       0x90 CMakeFiles/freertos_hello.elf.dir/C_/git/imx7ulp-exploration/SDK_2_9_0_EVK-MCIMX7ULP/devices/MCIMX7U5/drivers/fsl_clock.c.obj
                0x1ffd3908                CLOCK_GetAuxPllFreq
 .text.CLOCK_GetAuxPllPfdFreq
                0x1ffd3998       0xd0 CMakeFiles/freertos_hello.elf.dir/C_/git/imx7ulp-exploration/SDK_2_9_0_EVK-MCIMX7ULP/devices/MCIMX7U5/drivers/fsl_clock.c.obj
                0x1ffd3998                CLOCK_GetAuxPllPfdFreq
 .text.CLOCK_EnableAuxPllPfdClkout
                0x1ffd3a68       0xa8 CMakeFiles/freertos_hello.elf.dir/C_/git/imx7ulp-exploration/SDK_2_9_0_EVK-MCIMX7ULP/devices/MCIMX7U5/drivers/fsl_clock.c.obj
                0x1ffd3a68                CLOCK_EnableAuxPllPfdClkout
 .text.CLOCK_InitSysPll
                0x1ffd3b10       0xe8 CMakeFiles/freertos_hello.elf.dir/C_/git/imx7ulp-exploration/SDK_2_9_0_EVK-MCIMX7ULP/devices/MCIMX7U5/drivers/fsl_clock.c.obj
                0x1ffd3b10                CLOCK_InitSysPll
 .text.CLOCK_DeinitSysPll
                0x1ffd3bf8       0x50 CMakeFiles/freertos_hello.elf.dir/C_/git/imx7ulp-exploration/SDK_2_9_0_EVK-MCIMX7ULP/devices/MCIMX7U5/drivers/fsl_clock.c.obj
                0x1ffd3bf8                CLOCK_DeinitSysPll
 .text.CLOCK_GetSysPllCommonFreq
                0x1ffd3c48       0x70 CMakeFiles/freertos_hello.elf.dir/C_/git/imx7ulp-exploration/SDK_2_9_0_EVK-MCIMX7ULP/devices/MCIMX7U5/drivers/fsl_clock.c.obj
 .text.CLOCK_GetSysPllFreq
                0x1ffd3cb8       0x5c CMakeFiles/freertos_hello.elf.dir/C_/git/imx7ulp-exploration/SDK_2_9_0_EVK-MCIMX7ULP/devices/MCIMX7U5/drivers/fsl_clock.c.obj
                0x1ffd3cb8                CLOCK_GetSysPllFreq
 .text.CLOCK_GetSysPllAsyncFreq
                0x1ffd3d14       0x8c CMakeFiles/freertos_hello.elf.dir/C_/git/imx7ulp-exploration/SDK_2_9_0_EVK-MCIMX7ULP/devices/MCIMX7U5/drivers/fsl_clock.c.obj
                0x1ffd3d14                CLOCK_GetSysPllAsyncFreq
 .text.CLOCK_GetSysPllPfdFreq
                0x1ffd3da0       0xd0 CMakeFiles/freertos_hello.elf.dir/C_/git/imx7ulp-exploration/SDK_2_9_0_EVK-MCIMX7ULP/devices/MCIMX7U5/drivers/fsl_clock.c.obj
                0x1ffd3da0                CLOCK_GetSysPllPfdFreq
 .text.CLOCK_EnableSysPllPfdClkout
                0x1ffd3e70       0xa8 CMakeFiles/freertos_hello.elf.dir/C_/git/imx7ulp-exploration/SDK_2_9_0_EVK-MCIMX7ULP/devices/MCIMX7U5/drivers/fsl_clock.c.obj
                0x1ffd3e70                CLOCK_EnableSysPllPfdClkout
 .text.SystemInit
                0x1ffd3f18       0xc0 CMakeFiles/freertos_hello.elf.dir/C_/git/imx7ulp-exploration/SDK_2_9_0_EVK-MCIMX7ULP/devices/MCIMX7U5/system_MCIMX7U5_cm4.c.obj
                0x1ffd3f18                SystemInit
 .text.SystemCoreClockUpdate
                0x1ffd3fd8      0x768 CMakeFiles/freertos_hello.elf.dir/C_/git/imx7ulp-exploration/SDK_2_9_0_EVK-MCIMX7ULP/devices/MCIMX7U5/system_MCIMX7U5_cm4.c.obj
                0x1ffd3fd8                SystemCoreClockUpdate
 .text.SystemInitHook
                0x1ffd4740        0xe CMakeFiles/freertos_hello.elf.dir/C_/git/imx7ulp-exploration/SDK_2_9_0_EVK-MCIMX7ULP/devices/MCIMX7U5/system_MCIMX7U5_cm4.c.obj
                0x1ffd4740                SystemInitHook
 *fill*         0x1ffd474e        0x2 
 .text.pvPortMalloc
                0x1ffd4750      0x198 CMakeFiles/freertos_hello.elf.dir/C_/git/imx7ulp-exploration/SDK_2_9_0_EVK-MCIMX7ULP/rtos/freertos/freertos_kernel/portable/MemMang/heap_4.c.obj
                0x1ffd4750                pvPortMalloc
 .text.vPortFree
                0x1ffd48e8       0xc4 CMakeFiles/freertos_hello.elf.dir/C_/git/imx7ulp-exploration/SDK_2_9_0_EVK-MCIMX7ULP/rtos/freertos/freertos_kernel/portable/MemMang/heap_4.c.obj
                0x1ffd48e8                vPortFree
 .text.prvHeapInit
                0x1ffd49ac       0xc4 CMakeFiles/freertos_hello.elf.dir/C_/git/imx7ulp-exploration/SDK_2_9_0_EVK-MCIMX7ULP/rtos/freertos/freertos_kernel/portable/MemMang/heap_4.c.obj
 .text.prvInsertBlockIntoFreeList
                0x1ffd4a70       0xb4 CMakeFiles/freertos_hello.elf.dir/C_/git/imx7ulp-exploration/SDK_2_9_0_EVK-MCIMX7ULP/rtos/freertos/freertos_kernel/portable/MemMang/heap_4.c.obj
 .text.vListInitialise
                0x1ffd4b24       0x40 CMakeFiles/freertos_hello.elf.dir/C_/git/imx7ulp-exploration/SDK_2_9_0_EVK-MCIMX7ULP/rtos/freertos/freertos_kernel/list.c.obj
                0x1ffd4b24                vListInitialise
 .text.vListInitialiseItem
                0x1ffd4b64       0x1a CMakeFiles/freertos_hello.elf.dir/C_/git/imx7ulp-exploration/SDK_2_9_0_EVK-MCIMX7ULP/rtos/freertos/freertos_kernel/list.c.obj
                0x1ffd4b64                vListInitialiseItem
 .text.vListInsertEnd
                0x1ffd4b7e       0x48 CMakeFiles/freertos_hello.elf.dir/C_/git/imx7ulp-exploration/SDK_2_9_0_EVK-MCIMX7ULP/rtos/freertos/freertos_kernel/list.c.obj
                0x1ffd4b7e                vListInsertEnd
 .text.vListInsert
                0x1ffd4bc6       0x72 CMakeFiles/freertos_hello.elf.dir/C_/git/imx7ulp-exploration/SDK_2_9_0_EVK-MCIMX7ULP/rtos/freertos/freertos_kernel/list.c.obj
                0x1ffd4bc6                vListInsert
 .text.uxListRemove
                0x1ffd4c38       0x54 CMakeFiles/freertos_hello.elf.dir/C_/git/imx7ulp-exploration/SDK_2_9_0_EVK-MCIMX7ULP/rtos/freertos/freertos_kernel/list.c.obj
                0x1ffd4c38                uxListRemove
 .text.pxPortInitialiseStack
                0x1ffd4c8c       0x68 CMakeFiles/freertos_hello.elf.dir/C_/git/imx7ulp-exploration/SDK_2_9_0_EVK-MCIMX7ULP/rtos/freertos/freertos_kernel/portable/GCC/ARM_CM4F/port.c.obj
                0x1ffd4c8c                pxPortInitialiseStack
 .text.prvTaskExitError
                0x1ffd4cf4       0x58 CMakeFiles/freertos_hello.elf.dir/C_/git/imx7ulp-exploration/SDK_2_9_0_EVK-MCIMX7ULP/rtos/freertos/freertos_kernel/portable/GCC/ARM_CM4F/port.c.obj
 *fill*         0x1ffd4d4c        0x4 
 .text.SVC_Handler
                0x1ffd4d50       0x28 CMakeFiles/freertos_hello.elf.dir/C_/git/imx7ulp-exploration/SDK_2_9_0_EVK-MCIMX7ULP/rtos/freertos/freertos_kernel/portable/GCC/ARM_CM4F/port.c.obj
                0x1ffd4d50                SVC_Handler
 .text.prvPortStartFirstTask
                0x1ffd4d78       0x28 CMakeFiles/freertos_hello.elf.dir/C_/git/imx7ulp-exploration/SDK_2_9_0_EVK-MCIMX7ULP/rtos/freertos/freertos_kernel/portable/GCC/ARM_CM4F/port.c.obj
 .text.xPortStartScheduler
                0x1ffd4da0      0x144 CMakeFiles/freertos_hello.elf.dir/C_/git/imx7ulp-exploration/SDK_2_9_0_EVK-MCIMX7ULP/rtos/freertos/freertos_kernel/portable/GCC/ARM_CM4F/port.c.obj
                0x1ffd4da0                xPortStartScheduler
 .text.vPortEnterCritical
                0x1ffd4ee4       0x60 CMakeFiles/freertos_hello.elf.dir/C_/git/imx7ulp-exploration/SDK_2_9_0_EVK-MCIMX7ULP/rtos/freertos/freertos_kernel/portable/GCC/ARM_CM4F/port.c.obj
                0x1ffd4ee4                vPortEnterCritical
 .text.vPortExitCritical
                0x1ffd4f44       0x54 CMakeFiles/freertos_hello.elf.dir/C_/git/imx7ulp-exploration/SDK_2_9_0_EVK-MCIMX7ULP/rtos/freertos/freertos_kernel/portable/GCC/ARM_CM4F/port.c.obj
                0x1ffd4f44                vPortExitCritical
 *fill*         0x1ffd4f98        0x8 
 .text.PendSV_Handler
                0x1ffd4fa0       0x68 CMakeFiles/freertos_hello.elf.dir/C_/git/imx7ulp-exploration/SDK_2_9_0_EVK-MCIMX7ULP/rtos/freertos/freertos_kernel/portable/GCC/ARM_CM4F/port.c.obj
                0x1ffd4fa0                PendSV_Handler
 .text.SysTick_Handler
                0x1ffd5008       0x44 CMakeFiles/freertos_hello.elf.dir/C_/git/imx7ulp-exploration/SDK_2_9_0_EVK-MCIMX7ULP/rtos/freertos/freertos_kernel/portable/GCC/ARM_CM4F/port.c.obj
                0x1ffd5008                SysTick_Handler
 .text.vPortSetupTimerInterrupt
                0x1ffd504c       0x48 CMakeFiles/freertos_hello.elf.dir/C_/git/imx7ulp-exploration/SDK_2_9_0_EVK-MCIMX7ULP/rtos/freertos/freertos_kernel/portable/GCC/ARM_CM4F/port.c.obj
                0x1ffd504c                vPortSetupTimerInterrupt
 .text.vPortEnableVFP
                0x1ffd5094       0x14 CMakeFiles/freertos_hello.elf.dir/C_/git/imx7ulp-exploration/SDK_2_9_0_EVK-MCIMX7ULP/rtos/freertos/freertos_kernel/portable/GCC/ARM_CM4F/port.c.obj
 .text.vPortValidateInterruptPriority
                0x1ffd50a8       0x80 CMakeFiles/freertos_hello.elf.dir/C_/git/imx7ulp-exploration/SDK_2_9_0_EVK-MCIMX7ULP/rtos/freertos/freertos_kernel/portable/GCC/ARM_CM4F/port.c.obj
                0x1ffd50a8                vPortValidateInterruptPriority
 .text.xQueueGenericReset
                0x1ffd5128       0xd0 CMakeFiles/freertos_hello.elf.dir/C_/git/imx7ulp-exploration/SDK_2_9_0_EVK-MCIMX7ULP/rtos/freertos/freertos_kernel/queue.c.obj
                0x1ffd5128                xQueueGenericReset
 .text.xQueueGenericCreate
                0x1ffd51f8       0x6c CMakeFiles/freertos_hello.elf.dir/C_/git/imx7ulp-exploration/SDK_2_9_0_EVK-MCIMX7ULP/rtos/freertos/freertos_kernel/queue.c.obj
                0x1ffd51f8                xQueueGenericCreate
 .text.prvInitialiseNewQueue
                0x1ffd5264       0x46 CMakeFiles/freertos_hello.elf.dir/C_/git/imx7ulp-exploration/SDK_2_9_0_EVK-MCIMX7ULP/rtos/freertos/freertos_kernel/queue.c.obj
 *fill*         0x1ffd52aa        0x2 
 .text.xQueueGenericSend
                0x1ffd52ac      0x1fc CMakeFiles/freertos_hello.elf.dir/C_/git/imx7ulp-exploration/SDK_2_9_0_EVK-MCIMX7ULP/rtos/freertos/freertos_kernel/queue.c.obj
                0x1ffd52ac                xQueueGenericSend
 .text.xQueueGenericSendFromISR
                0x1ffd54a8      0x136 CMakeFiles/freertos_hello.elf.dir/C_/git/imx7ulp-exploration/SDK_2_9_0_EVK-MCIMX7ULP/rtos/freertos/freertos_kernel/queue.c.obj
                0x1ffd54a8                xQueueGenericSendFromISR
 *fill*         0x1ffd55de        0x2 
 .text.xQueueReceive
                0x1ffd55e0      0x1c0 CMakeFiles/freertos_hello.elf.dir/C_/git/imx7ulp-exploration/SDK_2_9_0_EVK-MCIMX7ULP/rtos/freertos/freertos_kernel/queue.c.obj
                0x1ffd55e0                xQueueReceive
 .text.prvCopyDataToQueue
                0x1ffd57a0       0xd4 CMakeFiles/freertos_hello.elf.dir/C_/git/imx7ulp-exploration/SDK_2_9_0_EVK-MCIMX7ULP/rtos/freertos/freertos_kernel/queue.c.obj
 .text.prvCopyDataFromQueue
                0x1ffd5874       0x4c CMakeFiles/freertos_hello.elf.dir/C_/git/imx7ulp-exploration/SDK_2_9_0_EVK-MCIMX7ULP/rtos/freertos/freertos_kernel/queue.c.obj
 .text.prvUnlockQueue
                0x1ffd58c0       0xa4 CMakeFiles/freertos_hello.elf.dir/C_/git/imx7ulp-exploration/SDK_2_9_0_EVK-MCIMX7ULP/rtos/freertos/freertos_kernel/queue.c.obj
 .text.prvIsQueueEmpty
                0x1ffd5964       0x2c CMakeFiles/freertos_hello.elf.dir/C_/git/imx7ulp-exploration/SDK_2_9_0_EVK-MCIMX7ULP/rtos/freertos/freertos_kernel/queue.c.obj
 .text.prvIsQueueFull
                0x1ffd5990       0x30 CMakeFiles/freertos_hello.elf.dir/C_/git/imx7ulp-exploration/SDK_2_9_0_EVK-MCIMX7ULP/rtos/freertos/freertos_kernel/queue.c.obj
 .text.vQueueAddToRegistry
                0x1ffd59c0       0x54 CMakeFiles/freertos_hello.elf.dir/C_/git/imx7ulp-exploration/SDK_2_9_0_EVK-MCIMX7ULP/rtos/freertos/freertos_kernel/queue.c.obj
                0x1ffd59c0                vQueueAddToRegistry
 .text.vQueueWaitForMessageRestricted
                0x1ffd5a14       0x68 CMakeFiles/freertos_hello.elf.dir/C_/git/imx7ulp-exploration/SDK_2_9_0_EVK-MCIMX7ULP/rtos/freertos/freertos_kernel/queue.c.obj
                0x1ffd5a14                vQueueWaitForMessageRestricted
 .text.xTaskCreate
                0x1ffd5a7c       0x82 CMakeFiles/freertos_hello.elf.dir/C_/git/imx7ulp-exploration/SDK_2_9_0_EVK-MCIMX7ULP/rtos/freertos/freertos_kernel/tasks.c.obj
                0x1ffd5a7c                xTaskCreate
 .text.prvInitialiseNewTask
                0x1ffd5afe      0x144 CMakeFiles/freertos_hello.elf.dir/C_/git/imx7ulp-exploration/SDK_2_9_0_EVK-MCIMX7ULP/rtos/freertos/freertos_kernel/tasks.c.obj
 *fill*         0x1ffd5c42        0x2 
 .text.prvAddNewTaskToReadyList
                0x1ffd5c44       0xdc CMakeFiles/freertos_hello.elf.dir/C_/git/imx7ulp-exploration/SDK_2_9_0_EVK-MCIMX7ULP/rtos/freertos/freertos_kernel/tasks.c.obj
 .text.vTaskSuspend
                0x1ffd5d20      0x124 CMakeFiles/freertos_hello.elf.dir/C_/git/imx7ulp-exploration/SDK_2_9_0_EVK-MCIMX7ULP/rtos/freertos/freertos_kernel/tasks.c.obj
                0x1ffd5d20                vTaskSuspend
 .text.vTaskStartScheduler
                0x1ffd5e44       0x9c CMakeFiles/freertos_hello.elf.dir/C_/git/imx7ulp-exploration/SDK_2_9_0_EVK-MCIMX7ULP/rtos/freertos/freertos_kernel/tasks.c.obj
                0x1ffd5e44                vTaskStartScheduler
 .text.vTaskSuspendAll
                0x1ffd5ee0       0x1c CMakeFiles/freertos_hello.elf.dir/C_/git/imx7ulp-exploration/SDK_2_9_0_EVK-MCIMX7ULP/rtos/freertos/freertos_kernel/tasks.c.obj
                0x1ffd5ee0                vTaskSuspendAll
 .text.xTaskResumeAll
                0x1ffd5efc      0x138 CMakeFiles/freertos_hello.elf.dir/C_/git/imx7ulp-exploration/SDK_2_9_0_EVK-MCIMX7ULP/rtos/freertos/freertos_kernel/tasks.c.obj
                0x1ffd5efc                xTaskResumeAll
 .text.xTaskGetTickCount
                0x1ffd6034       0x20 CMakeFiles/freertos_hello.elf.dir/C_/git/imx7ulp-exploration/SDK_2_9_0_EVK-MCIMX7ULP/rtos/freertos/freertos_kernel/tasks.c.obj
                0x1ffd6034                xTaskGetTickCount
 .text.xTaskIncrementTick
                0x1ffd6054      0x154 CMakeFiles/freertos_hello.elf.dir/C_/git/imx7ulp-exploration/SDK_2_9_0_EVK-MCIMX7ULP/rtos/freertos/freertos_kernel/tasks.c.obj
                0x1ffd6054                xTaskIncrementTick
 .text.vTaskSwitchContext
                0x1ffd61a8       0xb8 CMakeFiles/freertos_hello.elf.dir/C_/git/imx7ulp-exploration/SDK_2_9_0_EVK-MCIMX7ULP/rtos/freertos/freertos_kernel/tasks.c.obj
                0x1ffd61a8                vTaskSwitchContext
 .text.vTaskPlaceOnEventList
                0x1ffd6260       0x48 CMakeFiles/freertos_hello.elf.dir/C_/git/imx7ulp-exploration/SDK_2_9_0_EVK-MCIMX7ULP/rtos/freertos/freertos_kernel/tasks.c.obj
                0x1ffd6260                vTaskPlaceOnEventList
 .text.vTaskPlaceOnEventListRestricted
                0x1ffd62a8       0x58 CMakeFiles/freertos_hello.elf.dir/C_/git/imx7ulp-exploration/SDK_2_9_0_EVK-MCIMX7ULP/rtos/freertos/freertos_kernel/tasks.c.obj
                0x1ffd62a8                vTaskPlaceOnEventListRestricted
 .text.xTaskRemoveFromEventList
                0x1ffd6300       0xc4 CMakeFiles/freertos_hello.elf.dir/C_/git/imx7ulp-exploration/SDK_2_9_0_EVK-MCIMX7ULP/rtos/freertos/freertos_kernel/tasks.c.obj
                0x1ffd6300                xTaskRemoveFromEventList
 .text.vTaskInternalSetTimeOutState
                0x1ffd63c4       0x2c CMakeFiles/freertos_hello.elf.dir/C_/git/imx7ulp-exploration/SDK_2_9_0_EVK-MCIMX7ULP/rtos/freertos/freertos_kernel/tasks.c.obj
                0x1ffd63c4                vTaskInternalSetTimeOutState
 .text.xTaskCheckForTimeOut
                0x1ffd63f0       0xc4 CMakeFiles/freertos_hello.elf.dir/C_/git/imx7ulp-exploration/SDK_2_9_0_EVK-MCIMX7ULP/rtos/freertos/freertos_kernel/tasks.c.obj
                0x1ffd63f0                xTaskCheckForTimeOut
 .text.vTaskMissedYield
                0x1ffd64b4       0x18 CMakeFiles/freertos_hello.elf.dir/C_/git/imx7ulp-exploration/SDK_2_9_0_EVK-MCIMX7ULP/rtos/freertos/freertos_kernel/tasks.c.obj
                0x1ffd64b4                vTaskMissedYield
 .text.prvIdleTask
                0x1ffd64cc       0x30 CMakeFiles/freertos_hello.elf.dir/C_/git/imx7ulp-exploration/SDK_2_9_0_EVK-MCIMX7ULP/rtos/freertos/freertos_kernel/tasks.c.obj
 .text.prvInitialiseTaskLists
                0x1ffd64fc       0x80 CMakeFiles/freertos_hello.elf.dir/C_/git/imx7ulp-exploration/SDK_2_9_0_EVK-MCIMX7ULP/rtos/freertos/freertos_kernel/tasks.c.obj
 .text.prvCheckTasksWaitingTermination
                0x1ffd657c       0x5c CMakeFiles/freertos_hello.elf.dir/C_/git/imx7ulp-exploration/SDK_2_9_0_EVK-MCIMX7ULP/rtos/freertos/freertos_kernel/tasks.c.obj
 .text.prvDeleteTCB
                0x1ffd65d8       0x20 CMakeFiles/freertos_hello.elf.dir/C_/git/imx7ulp-exploration/SDK_2_9_0_EVK-MCIMX7ULP/rtos/freertos/freertos_kernel/tasks.c.obj
 .text.prvResetNextTaskUnblockTime
                0x1ffd65f8       0x40 CMakeFiles/freertos_hello.elf.dir/C_/git/imx7ulp-exploration/SDK_2_9_0_EVK-MCIMX7ULP/rtos/freertos/freertos_kernel/tasks.c.obj
 .text.xTaskGetSchedulerState
                0x1ffd6638       0x3c CMakeFiles/freertos_hello.elf.dir/C_/git/imx7ulp-exploration/SDK_2_9_0_EVK-MCIMX7ULP/rtos/freertos/freertos_kernel/tasks.c.obj
                0x1ffd6638                xTaskGetSchedulerState
 .text.xTaskPriorityDisinherit
                0x1ffd6674      0x10c CMakeFiles/freertos_hello.elf.dir/C_/git/imx7ulp-exploration/SDK_2_9_0_EVK-MCIMX7ULP/rtos/freertos/freertos_kernel/tasks.c.obj
                0x1ffd6674                xTaskPriorityDisinherit
 .text.prvAddCurrentTaskToDelayedList
                0x1ffd6780       0xcc CMakeFiles/freertos_hello.elf.dir/C_/git/imx7ulp-exploration/SDK_2_9_0_EVK-MCIMX7ULP/rtos/freertos/freertos_kernel/tasks.c.obj
 .text.xTimerCreateTimerTask
                0x1ffd684c       0x64 CMakeFiles/freertos_hello.elf.dir/C_/git/imx7ulp-exploration/SDK_2_9_0_EVK-MCIMX7ULP/rtos/freertos/freertos_kernel/timers.c.obj
                0x1ffd684c                xTimerCreateTimerTask
 .text.xTimerGenericCommand
                0x1ffd68b0       0x9c CMakeFiles/freertos_hello.elf.dir/C_/git/imx7ulp-exploration/SDK_2_9_0_EVK-MCIMX7ULP/rtos/freertos/freertos_kernel/timers.c.obj
                0x1ffd68b0                xTimerGenericCommand
 .text.prvProcessExpiredTimer
                0x1ffd694c       0x98 CMakeFiles/freertos_hello.elf.dir/C_/git/imx7ulp-exploration/SDK_2_9_0_EVK-MCIMX7ULP/rtos/freertos/freertos_kernel/timers.c.obj
 .text.prvTimerTask
                0x1ffd69e4       0x24 CMakeFiles/freertos_hello.elf.dir/C_/git/imx7ulp-exploration/SDK_2_9_0_EVK-MCIMX7ULP/rtos/freertos/freertos_kernel/timers.c.obj
 .text.prvProcessTimerOrBlockTask
                0x1ffd6a08       0x9c CMakeFiles/freertos_hello.elf.dir/C_/git/imx7ulp-exploration/SDK_2_9_0_EVK-MCIMX7ULP/rtos/freertos/freertos_kernel/timers.c.obj
 .text.prvGetNextExpireTime
                0x1ffd6aa4       0x48 CMakeFiles/freertos_hello.elf.dir/C_/git/imx7ulp-exploration/SDK_2_9_0_EVK-MCIMX7ULP/rtos/freertos/freertos_kernel/timers.c.obj
 .text.prvSampleTimeNow
                0x1ffd6aec       0x40 CMakeFiles/freertos_hello.elf.dir/C_/git/imx7ulp-exploration/SDK_2_9_0_EVK-MCIMX7ULP/rtos/freertos/freertos_kernel/timers.c.obj
 .text.prvInsertTimerInActiveList
                0x1ffd6b2c       0x84 CMakeFiles/freertos_hello.elf.dir/C_/git/imx7ulp-exploration/SDK_2_9_0_EVK-MCIMX7ULP/rtos/freertos/freertos_kernel/timers.c.obj
 .text.prvProcessReceivedCommands
                0x1ffd6bb0      0x1c4 CMakeFiles/freertos_hello.elf.dir/C_/git/imx7ulp-exploration/SDK_2_9_0_EVK-MCIMX7ULP/rtos/freertos/freertos_kernel/timers.c.obj
 .text.prvSwitchTimerLists
                0x1ffd6d74       0xc8 CMakeFiles/freertos_hello.elf.dir/C_/git/imx7ulp-exploration/SDK_2_9_0_EVK-MCIMX7ULP/rtos/freertos/freertos_kernel/timers.c.obj
 .text.prvCheckForValidListAndQueue
                0x1ffd6e3c       0x6c CMakeFiles/freertos_hello.elf.dir/C_/git/imx7ulp-exploration/SDK_2_9_0_EVK-MCIMX7ULP/rtos/freertos/freertos_kernel/timers.c.obj
 .text.PrintGetWidth
                0x1ffd6ea8       0x6a CMakeFiles/freertos_hello.elf.dir/C_/git/imx7ulp-exploration/SDK_2_9_0_EVK-MCIMX7ULP/devices/MCIMX7U5/utilities/str/fsl_str.c.obj
 .text.PrintGetPrecision
                0x1ffd6f12       0x8c CMakeFiles/freertos_hello.elf.dir/C_/git/imx7ulp-exploration/SDK_2_9_0_EVK-MCIMX7ULP/devices/MCIMX7U5/utilities/str/fsl_str.c.obj
 .text.PrintIsobpu
                0x1ffd6f9e       0x38 CMakeFiles/freertos_hello.elf.dir/C_/git/imx7ulp-exploration/SDK_2_9_0_EVK-MCIMX7ULP/devices/MCIMX7U5/utilities/str/fsl_str.c.obj
 .text.PrintIsdi
                0x1ffd6fd6       0x2c CMakeFiles/freertos_hello.elf.dir/C_/git/imx7ulp-exploration/SDK_2_9_0_EVK-MCIMX7ULP/devices/MCIMX7U5/utilities/str/fsl_str.c.obj
 .text.PrintOutputdifFobpu
                0x1ffd7002       0x44 CMakeFiles/freertos_hello.elf.dir/C_/git/imx7ulp-exploration/SDK_2_9_0_EVK-MCIMX7ULP/devices/MCIMX7U5/utilities/str/fsl_str.c.obj
 .text.PrintOutputxX
                0x1ffd7046       0x44 CMakeFiles/freertos_hello.elf.dir/C_/git/imx7ulp-exploration/SDK_2_9_0_EVK-MCIMX7ULP/devices/MCIMX7U5/utilities/str/fsl_str.c.obj
 .text.PrintIsfF
                0x1ffd708a       0x2c CMakeFiles/freertos_hello.elf.dir/C_/git/imx7ulp-exploration/SDK_2_9_0_EVK-MCIMX7ULP/devices/MCIMX7U5/utilities/str/fsl_str.c.obj
 .text.PrintIsxX
                0x1ffd70b6       0x2c CMakeFiles/freertos_hello.elf.dir/C_/git/imx7ulp-exploration/SDK_2_9_0_EVK-MCIMX7ULP/devices/MCIMX7U5/utilities/str/fsl_str.c.obj
 .text.PrintFilterLengthFlag
                0x1ffd70e2       0x3e CMakeFiles/freertos_hello.elf.dir/C_/git/imx7ulp-exploration/SDK_2_9_0_EVK-MCIMX7ULP/devices/MCIMX7U5/utilities/str/fsl_str.c.obj
 .text.PrintGetRadixFromobpu
                0x1ffd7120       0x40 CMakeFiles/freertos_hello.elf.dir/C_/git/imx7ulp-exploration/SDK_2_9_0_EVK-MCIMX7ULP/devices/MCIMX7U5/utilities/str/fsl_str.c.obj
 .text.ConvertRadixNumToString
                0x1ffd7160      0x110 CMakeFiles/freertos_hello.elf.dir/C_/git/imx7ulp-exploration/SDK_2_9_0_EVK-MCIMX7ULP/devices/MCIMX7U5/utilities/str/fsl_str.c.obj
 .text.StrFormatPrintf
                0x1ffd7270      0x290 CMakeFiles/freertos_hello.elf.dir/C_/git/imx7ulp-exploration/SDK_2_9_0_EVK-MCIMX7ULP/devices/MCIMX7U5/utilities/str/fsl_str.c.obj
                0x1ffd7270                StrFormatPrintf
 .text.DbgConsole_SendDataReliable
                0x1ffd7500       0x50 CMakeFiles/freertos_hello.elf.dir/C_/git/imx7ulp-exploration/SDK_2_9_0_EVK-MCIMX7ULP/devices/MCIMX7U5/utilities/debug_console/fsl_debug_console.c.obj
                0x1ffd7500                DbgConsole_SendDataReliable
 .text.DbgConsole_PrintCallback
                0x1ffd7550       0x66 CMakeFiles/freertos_hello.elf.dir/C_/git/imx7ulp-exploration/SDK_2_9_0_EVK-MCIMX7ULP/devices/MCIMX7U5/utilities/debug_console/fsl_debug_console.c.obj
 *fill*         0x1ffd75b6        0x2 
 .text.DbgConsole_Init
                0x1ffd75b8      0x118 CMakeFiles/freertos_hello.elf.dir/C_/git/imx7ulp-exploration/SDK_2_9_0_EVK-MCIMX7ULP/devices/MCIMX7U5/utilities/debug_console/fsl_debug_console.c.obj
                0x1ffd75b8                DbgConsole_Init
 .text.DbgConsole_Printf
                0x1ffd76d0       0x78 CMakeFiles/freertos_hello.elf.dir/C_/git/imx7ulp-exploration/SDK_2_9_0_EVK-MCIMX7ULP/devices/MCIMX7U5/utilities/debug_console/fsl_debug_console.c.obj
                0x1ffd76d0                DbgConsole_Printf
 .text.DisableGlobalIRQ
                0x1ffd7748       0x22 CMakeFiles/freertos_hello.elf.dir/C_/git/imx7ulp-exploration/SDK_2_9_0_EVK-MCIMX7ULP/components/serial_manager/fsl_component_serial_manager.c.obj
 .text.EnableGlobalIRQ
                0x1ffd776a       0x20 CMakeFiles/freertos_hello.elf.dir/C_/git/imx7ulp-exploration/SDK_2_9_0_EVK-MCIMX7ULP/components/serial_manager/fsl_component_serial_manager.c.obj
 .text.SerialManager_StartWriting
                0x1ffd778a       0x38 CMakeFiles/freertos_hello.elf.dir/C_/git/imx7ulp-exploration/SDK_2_9_0_EVK-MCIMX7ULP/components/serial_manager/fsl_component_serial_manager.c.obj
 .text.SerialManager_Write
                0x1ffd77c2       0x44 CMakeFiles/freertos_hello.elf.dir/C_/git/imx7ulp-exploration/SDK_2_9_0_EVK-MCIMX7ULP/components/serial_manager/fsl_component_serial_manager.c.obj
 .text.SerialManager_Init
                0x1ffd7806       0x60 CMakeFiles/freertos_hello.elf.dir/C_/git/imx7ulp-exploration/SDK_2_9_0_EVK-MCIMX7ULP/components/serial_manager/fsl_component_serial_manager.c.obj
                0x1ffd7806                SerialManager_Init
 .text.SerialManager_OpenWriteHandle
                0x1ffd7866       0x50 CMakeFiles/freertos_hello.elf.dir/C_/git/imx7ulp-exploration/SDK_2_9_0_EVK-MCIMX7ULP/components/serial_manager/fsl_component_serial_manager.c.obj
                0x1ffd7866                SerialManager_OpenWriteHandle
 .text.SerialManager_OpenReadHandle
                0x1ffd78b6       0x60 CMakeFiles/freertos_hello.elf.dir/C_/git/imx7ulp-exploration/SDK_2_9_0_EVK-MCIMX7ULP/components/serial_manager/fsl_component_serial_manager.c.obj
                0x1ffd78b6                SerialManager_OpenReadHandle
 .text.SerialManager_WriteBlocking
                0x1ffd7916       0x20 CMakeFiles/freertos_hello.elf.dir/C_/git/imx7ulp-exploration/SDK_2_9_0_EVK-MCIMX7ULP/components/serial_manager/fsl_component_serial_manager.c.obj
                0x1ffd7916                SerialManager_WriteBlocking
 .text.Serial_UartInit
                0x1ffd7936       0x3e CMakeFiles/freertos_hello.elf.dir/C_/git/imx7ulp-exploration/SDK_2_9_0_EVK-MCIMX7ULP/components/serial_manager/fsl_component_serial_port_uart.c.obj
                0x1ffd7936                Serial_UartInit
 .text.Serial_UartWrite
                0x1ffd7974       0x38 CMakeFiles/freertos_hello.elf.dir/C_/git/imx7ulp-exploration/SDK_2_9_0_EVK-MCIMX7ULP/components/serial_manager/fsl_component_serial_port_uart.c.obj
                0x1ffd7974                Serial_UartWrite
 .text.CLOCK_EnableClock
                0x1ffd79ac       0x40 CMakeFiles/freertos_hello.elf.dir/C_/git/imx7ulp-exploration/SDK_2_9_0_EVK-MCIMX7ULP/devices/MCIMX7U5/drivers/fsl_lpuart.c.obj
 .text.LPUART_SoftwareReset
                0x1ffd79ec       0x2c CMakeFiles/freertos_hello.elf.dir/C_/git/imx7ulp-exploration/SDK_2_9_0_EVK-MCIMX7ULP/devices/MCIMX7U5/drivers/fsl_lpuart.c.obj
 .text.LPUART_GetInstance
                0x1ffd7a18       0x58 CMakeFiles/freertos_hello.elf.dir/C_/git/imx7ulp-exploration/SDK_2_9_0_EVK-MCIMX7ULP/devices/MCIMX7U5/drivers/fsl_lpuart.c.obj
                0x1ffd7a18                LPUART_GetInstance
 .text.LPUART_Init
                0x1ffd7a70      0x414 CMakeFiles/freertos_hello.elf.dir/C_/git/imx7ulp-exploration/SDK_2_9_0_EVK-MCIMX7ULP/devices/MCIMX7U5/drivers/fsl_lpuart.c.obj
                0x1ffd7a70                LPUART_Init
 .text.LPUART_GetDefaultConfig
                0x1ffd7e84       0x98 CMakeFiles/freertos_hello.elf.dir/C_/git/imx7ulp-exploration/SDK_2_9_0_EVK-MCIMX7ULP/devices/MCIMX7U5/drivers/fsl_lpuart.c.obj
                0x1ffd7e84                LPUART_GetDefaultConfig
 .text.LPUART_WriteBlocking
                0x1ffd7f1c       0x78 CMakeFiles/freertos_hello.elf.dir/C_/git/imx7ulp-exploration/SDK_2_9_0_EVK-MCIMX7ULP/devices/MCIMX7U5/drivers/fsl_lpuart.c.obj
                0x1ffd7f1c                LPUART_WriteBlocking
 .text.LPUART0_DriverIRQHandler
                0x1ffd7f94       0x28 CMakeFiles/freertos_hello.elf.dir/C_/git/imx7ulp-exploration/SDK_2_9_0_EVK-MCIMX7ULP/devices/MCIMX7U5/drivers/fsl_lpuart.c.obj
                0x1ffd7f94                LPUART0_DriverIRQHandler
 .text.LPUART1_DriverIRQHandler
                0x1ffd7fbc       0x28 CMakeFiles/freertos_hello.elf.dir/C_/git/imx7ulp-exploration/SDK_2_9_0_EVK-MCIMX7ULP/devices/MCIMX7U5/drivers/fsl_lpuart.c.obj
                0x1ffd7fbc                LPUART1_DriverIRQHandler
 .text.LPUART2_DriverIRQHandler
                0x1ffd7fe4       0x28 CMakeFiles/freertos_hello.elf.dir/C_/git/imx7ulp-exploration/SDK_2_9_0_EVK-MCIMX7ULP/devices/MCIMX7U5/drivers/fsl_lpuart.c.obj
                0x1ffd7fe4                LPUART2_DriverIRQHandler
 .text.LPUART3_DriverIRQHandler
                0x1ffd800c       0x28 CMakeFiles/freertos_hello.elf.dir/C_/git/imx7ulp-exploration/SDK_2_9_0_EVK-MCIMX7ULP/devices/MCIMX7U5/drivers/fsl_lpuart.c.obj
                0x1ffd800c                LPUART3_DriverIRQHandler
 .text.HAL_UartGetStatus
                0x1ffd8034       0x28 CMakeFiles/freertos_hello.elf.dir/C_/git/imx7ulp-exploration/SDK_2_9_0_EVK-MCIMX7ULP/components/uart/fsl_adapter_lpuart.c.obj
 .text.HAL_UartInit
                0x1ffd805c      0x128 CMakeFiles/freertos_hello.elf.dir/C_/git/imx7ulp-exploration/SDK_2_9_0_EVK-MCIMX7ULP/components/uart/fsl_adapter_lpuart.c.obj
                0x1ffd805c                HAL_UartInit
 .text.HAL_UartSendBlocking
                0x1ffd8184       0x84 CMakeFiles/freertos_hello.elf.dir/C_/git/imx7ulp-exploration/SDK_2_9_0_EVK-MCIMX7ULP/components/uart/fsl_adapter_lpuart.c.obj
                0x1ffd8184                HAL_UartSendBlocking
 .text.__assert_func
                0x1ffd8208       0x28 CMakeFiles/freertos_hello.elf.dir/C_/git/imx7ulp-exploration/SDK_2_9_0_EVK-MCIMX7ULP/devices/MCIMX7U5/utilities/fsl_assert.c.obj
                0x1ffd8208                __assert_func
 .text.exit     0x1ffd8230       0x28 c:/progra~2/gnuarm~1/102020~1/bin/../lib/gcc/arm-none-eabi/10.2.1/../../../../arm-none-eabi/lib/thumb/v7e-m+fp/hard\libc_nano.a(lib_a-exit.o)
                0x1ffd8230                exit
 .text.__libc_init_array
                0x1ffd8258       0x48 c:/progra~2/gnuarm~1/102020~1/bin/../lib/gcc/arm-none-eabi/10.2.1/../../../../arm-none-eabi/lib/thumb/v7e-m+fp/hard\libc_nano.a(lib_a-init.o)
                0x1ffd8258                __libc_init_array
 .text.memcpy   0x1ffd82a0       0x1c c:/progra~2/gnuarm~1/102020~1/bin/../lib/gcc/arm-none-eabi/10.2.1/../../../../arm-none-eabi/lib/thumb/v7e-m+fp/hard\libc_nano.a(lib_a-memcpy-stub.o)
                0x1ffd82a0                memcpy
 .text.memset   0x1ffd82bc       0x10 c:/progra~2/gnuarm~1/102020~1/bin/../lib/gcc/arm-none-eabi/10.2.1/../../../../arm-none-eabi/lib/thumb/v7e-m+fp/hard\libc_nano.a(lib_a-memset.o)
                0x1ffd82bc                memset
 .text._exit    0x1ffd82cc        0x4 c:/progra~2/gnuarm~1/102020~1/bin/../lib/gcc/arm-none-eabi/10.2.1/../../../../arm-none-eabi/lib/thumb/v7e-m+fp/hard\libnosys.a(_exit.o)
                0x1ffd82cc                _exit
 *(.rodata)
 .rodata        0x1ffd82d0       0x37 CMakeFiles/freertos_hello.elf.dir/C_/git/imx7ulp-exploration/src/freertos_hello.c.obj
 *fill*         0x1ffd8307        0x1 
 .rodata        0x1ffd8308       0x99 CMakeFiles/freertos_hello.elf.dir/C_/git/imx7ulp-exploration/src/board.c.obj
 *fill*         0x1ffd83a1        0x3 
 .rodata        0x1ffd83a4      0x1f8 CMakeFiles/freertos_hello.elf.dir/C_/git/imx7ulp-exploration/SDK_2_9_0_EVK-MCIMX7ULP/devices/MCIMX7U5/drivers/fsl_clock.c.obj
 .rodata        0x1ffd859c       0x4c CMakeFiles/freertos_hello.elf.dir/C_/git/imx7ulp-exploration/SDK_2_9_0_EVK-MCIMX7ULP/devices/MCIMX7U5/system_MCIMX7U5_cm4.c.obj
 .rodata        0x1ffd85e8       0x24 CMakeFiles/freertos_hello.elf.dir/C_/git/imx7ulp-exploration/SDK_2_9_0_EVK-MCIMX7ULP/rtos/freertos/freertos_kernel/tasks.c.obj
                0x1ffd85f0                portArch_Name
                0x1ffd85f4                FreeRTOSDebugConfig
 .rodata        0x1ffd860c        0xd CMakeFiles/freertos_hello.elf.dir/C_/git/imx7ulp-exploration/SDK_2_9_0_EVK-MCIMX7ULP/rtos/freertos/freertos_kernel/timers.c.obj
 *fill*         0x1ffd8619        0x3 
 .rodata        0x1ffd861c      0x276 CMakeFiles/freertos_hello.elf.dir/C_/git/imx7ulp-exploration/SDK_2_9_0_EVK-MCIMX7ULP/devices/MCIMX7U5/drivers/fsl_lpuart.c.obj
 *fill*         0x1ffd8892        0x2 
 .rodata        0x1ffd8894       0xeb CMakeFiles/freertos_hello.elf.dir/C_/git/imx7ulp-exploration/SDK_2_9_0_EVK-MCIMX7ULP/components/uart/fsl_adapter_lpuart.c.obj
 *fill*         0x1ffd897f        0x1 
 .rodata        0x1ffd8980       0x3e CMakeFiles/freertos_hello.elf.dir/C_/git/imx7ulp-exploration/SDK_2_9_0_EVK-MCIMX7ULP/devices/MCIMX7U5/utilities/fsl_assert.c.obj
 *(.rodata*)
 *fill*         0x1ffd89be        0x2 
 .rodata.__func__.0
                0x1ffd89c0        0xf CMakeFiles/freertos_hello.elf.dir/C_/git/imx7ulp-exploration/src/board.c.obj
 *fill*         0x1ffd89cf        0x1 
 .rodata.g_scgSysOscConfig
                0x1ffd89d0       0x10 CMakeFiles/freertos_hello.elf.dir/C_/git/imx7ulp-exploration/src/clock_config.c.obj
                0x1ffd89d0                g_scgSysOscConfig
 .rodata.g_scgSircConfig
                0x1ffd89e0        0x8 CMakeFiles/freertos_hello.elf.dir/C_/git/imx7ulp-exploration/src/clock_config.c.obj
                0x1ffd89e0                g_scgSircConfig
 .rodata.g_scgFircConfig
                0x1ffd89e8        0xc CMakeFiles/freertos_hello.elf.dir/C_/git/imx7ulp-exploration/src/clock_config.c.obj
                0x1ffd89e8                g_scgFircConfig
 .rodata.g_scgSysPllConfig
                0x1ffd89f4        0x9 CMakeFiles/freertos_hello.elf.dir/C_/git/imx7ulp-exploration/src/clock_config.c.obj
                0x1ffd89f4                g_scgSysPllConfig
 *fill*         0x1ffd89fd        0x3 
 .rodata.g_scgAuxPllConfig
                0x1ffd8a00       0x14 CMakeFiles/freertos_hello.elf.dir/C_/git/imx7ulp-exploration/src/clock_config.c.obj
                0x1ffd8a00                g_scgAuxPllConfig
 .rodata.g_sysClkConfigNormalRun
                0x1ffd8a14        0x4 CMakeFiles/freertos_hello.elf.dir/C_/git/imx7ulp-exploration/src/clock_config.c.obj
                0x1ffd8a14                g_sysClkConfigNormalRun
 .rodata.g_sysClkConfigVlpr
                0x1ffd8a18        0x4 CMakeFiles/freertos_hello.elf.dir/C_/git/imx7ulp-exploration/src/clock_config.c.obj
                0x1ffd8a18                g_sysClkConfigVlpr
 .rodata.s_spllMulti
                0x1ffd8a1c        0x8 CMakeFiles/freertos_hello.elf.dir/C_/git/imx7ulp-exploration/SDK_2_9_0_EVK-MCIMX7ULP/devices/MCIMX7U5/drivers/fsl_clock.c.obj
 .rodata.__func__.12
                0x1ffd8a24       0x10 CMakeFiles/freertos_hello.elf.dir/C_/git/imx7ulp-exploration/SDK_2_9_0_EVK-MCIMX7ULP/devices/MCIMX7U5/drivers/fsl_clock.c.obj
 .rodata.__func__.11
                0x1ffd8a34       0x19 CMakeFiles/freertos_hello.elf.dir/C_/git/imx7ulp-exploration/SDK_2_9_0_EVK-MCIMX7ULP/devices/MCIMX7U5/drivers/fsl_clock.c.obj
 *fill*         0x1ffd8a4d        0x3 
 .rodata.__func__.10
                0x1ffd8a50       0x11 CMakeFiles/freertos_hello.elf.dir/C_/git/imx7ulp-exploration/SDK_2_9_0_EVK-MCIMX7ULP/devices/MCIMX7U5/drivers/fsl_clock.c.obj
 *fill*         0x1ffd8a61        0x3 
 .rodata.__func__.9
                0x1ffd8a64       0x14 CMakeFiles/freertos_hello.elf.dir/C_/git/imx7ulp-exploration/SDK_2_9_0_EVK-MCIMX7ULP/devices/MCIMX7U5/drivers/fsl_clock.c.obj
 .rodata.__func__.8
                0x1ffd8a78        0xf CMakeFiles/freertos_hello.elf.dir/C_/git/imx7ulp-exploration/SDK_2_9_0_EVK-MCIMX7ULP/devices/MCIMX7U5/drivers/fsl_clock.c.obj
 *fill*         0x1ffd8a87        0x1 
 .rodata.sircFreq.7
                0x1ffd8a88        0x8 CMakeFiles/freertos_hello.elf.dir/C_/git/imx7ulp-exploration/SDK_2_9_0_EVK-MCIMX7ULP/devices/MCIMX7U5/drivers/fsl_clock.c.obj
 .rodata.__func__.6
                0x1ffd8a90        0xf CMakeFiles/freertos_hello.elf.dir/C_/git/imx7ulp-exploration/SDK_2_9_0_EVK-MCIMX7ULP/devices/MCIMX7U5/drivers/fsl_clock.c.obj
 *fill*         0x1ffd8a9f        0x1 
 .rodata.fircFreq.5
                0x1ffd8aa0       0x10 CMakeFiles/freertos_hello.elf.dir/C_/git/imx7ulp-exploration/SDK_2_9_0_EVK-MCIMX7ULP/devices/MCIMX7U5/drivers/fsl_clock.c.obj
 .rodata.__func__.4
                0x1ffd8ab0       0x14 CMakeFiles/freertos_hello.elf.dir/C_/git/imx7ulp-exploration/SDK_2_9_0_EVK-MCIMX7ULP/devices/MCIMX7U5/drivers/fsl_clock.c.obj
 .rodata.__func__.3
                0x1ffd8ac4       0x11 CMakeFiles/freertos_hello.elf.dir/C_/git/imx7ulp-exploration/SDK_2_9_0_EVK-MCIMX7ULP/devices/MCIMX7U5/drivers/fsl_clock.c.obj
 *fill*         0x1ffd8ad5        0x3 
 .rodata.__func__.2
                0x1ffd8ad8       0x1c CMakeFiles/freertos_hello.elf.dir/C_/git/imx7ulp-exploration/SDK_2_9_0_EVK-MCIMX7ULP/devices/MCIMX7U5/drivers/fsl_clock.c.obj
 .rodata.__func__.1
                0x1ffd8af4       0x11 CMakeFiles/freertos_hello.elf.dir/C_/git/imx7ulp-exploration/SDK_2_9_0_EVK-MCIMX7ULP/devices/MCIMX7U5/drivers/fsl_clock.c.obj
 *fill*         0x1ffd8b05        0x3 
 .rodata.__func__.0
                0x1ffd8b08       0x1c CMakeFiles/freertos_hello.elf.dir/C_/git/imx7ulp-exploration/SDK_2_9_0_EVK-MCIMX7ULP/devices/MCIMX7U5/drivers/fsl_clock.c.obj
 .rodata.s_lpuartBases
                0x1ffd8b24       0x20 CMakeFiles/freertos_hello.elf.dir/C_/git/imx7ulp-exploration/SDK_2_9_0_EVK-MCIMX7ULP/devices/MCIMX7U5/drivers/fsl_lpuart.c.obj
 .rodata.s_lpuartClock
                0x1ffd8b44       0x20 CMakeFiles/freertos_hello.elf.dir/C_/git/imx7ulp-exploration/SDK_2_9_0_EVK-MCIMX7ULP/devices/MCIMX7U5/drivers/fsl_lpuart.c.obj
 .rodata.__func__.23
                0x1ffd8b64       0x13 CMakeFiles/freertos_hello.elf.dir/C_/git/imx7ulp-exploration/SDK_2_9_0_EVK-MCIMX7ULP/devices/MCIMX7U5/drivers/fsl_lpuart.c.obj
 *fill*         0x1ffd8b77        0x1 
 .rodata.__func__.18
                0x1ffd8b78        0xc CMakeFiles/freertos_hello.elf.dir/C_/git/imx7ulp-exploration/SDK_2_9_0_EVK-MCIMX7ULP/devices/MCIMX7U5/drivers/fsl_lpuart.c.obj
 .rodata.__func__.17
                0x1ffd8b84       0x12 CMakeFiles/freertos_hello.elf.dir/C_/git/imx7ulp-exploration/SDK_2_9_0_EVK-MCIMX7ULP/devices/MCIMX7U5/drivers/fsl_lpuart.c.obj
 *fill*         0x1ffd8b96        0x2 
 .rodata.__func__.15
                0x1ffd8b98       0x18 CMakeFiles/freertos_hello.elf.dir/C_/git/imx7ulp-exploration/SDK_2_9_0_EVK-MCIMX7ULP/devices/MCIMX7U5/drivers/fsl_lpuart.c.obj
 .rodata.__func__.11
                0x1ffd8bb0       0x15 CMakeFiles/freertos_hello.elf.dir/C_/git/imx7ulp-exploration/SDK_2_9_0_EVK-MCIMX7ULP/devices/MCIMX7U5/drivers/fsl_lpuart.c.obj
 *fill*         0x1ffd8bc5        0x3 
 .rodata.s_LpuartAdapterBase
                0x1ffd8bc8       0x20 CMakeFiles/freertos_hello.elf.dir/C_/git/imx7ulp-exploration/SDK_2_9_0_EVK-MCIMX7ULP/components/uart/fsl_adapter_lpuart.c.obj
 .rodata.__func__.4
                0x1ffd8be8        0xd CMakeFiles/freertos_hello.elf.dir/C_/git/imx7ulp-exploration/SDK_2_9_0_EVK-MCIMX7ULP/components/uart/fsl_adapter_lpuart.c.obj
 *fill*         0x1ffd8bf5        0x3 
 .rodata.__func__.1
                0x1ffd8bf8       0x15 CMakeFiles/freertos_hello.elf.dir/C_/git/imx7ulp-exploration/SDK_2_9_0_EVK-MCIMX7ULP/components/uart/fsl_adapter_lpuart.c.obj
 *fill*         0x1ffd8c0d        0x3 
 .rodata._global_impure_ptr
                0x1ffd8c10        0x4 c:/progra~2/gnuarm~1/102020~1/bin/../lib/gcc/arm-none-eabi/10.2.1/../../../../arm-none-eabi/lib/thumb/v7e-m+fp/hard\libc_nano.a(lib_a-impure.o)
                0x1ffd8c10                _global_impure_ptr
 *(.glue_7)
 .glue_7        0x1ffd8c14        0x0 linker stubs
 *(.glue_7t)
 .glue_7t       0x1ffd8c14        0x0 linker stubs
 *(.eh_frame)
 .eh_frame      0x1ffd8c14        0x0 c:/progra~2/gnuarm~1/102020~1/bin/../lib/gcc/arm-none-eabi/10.2.1/thumb/v7e-m+fp/hard/crtbegin.o
 *(.init)
 .init          0x1ffd8c14        0x4 c:/progra~2/gnuarm~1/102020~1/bin/../lib/gcc/arm-none-eabi/10.2.1/thumb/v7e-m+fp/hard/crti.o
                0x1ffd8c14                _init
 .init          0x1ffd8c18        0x8 c:/progra~2/gnuarm~1/102020~1/bin/../lib/gcc/arm-none-eabi/10.2.1/thumb/v7e-m+fp/hard/crtn.o
 *(.fini)
 .fini          0x1ffd8c20        0x4 c:/progra~2/gnuarm~1/102020~1/bin/../lib/gcc/arm-none-eabi/10.2.1/thumb/v7e-m+fp/hard/crti.o
                0x1ffd8c20                _fini
 .fini          0x1ffd8c24        0x8 c:/progra~2/gnuarm~1/102020~1/bin/../lib/gcc/arm-none-eabi/10.2.1/thumb/v7e-m+fp/hard/crtn.o
                0x1ffd8c2c                . = ALIGN (0x4)

.vfp11_veneer   0x1ffd8c2c        0x0
 .vfp11_veneer  0x1ffd8c2c        0x0 linker stubs

.v4_bx          0x1ffd8c2c        0x0
 .v4_bx         0x1ffd8c2c        0x0 linker stubs

.iplt           0x1ffd8c2c        0x0
 .iplt          0x1ffd8c2c        0x0 c:/progra~2/gnuarm~1/102020~1/bin/../lib/gcc/arm-none-eabi/10.2.1/thumb/v7e-m+fp/hard/crtbegin.o

.ARM.extab
 *(.ARM.extab* .gnu.linkonce.armextab.*)

.ARM            0x1ffd8c2c        0x8
                0x1ffd8c2c                __exidx_start = .
 *(.ARM.exidx*)
 .ARM.exidx     0x1ffd8c2c        0x8 c:/progra~2/gnuarm~1/102020~1/bin/../lib/gcc/arm-none-eabi/10.2.1/../../../../arm-none-eabi/lib/thumb/v7e-m+fp/hard/crt0.o
                                 0x10 (size before relaxing)
 .ARM.exidx     0x1ffd8c34        0x0 c:/progra~2/gnuarm~1/102020~1/bin/../lib/gcc/arm-none-eabi/10.2.1/thumb/v7e-m+fp/hard\libgcc.a(_udivmoddi4.o)
                                  0x8 (size before relaxing)
                0x1ffd8c34                __exidx_end = .

.rel.dyn        0x1ffd8c34        0x0
 .rel.iplt      0x1ffd8c34        0x0 c:/progra~2/gnuarm~1/102020~1/bin/../lib/gcc/arm-none-eabi/10.2.1/thumb/v7e-m+fp/hard/crtbegin.o

.ctors          0x1ffd8c34        0x0
                0x1ffd8c34                __CTOR_LIST__ = .
 *crtbegin.o(.ctors)
 *crtbegin?.o(.ctors)
 *(EXCLUDE_FILE(*crtend.o *crtend?.o) .ctors)
 *(SORT_BY_NAME(.ctors.*))
 *(.ctors)
                0x1ffd8c34                __CTOR_END__ = .

.dtors          0x1ffd8c34        0x0
                0x1ffd8c34                __DTOR_LIST__ = .
 *crtbegin.o(.dtors)
 *crtbegin?.o(.dtors)
 *(EXCLUDE_FILE(*crtend.o *crtend?.o) .dtors)
 *(SORT_BY_NAME(.dtors.*))
 *(.dtors)
                0x1ffd8c34                __DTOR_END__ = .

.preinit_array  0x1ffd8c34        0x0
                0x1ffd8c34                PROVIDE (__preinit_array_start = .)
 *(.preinit_array*)
                0x1ffd8c34                PROVIDE (__preinit_array_end = .)

.init_array     0x1ffd8c34        0x4
                0x1ffd8c34                PROVIDE (__init_array_start = .)
 *(SORT_BY_NAME(.init_array.*))
 *(.init_array*)
 .init_array    0x1ffd8c34        0x4 c:/progra~2/gnuarm~1/102020~1/bin/../lib/gcc/arm-none-eabi/10.2.1/thumb/v7e-m+fp/hard/crtbegin.o
                0x1ffd8c38                PROVIDE (__init_array_end = .)

.fini_array     0x1ffd8c38        0x4
                [!provide]                PROVIDE (__fini_array_start = .)
 *(SORT_BY_NAME(.fini_array.*))
 *(.fini_array*)
 .fini_array    0x1ffd8c38        0x4 c:/progra~2/gnuarm~1/102020~1/bin/../lib/gcc/arm-none-eabi/10.2.1/thumb/v7e-m+fp/hard/crtbegin.o
                [!provide]                PROVIDE (__fini_array_end = .)
                0x1ffd8c3c                __etext = .
                0x1ffd8c3c                __DATA_ROM = .

.interrupts_ram
                0x20000000        0x0
                0x20000000                . = ALIGN (0x4)
                0x20000000                __VECTOR_RAM__ = .
                0x20000000                __interrupts_ram_start__ = .
 *(.m_interrupts_ram)
                0x20000000                . = (. + M_VECTOR_RAM_SIZE)
                0x20000000                . = ALIGN (0x4)
                0x20000000                __interrupts_ram_end__ = .
                0x1ffd2000                __VECTOR_RAM = DEFINED (__ram_vector_table__)?__VECTOR_RAM__:ORIGIN (m_interrupts)
                0x00000000                __RAM_VECTOR_TABLE_SIZE_BYTES = DEFINED (__ram_vector_table__)?(__interrupts_ram_end__ - __interrupts_ram_start__):0x0

.data           0x20000000       0x68 load address 0x1ffd8c3c
                0x20000000                . = ALIGN (0x4)
                0x20000000                __DATA_RAM = .
                0x20000000                __data_start__ = .
 *(.data)
 *(.data*)
 .data.SystemCoreClock
                0x20000000        0x4 CMakeFiles/freertos_hello.elf.dir/C_/git/imx7ulp-exploration/SDK_2_9_0_EVK-MCIMX7ULP/devices/MCIMX7U5/system_MCIMX7U5_cm4.c.obj
                0x20000000                SystemCoreClock
 .data.uxCriticalNesting
                0x20000004        0x4 CMakeFiles/freertos_hello.elf.dir/C_/git/imx7ulp-exploration/SDK_2_9_0_EVK-MCIMX7ULP/rtos/freertos/freertos_kernel/portable/GCC/ARM_CM4F/port.c.obj
 .data.impure_data
                0x20000008       0x60 c:/progra~2/gnuarm~1/102020~1/bin/../lib/gcc/arm-none-eabi/10.2.1/../../../../arm-none-eabi/lib/thumb/v7e-m+fp/hard\libc_nano.a(lib_a-impure.o)
 *(.jcr*)
                0x20000068                . = ALIGN (0x4)
                0x20000068                __data_end__ = .
                0x1ffd8ca4                __DATA_END = (__DATA_ROM + (__data_end__ - __data_start__))
                0x1fff8000                text_end = (ORIGIN (m_text) + LENGTH (m_text))
                0x00000001                ASSERT ((__DATA_END <= text_end), region m_text overflowed with text and data)

.igot.plt       0x20000068        0x0 load address 0x1ffd8ca4
 .igot.plt      0x20000068        0x0 c:/progra~2/gnuarm~1/102020~1/bin/../lib/gcc/arm-none-eabi/10.2.1/thumb/v7e-m+fp/hard/crtbegin.o

.bss            0x20000068     0x2a18 load address 0x1ffd8ca4
                0x20000068                . = ALIGN (0x4)
                0x20000068                __START_BSS = .
                0x20000068                __bss_start__ = .
 *(.bss)
 .bss           0x20000068       0x1c c:/progra~2/gnuarm~1/102020~1/bin/../lib/gcc/arm-none-eabi/10.2.1/thumb/v7e-m+fp/hard/crtbegin.o
 *(.bss*)
 .bss.g_xtal0Freq
                0x20000084        0x4 CMakeFiles/freertos_hello.elf.dir/C_/git/imx7ulp-exploration/SDK_2_9_0_EVK-MCIMX7ULP/devices/MCIMX7U5/drivers/fsl_clock.c.obj
                0x20000084                g_xtal0Freq
 .bss.g_xtal32Freq
                0x20000088        0x4 CMakeFiles/freertos_hello.elf.dir/C_/git/imx7ulp-exploration/SDK_2_9_0_EVK-MCIMX7ULP/devices/MCIMX7U5/drivers/fsl_clock.c.obj
                0x20000088                g_xtal32Freq
 .bss.ucHeap    0x2000008c     0x2800 CMakeFiles/freertos_hello.elf.dir/C_/git/imx7ulp-exploration/SDK_2_9_0_EVK-MCIMX7ULP/rtos/freertos/freertos_kernel/portable/MemMang/heap_4.c.obj
 .bss.xStart    0x2000288c        0x8 CMakeFiles/freertos_hello.elf.dir/C_/git/imx7ulp-exploration/SDK_2_9_0_EVK-MCIMX7ULP/rtos/freertos/freertos_kernel/portable/MemMang/heap_4.c.obj
 .bss.pxEnd     0x20002894        0x4 CMakeFiles/freertos_hello.elf.dir/C_/git/imx7ulp-exploration/SDK_2_9_0_EVK-MCIMX7ULP/rtos/freertos/freertos_kernel/portable/MemMang/heap_4.c.obj
 .bss.xFreeBytesRemaining
                0x20002898        0x4 CMakeFiles/freertos_hello.elf.dir/C_/git/imx7ulp-exploration/SDK_2_9_0_EVK-MCIMX7ULP/rtos/freertos/freertos_kernel/portable/MemMang/heap_4.c.obj
 .bss.xMinimumEverFreeBytesRemaining
                0x2000289c        0x4 CMakeFiles/freertos_hello.elf.dir/C_/git/imx7ulp-exploration/SDK_2_9_0_EVK-MCIMX7ULP/rtos/freertos/freertos_kernel/portable/MemMang/heap_4.c.obj
 .bss.xNumberOfSuccessfulAllocations
                0x200028a0        0x4 CMakeFiles/freertos_hello.elf.dir/C_/git/imx7ulp-exploration/SDK_2_9_0_EVK-MCIMX7ULP/rtos/freertos/freertos_kernel/portable/MemMang/heap_4.c.obj
 .bss.xNumberOfSuccessfulFrees
                0x200028a4        0x4 CMakeFiles/freertos_hello.elf.dir/C_/git/imx7ulp-exploration/SDK_2_9_0_EVK-MCIMX7ULP/rtos/freertos/freertos_kernel/portable/MemMang/heap_4.c.obj
 .bss.xBlockAllocatedBit
                0x200028a8        0x4 CMakeFiles/freertos_hello.elf.dir/C_/git/imx7ulp-exploration/SDK_2_9_0_EVK-MCIMX7ULP/rtos/freertos/freertos_kernel/portable/MemMang/heap_4.c.obj
 .bss.ucMaxSysCallPriority
                0x200028ac        0x1 CMakeFiles/freertos_hello.elf.dir/C_/git/imx7ulp-exploration/SDK_2_9_0_EVK-MCIMX7ULP/rtos/freertos/freertos_kernel/portable/GCC/ARM_CM4F/port.c.obj
 *fill*         0x200028ad        0x3 
 .bss.ulMaxPRIGROUPValue
                0x200028b0        0x4 CMakeFiles/freertos_hello.elf.dir/C_/git/imx7ulp-exploration/SDK_2_9_0_EVK-MCIMX7ULP/rtos/freertos/freertos_kernel/portable/GCC/ARM_CM4F/port.c.obj
 .bss.xQueueRegistry
                0x200028b4       0x40 CMakeFiles/freertos_hello.elf.dir/C_/git/imx7ulp-exploration/SDK_2_9_0_EVK-MCIMX7ULP/rtos/freertos/freertos_kernel/queue.c.obj
                0x200028b4                xQueueRegistry
 .bss.pxCurrentTCB
                0x200028f4        0x4 CMakeFiles/freertos_hello.elf.dir/C_/git/imx7ulp-exploration/SDK_2_9_0_EVK-MCIMX7ULP/rtos/freertos/freertos_kernel/tasks.c.obj
                0x200028f4                pxCurrentTCB
 .bss.pxReadyTasksLists
                0x200028f8       0x64 CMakeFiles/freertos_hello.elf.dir/C_/git/imx7ulp-exploration/SDK_2_9_0_EVK-MCIMX7ULP/rtos/freertos/freertos_kernel/tasks.c.obj
 .bss.xDelayedTaskList1
                0x2000295c       0x14 CMakeFiles/freertos_hello.elf.dir/C_/git/imx7ulp-exploration/SDK_2_9_0_EVK-MCIMX7ULP/rtos/freertos/freertos_kernel/tasks.c.obj
 .bss.xDelayedTaskList2
                0x20002970       0x14 CMakeFiles/freertos_hello.elf.dir/C_/git/imx7ulp-exploration/SDK_2_9_0_EVK-MCIMX7ULP/rtos/freertos/freertos_kernel/tasks.c.obj
 .bss.pxDelayedTaskList
                0x20002984        0x4 CMakeFiles/freertos_hello.elf.dir/C_/git/imx7ulp-exploration/SDK_2_9_0_EVK-MCIMX7ULP/rtos/freertos/freertos_kernel/tasks.c.obj
 .bss.pxOverflowDelayedTaskList
                0x20002988        0x4 CMakeFiles/freertos_hello.elf.dir/C_/git/imx7ulp-exploration/SDK_2_9_0_EVK-MCIMX7ULP/rtos/freertos/freertos_kernel/tasks.c.obj
 .bss.xPendingReadyList
                0x2000298c       0x14 CMakeFiles/freertos_hello.elf.dir/C_/git/imx7ulp-exploration/SDK_2_9_0_EVK-MCIMX7ULP/rtos/freertos/freertos_kernel/tasks.c.obj
 .bss.xTasksWaitingTermination
                0x200029a0       0x14 CMakeFiles/freertos_hello.elf.dir/C_/git/imx7ulp-exploration/SDK_2_9_0_EVK-MCIMX7ULP/rtos/freertos/freertos_kernel/tasks.c.obj
 .bss.uxDeletedTasksWaitingCleanUp
                0x200029b4        0x4 CMakeFiles/freertos_hello.elf.dir/C_/git/imx7ulp-exploration/SDK_2_9_0_EVK-MCIMX7ULP/rtos/freertos/freertos_kernel/tasks.c.obj
 .bss.xSuspendedTaskList
                0x200029b8       0x14 CMakeFiles/freertos_hello.elf.dir/C_/git/imx7ulp-exploration/SDK_2_9_0_EVK-MCIMX7ULP/rtos/freertos/freertos_kernel/tasks.c.obj
 .bss.uxCurrentNumberOfTasks
                0x200029cc        0x4 CMakeFiles/freertos_hello.elf.dir/C_/git/imx7ulp-exploration/SDK_2_9_0_EVK-MCIMX7ULP/rtos/freertos/freertos_kernel/tasks.c.obj
 .bss.xTickCount
                0x200029d0        0x4 CMakeFiles/freertos_hello.elf.dir/C_/git/imx7ulp-exploration/SDK_2_9_0_EVK-MCIMX7ULP/rtos/freertos/freertos_kernel/tasks.c.obj
 .bss.uxTopReadyPriority
                0x200029d4        0x4 CMakeFiles/freertos_hello.elf.dir/C_/git/imx7ulp-exploration/SDK_2_9_0_EVK-MCIMX7ULP/rtos/freertos/freertos_kernel/tasks.c.obj
 .bss.xSchedulerRunning
                0x200029d8        0x4 CMakeFiles/freertos_hello.elf.dir/C_/git/imx7ulp-exploration/SDK_2_9_0_EVK-MCIMX7ULP/rtos/freertos/freertos_kernel/tasks.c.obj
 .bss.xPendedTicks
                0x200029dc        0x4 CMakeFiles/freertos_hello.elf.dir/C_/git/imx7ulp-exploration/SDK_2_9_0_EVK-MCIMX7ULP/rtos/freertos/freertos_kernel/tasks.c.obj
 .bss.xYieldPending
                0x200029e0        0x4 CMakeFiles/freertos_hello.elf.dir/C_/git/imx7ulp-exploration/SDK_2_9_0_EVK-MCIMX7ULP/rtos/freertos/freertos_kernel/tasks.c.obj
 .bss.xNumOfOverflows
                0x200029e4        0x4 CMakeFiles/freertos_hello.elf.dir/C_/git/imx7ulp-exploration/SDK_2_9_0_EVK-MCIMX7ULP/rtos/freertos/freertos_kernel/tasks.c.obj
 .bss.uxTaskNumber
                0x200029e8        0x4 CMakeFiles/freertos_hello.elf.dir/C_/git/imx7ulp-exploration/SDK_2_9_0_EVK-MCIMX7ULP/rtos/freertos/freertos_kernel/tasks.c.obj
 .bss.xNextTaskUnblockTime
                0x200029ec        0x4 CMakeFiles/freertos_hello.elf.dir/C_/git/imx7ulp-exploration/SDK_2_9_0_EVK-MCIMX7ULP/rtos/freertos/freertos_kernel/tasks.c.obj
 .bss.xIdleTaskHandle
                0x200029f0        0x4 CMakeFiles/freertos_hello.elf.dir/C_/git/imx7ulp-exploration/SDK_2_9_0_EVK-MCIMX7ULP/rtos/freertos/freertos_kernel/tasks.c.obj
 .bss.uxSchedulerSuspended
                0x200029f4        0x4 CMakeFiles/freertos_hello.elf.dir/C_/git/imx7ulp-exploration/SDK_2_9_0_EVK-MCIMX7ULP/rtos/freertos/freertos_kernel/tasks.c.obj
 .bss.xActiveTimerList1
                0x200029f8       0x14 CMakeFiles/freertos_hello.elf.dir/C_/git/imx7ulp-exploration/SDK_2_9_0_EVK-MCIMX7ULP/rtos/freertos/freertos_kernel/timers.c.obj
 .bss.xActiveTimerList2
                0x20002a0c       0x14 CMakeFiles/freertos_hello.elf.dir/C_/git/imx7ulp-exploration/SDK_2_9_0_EVK-MCIMX7ULP/rtos/freertos/freertos_kernel/timers.c.obj
 .bss.pxCurrentTimerList
                0x20002a20        0x4 CMakeFiles/freertos_hello.elf.dir/C_/git/imx7ulp-exploration/SDK_2_9_0_EVK-MCIMX7ULP/rtos/freertos/freertos_kernel/timers.c.obj
 .bss.pxOverflowTimerList
                0x20002a24        0x4 CMakeFiles/freertos_hello.elf.dir/C_/git/imx7ulp-exploration/SDK_2_9_0_EVK-MCIMX7ULP/rtos/freertos/freertos_kernel/timers.c.obj
 .bss.xTimerQueue
                0x20002a28        0x4 CMakeFiles/freertos_hello.elf.dir/C_/git/imx7ulp-exploration/SDK_2_9_0_EVK-MCIMX7ULP/rtos/freertos/freertos_kernel/timers.c.obj
 .bss.xTimerTaskHandle
                0x20002a2c        0x4 CMakeFiles/freertos_hello.elf.dir/C_/git/imx7ulp-exploration/SDK_2_9_0_EVK-MCIMX7ULP/rtos/freertos/freertos_kernel/timers.c.obj
 .bss.xLastTime.0
                0x20002a30        0x4 CMakeFiles/freertos_hello.elf.dir/C_/git/imx7ulp-exploration/SDK_2_9_0_EVK-MCIMX7ULP/rtos/freertos/freertos_kernel/timers.c.obj
 .bss.s_debugConsoleReadWaitSemaphore
                0x20002a34        0x1 CMakeFiles/freertos_hello.elf.dir/C_/git/imx7ulp-exploration/SDK_2_9_0_EVK-MCIMX7ULP/devices/MCIMX7U5/utilities/debug_console/fsl_debug_console.c.obj
 *fill*         0x20002a35        0x3 
 .bss.s_debugConsoleState
                0x20002a38       0x20 CMakeFiles/freertos_hello.elf.dir/C_/git/imx7ulp-exploration/SDK_2_9_0_EVK-MCIMX7ULP/devices/MCIMX7U5/utilities/debug_console/fsl_debug_console.c.obj
 .bss.g_serialHandle
                0x20002a58        0x4 CMakeFiles/freertos_hello.elf.dir/C_/git/imx7ulp-exploration/SDK_2_9_0_EVK-MCIMX7ULP/devices/MCIMX7U5/utilities/debug_console/fsl_debug_console.c.obj
                0x20002a58                g_serialHandle
 .bss.s_lpuartHandle
                0x20002a5c       0x20 CMakeFiles/freertos_hello.elf.dir/C_/git/imx7ulp-exploration/SDK_2_9_0_EVK-MCIMX7ULP/devices/MCIMX7U5/drivers/fsl_lpuart.c.obj
 .bss.s_lpuartIsr
                0x20002a7c        0x4 CMakeFiles/freertos_hello.elf.dir/C_/git/imx7ulp-exploration/SDK_2_9_0_EVK-MCIMX7ULP/devices/MCIMX7U5/drivers/fsl_lpuart.c.obj
 *(COMMON)
                0x20002a80                . = ALIGN (0x4)
                0x20002a80                __bss_end__ = .
                0x20002a80                __END_BSS = .

.m4_suspend     0x1fff8000        0x0
 *(M4SuspendRam)
                0x1fff8000                . = ALIGN (0x4)

.heap           0x20002a80      0x400 load address 0x1ffdb6bc
                0x20002a80                . = ALIGN (0x8)
                0x20002a80                __end__ = .
                0x20002a80                PROVIDE (end = .)
                0x20002a80                __HeapBase = .
                0x20002e80                . = (. + HEAP_SIZE)
 *fill*         0x20002a80      0x400 
                0x20002e80                __HeapLimit = .
                0x20002e80                __heap_limit = .

.stack          0x20002e80      0x400 load address 0x1ffdbabc
                0x20002e80                . = ALIGN (0x8)
                0x20003280                . = (. + STACK_SIZE)
 *fill*         0x20002e80      0x400 
                0x20010000                __StackTop = (ORIGIN (m_data) + LENGTH (m_data))
                0x2000fc00                __StackLimit = (__StackTop - STACK_SIZE)
                0x20010000                PROVIDE (__stack = __StackTop)

.ARM.attributes
                0x00000000       0x30
 *(.ARM.attributes)
 .ARM.attributes
                0x00000000       0x1e c:/progra~2/gnuarm~1/102020~1/bin/../lib/gcc/arm-none-eabi/10.2.1/thumb/v7e-m+fp/hard/crti.o
 .ARM.attributes
                0x0000001e       0x34 c:/progra~2/gnuarm~1/102020~1/bin/../lib/gcc/arm-none-eabi/10.2.1/thumb/v7e-m+fp/hard/crtbegin.o
 .ARM.attributes
                0x00000052       0x1c c:/progra~2/gnuarm~1/102020~1/bin/../lib/gcc/arm-none-eabi/10.2.1/../../../../arm-none-eabi/lib/thumb/v7e-m+fp/hard/crt0.o
 .ARM.attributes
                0x0000006e       0x34 CMakeFiles/freertos_hello.elf.dir/C_/git/imx7ulp-exploration/src/freertos_hello.c.obj
 .ARM.attributes
                0x000000a2       0x34 CMakeFiles/freertos_hello.elf.dir/C_/git/imx7ulp-exploration/src/pin_mux.c.obj
 .ARM.attributes
                0x000000d6       0x34 CMakeFiles/freertos_hello.elf.dir/C_/git/imx7ulp-exploration/src/board.c.obj
 .ARM.attributes
                0x0000010a       0x34 CMakeFiles/freertos_hello.elf.dir/C_/git/imx7ulp-exploration/src/clock_config.c.obj
 .ARM.attributes
                0x0000013e       0x39 CMakeFiles/freertos_hello.elf.dir/C_/git/imx7ulp-exploration/src/empty_rsc_table.c.obj
 .ARM.attributes
                0x00000177       0x34 CMakeFiles/freertos_hello.elf.dir/C_/git/imx7ulp-exploration/SDK_2_9_0_EVK-MCIMX7ULP/devices/MCIMX7U5/drivers/fsl_clock.c.obj
 .ARM.attributes
                0x000001ab       0x34 CMakeFiles/freertos_hello.elf.dir/C_/git/imx7ulp-exploration/SDK_2_9_0_EVK-MCIMX7ULP/devices/MCIMX7U5/system_MCIMX7U5_cm4.c.obj
 .ARM.attributes
                0x000001df       0x34 CMakeFiles/freertos_hello.elf.dir/C_/git/imx7ulp-exploration/SDK_2_9_0_EVK-MCIMX7ULP/rtos/freertos/freertos_kernel/portable/MemMang/heap_4.c.obj
 .ARM.attributes
                0x00000213       0x34 CMakeFiles/freertos_hello.elf.dir/C_/git/imx7ulp-exploration/SDK_2_9_0_EVK-MCIMX7ULP/rtos/freertos/freertos_kernel/list.c.obj
 .ARM.attributes
                0x00000247       0x34 CMakeFiles/freertos_hello.elf.dir/C_/git/imx7ulp-exploration/SDK_2_9_0_EVK-MCIMX7ULP/rtos/freertos/freertos_kernel/portable/GCC/ARM_CM4F/port.c.obj
 .ARM.attributes
                0x0000027b       0x34 CMakeFiles/freertos_hello.elf.dir/C_/git/imx7ulp-exploration/SDK_2_9_0_EVK-MCIMX7ULP/rtos/freertos/freertos_kernel/queue.c.obj
 .ARM.attributes
                0x000002af       0x34 CMakeFiles/freertos_hello.elf.dir/C_/git/imx7ulp-exploration/SDK_2_9_0_EVK-MCIMX7ULP/rtos/freertos/freertos_kernel/tasks.c.obj
 .ARM.attributes
                0x000002e3       0x34 CMakeFiles/freertos_hello.elf.dir/C_/git/imx7ulp-exploration/SDK_2_9_0_EVK-MCIMX7ULP/rtos/freertos/freertos_kernel/timers.c.obj
 .ARM.attributes
                0x00000317       0x34 CMakeFiles/freertos_hello.elf.dir/C_/git/imx7ulp-exploration/SDK_2_9_0_EVK-MCIMX7ULP/devices/MCIMX7U5/utilities/str/fsl_str.c.obj
 .ARM.attributes
                0x0000034b       0x34 CMakeFiles/freertos_hello.elf.dir/C_/git/imx7ulp-exploration/SDK_2_9_0_EVK-MCIMX7ULP/devices/MCIMX7U5/utilities/debug_console/fsl_debug_console.c.obj
 .ARM.attributes
                0x0000037f       0x34 CMakeFiles/freertos_hello.elf.dir/C_/git/imx7ulp-exploration/SDK_2_9_0_EVK-MCIMX7ULP/components/serial_manager/fsl_component_serial_manager.c.obj
 .ARM.attributes
                0x000003b3       0x34 CMakeFiles/freertos_hello.elf.dir/C_/git/imx7ulp-exploration/SDK_2_9_0_EVK-MCIMX7ULP/components/serial_manager/fsl_component_serial_port_uart.c.obj
 .ARM.attributes
                0x000003e7       0x34 CMakeFiles/freertos_hello.elf.dir/C_/git/imx7ulp-exploration/SDK_2_9_0_EVK-MCIMX7ULP/devices/MCIMX7U5/drivers/fsl_lpuart.c.obj
 .ARM.attributes
                0x0000041b       0x34 CMakeFiles/freertos_hello.elf.dir/C_/git/imx7ulp-exploration/SDK_2_9_0_EVK-MCIMX7ULP/components/uart/fsl_adapter_lpuart.c.obj
 .ARM.attributes
                0x0000044f       0x1f CMakeFiles/freertos_hello.elf.dir/C_/git/imx7ulp-exploration/SDK_2_9_0_EVK-MCIMX7ULP/devices/MCIMX7U5/gcc/startup_MCIMX7U5_cm4.S.obj
 .ARM.attributes
                0x0000046e       0x34 CMakeFiles/freertos_hello.elf.dir/C_/git/imx7ulp-exploration/SDK_2_9_0_EVK-MCIMX7ULP/devices/MCIMX7U5/utilities/fsl_assert.c.obj
 .ARM.attributes
                0x000004a2       0x34 c:/progra~2/gnuarm~1/102020~1/bin/../lib/gcc/arm-none-eabi/10.2.1/../../../../arm-none-eabi/lib/thumb/v7e-m+fp/hard\libc_nano.a(lib_a-exit.o)
 .ARM.attributes
                0x000004d6       0x32 c:/progra~2/gnuarm~1/102020~1/bin/../lib/gcc/arm-none-eabi/10.2.1/../../../../arm-none-eabi/lib/thumb/v7e-m+fp/hard\libc_nano.a(lib_a-impure.o)
 .ARM.attributes
                0x00000508       0x34 c:/progra~2/gnuarm~1/102020~1/bin/../lib/gcc/arm-none-eabi/10.2.1/../../../../arm-none-eabi/lib/thumb/v7e-m+fp/hard\libc_nano.a(lib_a-init.o)
 .ARM.attributes
                0x0000053c       0x34 c:/progra~2/gnuarm~1/102020~1/bin/../lib/gcc/arm-none-eabi/10.2.1/../../../../arm-none-eabi/lib/thumb/v7e-m+fp/hard\libc_nano.a(lib_a-memcpy-stub.o)
 .ARM.attributes
                0x00000570       0x34 c:/progra~2/gnuarm~1/102020~1/bin/../lib/gcc/arm-none-eabi/10.2.1/../../../../arm-none-eabi/lib/thumb/v7e-m+fp/hard\libc_nano.a(lib_a-memset.o)
 .ARM.attributes
                0x000005a4       0x17 c:/progra~2/gnuarm~1/102020~1/bin/../lib/gcc/arm-none-eabi/10.2.1/../../../../arm-none-eabi/lib/thumb/v7e-m+fp/hard\libc_nano.a(lib_a-strlen.o)
 .ARM.attributes
                0x000005bb       0x1e c:/progra~2/gnuarm~1/102020~1/bin/../lib/gcc/arm-none-eabi/10.2.1/thumb/v7e-m+fp/hard\libgcc.a(_aeabi_uldivmod.o)
 .ARM.attributes
                0x000005d9       0x34 c:/progra~2/gnuarm~1/102020~1/bin/../lib/gcc/arm-none-eabi/10.2.1/thumb/v7e-m+fp/hard\libgcc.a(_udivmoddi4.o)
 .ARM.attributes
                0x0000060d       0x1e c:/progra~2/gnuarm~1/102020~1/bin/../lib/gcc/arm-none-eabi/10.2.1/thumb/v7e-m+fp/hard\libgcc.a(_dvmd_tls.o)
 .ARM.attributes
                0x0000062b       0x34 c:/progra~2/gnuarm~1/102020~1/bin/../lib/gcc/arm-none-eabi/10.2.1/../../../../arm-none-eabi/lib/thumb/v7e-m+fp/hard\libnosys.a(_exit.o)
 .ARM.attributes
                0x0000065f       0x1e c:/progra~2/gnuarm~1/102020~1/bin/../lib/gcc/arm-none-eabi/10.2.1/thumb/v7e-m+fp/hard/crtn.o
                0x00000001                ASSERT ((__StackLimit >= __HeapLimit), region m_data overflowed with stack and heap)
OUTPUT(debug\freertos_hello.elf elf32-littlearm)
LOAD linker stubs

.debug_info     0x00000000     0xeba4
 .debug_info    0x00000000       0xc4 CMakeFiles/freertos_hello.elf.dir/C_/git/imx7ulp-exploration/src/freertos_hello.c.obj
 .debug_info    0x000000c4      0x196 CMakeFiles/freertos_hello.elf.dir/C_/git/imx7ulp-exploration/src/pin_mux.c.obj
 .debug_info    0x0000025a      0x4a0 CMakeFiles/freertos_hello.elf.dir/C_/git/imx7ulp-exploration/src/board.c.obj
 .debug_info    0x000006fa     0x1b05 CMakeFiles/freertos_hello.elf.dir/C_/git/imx7ulp-exploration/src/clock_config.c.obj
 .debug_info    0x000021ff       0x9c CMakeFiles/freertos_hello.elf.dir/C_/git/imx7ulp-exploration/src/empty_rsc_table.c.obj
 .debug_info    0x0000229b     0x1e1f CMakeFiles/freertos_hello.elf.dir/C_/git/imx7ulp-exploration/SDK_2_9_0_EVK-MCIMX7ULP/devices/MCIMX7U5/drivers/fsl_clock.c.obj
 .debug_info    0x000040ba      0x7bf CMakeFiles/freertos_hello.elf.dir/C_/git/imx7ulp-exploration/SDK_2_9_0_EVK-MCIMX7ULP/devices/MCIMX7U5/system_MCIMX7U5_cm4.c.obj
 .debug_info    0x00004879      0x4b6 CMakeFiles/freertos_hello.elf.dir/C_/git/imx7ulp-exploration/SDK_2_9_0_EVK-MCIMX7ULP/rtos/freertos/freertos_kernel/portable/MemMang/heap_4.c.obj
 .debug_info    0x00004d2f      0x2ba CMakeFiles/freertos_hello.elf.dir/C_/git/imx7ulp-exploration/SDK_2_9_0_EVK-MCIMX7ULP/rtos/freertos/freertos_kernel/list.c.obj
 .debug_info    0x00004fe9      0x4ce CMakeFiles/freertos_hello.elf.dir/C_/git/imx7ulp-exploration/SDK_2_9_0_EVK-MCIMX7ULP/rtos/freertos/freertos_kernel/portable/GCC/ARM_CM4F/port.c.obj
 .debug_info    0x000054b7     0x168c CMakeFiles/freertos_hello.elf.dir/C_/git/imx7ulp-exploration/SDK_2_9_0_EVK-MCIMX7ULP/rtos/freertos/freertos_kernel/queue.c.obj
 .debug_info    0x00006b43     0x2081 CMakeFiles/freertos_hello.elf.dir/C_/git/imx7ulp-exploration/SDK_2_9_0_EVK-MCIMX7ULP/rtos/freertos/freertos_kernel/tasks.c.obj
 .debug_info    0x00008bc4      0xe67 CMakeFiles/freertos_hello.elf.dir/C_/git/imx7ulp-exploration/SDK_2_9_0_EVK-MCIMX7ULP/rtos/freertos/freertos_kernel/timers.c.obj
 .debug_info    0x00009a2b      0xac3 CMakeFiles/freertos_hello.elf.dir/C_/git/imx7ulp-exploration/SDK_2_9_0_EVK-MCIMX7ULP/devices/MCIMX7U5/utilities/str/fsl_str.c.obj
 .debug_info    0x0000a4ee      0xb46 CMakeFiles/freertos_hello.elf.dir/C_/git/imx7ulp-exploration/SDK_2_9_0_EVK-MCIMX7ULP/devices/MCIMX7U5/utilities/debug_console/fsl_debug_console.c.obj
 .debug_info    0x0000b034      0x8eb CMakeFiles/freertos_hello.elf.dir/C_/git/imx7ulp-exploration/SDK_2_9_0_EVK-MCIMX7ULP/components/serial_manager/fsl_component_serial_manager.c.obj
 .debug_info    0x0000b91f      0x475 CMakeFiles/freertos_hello.elf.dir/C_/git/imx7ulp-exploration/SDK_2_9_0_EVK-MCIMX7ULP/components/serial_manager/fsl_component_serial_port_uart.c.obj
 .debug_info    0x0000bd94     0x2210 CMakeFiles/freertos_hello.elf.dir/C_/git/imx7ulp-exploration/SDK_2_9_0_EVK-MCIMX7ULP/devices/MCIMX7U5/drivers/fsl_lpuart.c.obj
 .debug_info    0x0000dfa4      0xb06 CMakeFiles/freertos_hello.elf.dir/C_/git/imx7ulp-exploration/SDK_2_9_0_EVK-MCIMX7ULP/components/uart/fsl_adapter_lpuart.c.obj
 .debug_info    0x0000eaaa       0x26 CMakeFiles/freertos_hello.elf.dir/C_/git/imx7ulp-exploration/SDK_2_9_0_EVK-MCIMX7ULP/devices/MCIMX7U5/gcc/startup_MCIMX7U5_cm4.S.obj
 .debug_info    0x0000ead0       0xd4 CMakeFiles/freertos_hello.elf.dir/C_/git/imx7ulp-exploration/SDK_2_9_0_EVK-MCIMX7ULP/devices/MCIMX7U5/utilities/fsl_assert.c.obj

.debug_abbrev   0x00000000     0x2387
 .debug_abbrev  0x00000000       0x87 CMakeFiles/freertos_hello.elf.dir/C_/git/imx7ulp-exploration/src/freertos_hello.c.obj
 .debug_abbrev  0x00000087       0x96 CMakeFiles/freertos_hello.elf.dir/C_/git/imx7ulp-exploration/src/pin_mux.c.obj
 .debug_abbrev  0x0000011d      0x10f CMakeFiles/freertos_hello.elf.dir/C_/git/imx7ulp-exploration/src/board.c.obj
 .debug_abbrev  0x0000022c      0x2e9 CMakeFiles/freertos_hello.elf.dir/C_/git/imx7ulp-exploration/src/clock_config.c.obj
 .debug_abbrev  0x00000515       0x61 CMakeFiles/freertos_hello.elf.dir/C_/git/imx7ulp-exploration/src/empty_rsc_table.c.obj
 .debug_abbrev  0x00000576      0x298 CMakeFiles/freertos_hello.elf.dir/C_/git/imx7ulp-exploration/SDK_2_9_0_EVK-MCIMX7ULP/devices/MCIMX7U5/drivers/fsl_clock.c.obj
 .debug_abbrev  0x0000080e      0x15d CMakeFiles/freertos_hello.elf.dir/C_/git/imx7ulp-exploration/SDK_2_9_0_EVK-MCIMX7ULP/devices/MCIMX7U5/system_MCIMX7U5_cm4.c.obj
 .debug_abbrev  0x0000096b      0x1d4 CMakeFiles/freertos_hello.elf.dir/C_/git/imx7ulp-exploration/SDK_2_9_0_EVK-MCIMX7ULP/rtos/freertos/freertos_kernel/portable/MemMang/heap_4.c.obj
 .debug_abbrev  0x00000b3f       0xef CMakeFiles/freertos_hello.elf.dir/C_/git/imx7ulp-exploration/SDK_2_9_0_EVK-MCIMX7ULP/rtos/freertos/freertos_kernel/list.c.obj
 .debug_abbrev  0x00000c2e      0x22e CMakeFiles/freertos_hello.elf.dir/C_/git/imx7ulp-exploration/SDK_2_9_0_EVK-MCIMX7ULP/rtos/freertos/freertos_kernel/portable/GCC/ARM_CM4F/port.c.obj
 .debug_abbrev  0x00000e5c      0x2a4 CMakeFiles/freertos_hello.elf.dir/C_/git/imx7ulp-exploration/SDK_2_9_0_EVK-MCIMX7ULP/rtos/freertos/freertos_kernel/queue.c.obj
 .debug_abbrev  0x00001100      0x310 CMakeFiles/freertos_hello.elf.dir/C_/git/imx7ulp-exploration/SDK_2_9_0_EVK-MCIMX7ULP/rtos/freertos/freertos_kernel/tasks.c.obj